******************************************************************************
               TMS320C6x Linker Unix v7.3.4                    
******************************************************************************
>> Linked Wed Aug 23 13:41:36 2017

OUTPUT FILE NAME:   <bin/debug/server_dsp.xe674>
ENTRY POINT SYMBOL: "ti_sysbios_family_c64p_Hwi0"  address: 8f028000


MEMORY CONFIGURATION

         name            origin    length      used     unused   attr    fill
----------------------  --------  ---------  --------  --------  ----  --------
  OCMC_0                40300000   00040000  00000000  00040000  RW X
  OCMC_1                40400000   00040000  00000000  00040000  RW X
  SR_0                  8e000000   00010000  00010000  00000000  RW X
  DSP_PROG              8f000000   01000000  0002802e  00fd7fd2  RW X


SEGMENT ALLOCATION MAP

run origin  load origin   length   init length attrs members
----------  ----------- ---------- ----------- ----- -------
8f000000    8f000000    0001b0a0   0001b0a0    r-x
  8f000000    8f000000    0001b0a0   0001b0a0    r-x .text
8f01b0a0    8f01b0a0    000068f4   00000000    rw-
  8f01b0a0    8f01b0a0    000068f4   00000000    rw- .far
8f021998    8f021998    00003eaa   00003eaa    r--
  8f021998    8f021998    00003eaa   00003eaa    r-- .const
8f025848    8f025848    0000141c   0000141c    rw-
  8f025848    8f025848    0000141c   0000141c    rw- .fardata
8f026c68    8f026c68    00001120   00000000    rw-
  8f026c68    8f026c68    00001000   00000000    rw- .stack
  8f027c68    8f027c68    00000120   00000000    rw- .cio
8f027d88    8f027d88    00000064   00000064    rw-
  8f027d88    8f027d88    00000064   00000064    rw- .args
8f027dec    8f027dec    00000010   00000010    r--
  8f027dec    8f027dec    00000010   00000010    r-- .switch
8f027dfc    8f027dfc    0000000c   0000000c    rw-
  8f027dfc    8f027dfc    0000000c   0000000c    rw- .neardata
8f028000    8f028000    00000200   00000200    r-x
  8f028000    8f028000    00000200   00000200    r-x .vecs
8f028400    8f028400    00000034   00000034    r--
  8f028400    8f028400    00000034   00000034    r-- ti_sdo_ipc_init


SECTION ALLOCATION MAP

 output                                  attributes/
section   page    origin      length       input sections
--------  ----  ----------  ----------   ----------------
.cinit     0    8f000000    00000000     UNINITIALIZED

.init_array 
*          0    8f000000    00000000     UNINITIALIZED

ti.sdo.ipc.SharedRegion_0 
*          0    8e000000    00010000     NOLOAD SECTION
                  8e000000    00010000     --HOLE--

xdc.meta   0    8f000000    00000130     COPY SECTION
                  8f000000    00000130     Dsp_pe674.oe674 (xdc.meta)

.text      0    8f000000    0001b0a0     
                  8f000000    00000ae0     ipc.lib : Ipc.obj (.text:ti_sdo_ipc_GateMP_Instance_init__F)
                  8f000ae0    000009a0     ti.targets.rts6000.ae674 : System.oe674 (.text:xdc_runtime_System_doPrint__I)
                  8f001480    000007c0     ipc.lib : Ipc.obj (.text:Ipc_attach)
                  8f001c40    00000780     sysbios.lib : BIOS.obj (.text:ti_sysbios_family_c64p_Exception_handler__I)
                  8f0023c0    00000760     ipc.lib : Ipc.obj (.text:Ipc_detach)
                  8f002b20    000006e0             : Ipc.obj (.text:ti_sdo_ipc_transports_TransportShm_Instance_init__F)
                  8f003200    000006c0     main_dsp.oe674 (.text)
                  8f0038c0    000004a0     ipc.lib : Ipc.obj (.text:ti_sdo_ipc_heaps_HeapMemMP_Instance_init__F)
                  8f003d60    00000460             : Ipc.obj (.text:ti_sdo_ipc_GateMP_setRegion0Reserved__F)
                  8f0041c0    00000460             : Ipc.obj (.text:ti_sdo_ipc_ListMP_Instance_init__F)
                  8f004620    00000420             : Ipc.obj (.text:ti_sdo_ipc_nsremote_NameServerRemoteNotify_get__F)
                  8f004a40    000003e0             : Ipc.obj (.text:ti_sdo_ipc_GateMP_Instance_finalize__F)
                  8f004e20    000003e0             : Ipc.obj (.text:ti_sdo_ipc_heaps_HeapMemMP_alloc__E)
                  8f005200    000003a0             : Ipc.obj (.text:NameServer_add)
                  8f0055a0    00000380             : Ipc.obj (.text:ti_sdo_ipc_heaps_HeapMemMP_free__E)
                  8f005920    00000380     ti.targets.rts6000.ae674 : Diags.oe674 (.text:xdc_runtime_Diags_setMask__F)
                  8f005ca0    00000300     Server.oe674 (.text)
                  8f005fa0    00000300     sysbios.lib : BIOS.obj (.text:deviceConfig$46)
                  8f0062a0    000002c0     ipc.lib : Ipc.obj (.text:ti_sdo_ipc_nsremote_NameServerRemoteNotify_Instance_init__F)
                  8f006560    000002a0             : Ipc.obj (.text:ti_sdo_ipc_Ipc_procSyncStart__I)
                  8f006800    000002a0             : Ipc.obj (.text:ti_sdo_ipc_transports_TransportShm_Instance_finalize__F)
                  8f006aa0    000002a0     sysbios.lib : BIOS.obj (.text:ti_sysbios_timers_dmtimer_Timer_checkFreq__I)
                  8f006d40    00000280     ipc.lib : Ipc.obj (.text:ListMP_getHead)
                  8f006fc0    00000280             : Ipc.obj (.text:ti_sdo_ipc_gates_GatePeterson_Instance_init__F)
                  8f007240    00000280     ti.targets.rts6000.ae674 : Core-mem.oe674 (.text:xdc_runtime_Core_createObject__I)
                  8f0074c0    00000280                              : Error.oe674 (.text:xdc_runtime_Error_raiseX__F)
                  8f007740    00000280     Dsp_pe674.oe674 (.text:xdc_runtime_System_printfExtend__I)
                  8f0079c0    00000260     ipc.lib : Ipc.obj (.text:GateMP_openByAddr)
                  8f007c20    00000260             : Ipc.obj (.text:Ipc_start)
                  8f007e80    00000260             : Ipc.obj (.text:ListMP_remove)
                  8f0080e0    00000260     rts6740_elf.lib : imath64.obj (.text:__c6xabi_divull)
                  8f008340    00000260     sysbios.lib : BIOS.obj (.text:ti_sysbios_timers_dmtimer_Timer_setPeriodMicroSecs__E)
                  8f0085a0    00000260     ti.targets.rts6000.ae674 : Startup.oe674 (.text:xdc_runtime_Startup_startMods__I)
                  8f008800    00000240     ipc.lib : Ipc.obj (.text:ListMP_putTail)
                  8f008a40    00000240             : Ipc.obj (.text:ti_sdo_ipc_heaps_HeapMemMP_getStats__E)
                  8f008c80    00000240             : Ipc.obj (.text:ti_sdo_ipc_nsremote_NameServerRemoteNotify_swiFxn__I)
                  8f008ec0    00000240     sysbios.lib : BIOS.obj (.text:ti_sysbios_family_c64p_Exception_internalHandler__I)
                  8f009100    00000240                 : BIOS.obj (.text:ti_sysbios_knl_Semaphore_pend__E)
                  8f009340    00000240     ti.targets.rts6000.ae674 : LoggerBuf.oe674 (.text:xdc_runtime_LoggerBuf_write8__F)
                  8f009580    00000220     sysbios.lib : BIOS.obj (.text:ti_sysbios_knl_Task_exit__E)
                  8f0097a0    00000200                 : c64p_Hwi_disp_always.obj (.text:_ti_sysbios_family_c64p_Hwi_dispatchAlways)
                  8f0099a0    00000200     ipc.lib : Ipc.obj (.text:ti_sdo_ipc_Ipc_procSyncFinish__I)
                  8f009ba0    00000200             : Ipc.obj (.text:ti_sdo_ipc_notifyDrivers_NotifyDriverShm_sendEvent__E)
                  8f009da0    00000200     sysbios.lib : BIOS.obj (.text:ti_sysbios_family_c64p_Hwi_reconfig__E)
                  8f009fa0    00000200                 : BIOS.obj (.text:ti_sysbios_gates_GateMutexPri_enter__E)
                  8f00a1a0    00000200                 : BIOS.obj (.text:ti_sysbios_knl_Task_Instance_finalize__F)
                  8f00a3a0    000001e0     ipc.lib : Ipc.obj (.text:ListMP_openByAddr)
                  8f00a580    000001e0             : Ipc.obj (.text:ti_sdo_ipc_notifyDrivers_NotifyDriverShm_Instance_init__F)
                  8f00a760    000001e0     sysbios.lib : BIOS.obj (.text:ti_sysbios_knl_Task_postInit__I)
                  8f00a940    000001c0                 : BIOS.obj (.text:block$55)
                  8f00ab00    000001c0     ipc.lib : Ipc.obj (.text:ti_sdo_ipc_GateMP_getFreeResource__I)
                  8f00acc0    000001c0             : Ipc.obj (.text:ti_sdo_ipc_family_ti81xx_NotifySetup_attach__E)
                  8f00ae80    000001c0     sysbios.lib : BIOS.obj (.text:ti_sysbios_knl_Task_Instance_init__F)
                  8f00b040    000001c0                 : BIOS.obj (.text:ti_sysbios_knl_Task_checkStacks__E)
                  8f00b200    000001a0     ipc.lib : Ipc.obj (.text:GateMP_sharedMemReq)
                  8f00b3a0    000001a0             : Ipc.obj (.text:Ipc_writeConfig)
                  8f00b540    000001a0             : Ipc.obj (.text:ti_sdo_ipc_heaps_HeapMemMP_postInit__I)
                  8f00b6e0    000001a0             : Ipc.obj (.text:ti_sdo_ipc_notifyDrivers_NotifyDriverShm_isr__I)
                  8f00b880    000001a0             : Ipc.obj (.text:ti_sdo_ipc_notifyDrivers_NotifyDriverShm_registerEvent__E)
                  8f00ba20    000001a0     ti.targets.rts6000.ae674 : LoggerBuf.oe674 (.text:xdc_runtime_LoggerBuf_write4__F)
                  8f00bbc0    00000180     ipc.lib : Ipc.obj (.text:NameServer_getHandle)
                  8f00bd40    00000180     sysbios.lib : c64p_Exception_asm.obj (.text)
                  8f00bec0    00000180     ipc.lib : Ipc.obj (.text:ti_sdo_ipc_family_ti81xx_InterruptDsp_intRegister__E)
                  8f00c040    00000180             : Ipc.obj (.text:ti_sdo_ipc_family_ti81xx_InterruptDsp_intUnregister__E)
                  8f00c1c0    00000180             : Ipc.obj (.text:ti_sdo_ipc_gates_GatePeterson_enter__E)
                  8f00c340    00000180             : Ipc.obj (.text:ti_sdo_ipc_notifyDrivers_NotifyDriverShm_unregisterEvent__E)
                  8f00c4c0    00000180     sysbios.lib : BIOS.obj (.text:ti_sysbios_heaps_HeapMem_alloc__E)
                  8f00c640    00000180                 : BIOS.obj (.text:ti_sysbios_knl_Swi_schedule__I)
                  8f00c7c0    00000180                 : BIOS.obj (.text:ti_sysbios_knl_Task_schedule__I)
                  8f00c940    00000180                 : BIOS.obj (.text:ti_sysbios_knl_Task_setPri__E)
                  8f00cac0    00000180     ti.targets.rts6000.ae674 : Text.oe674 (.text:xdc_runtime_Text_putSite__F)
                  8f00cc40    00000160     ipc.lib : Ipc.obj (.text:ti_sdo_ipc_GateMP_openRegion0Reserved__F)
                  8f00cda0    00000160             : Ipc.obj (.text:ti_sdo_ipc_Notify_Instance_init__F)
                  8f00cf00    00000160             : Ipc.obj (.text:ti_sdo_ipc_gates_GateHWSpinlock_Module_startup__F)
                  8f00d060    00000160             : Ipc.obj (.text:ti_sdo_ipc_heaps_HeapMemMP_Instance_finalize__F)
                  8f00d1c0    00000160             : Ipc.obj (.text:ti_sdo_utils_NameServer_removeLocal__I)
                  8f00d320    00000160     sysbios.lib : BIOS.obj (.text:ti_sysbios_family_c64p_Hwi_dispatchC__I)
                  8f00d480    00000160                 : BIOS.obj (.text:ti_sysbios_heaps_HeapMem_free__E)
                  8f00d5e0    00000160                 : BIOS.obj (.text:ti_sysbios_knl_Task_startup__E)
                  8f00d740    00000160                 : BIOS.obj (.text:ti_sysbios_timers_dmtimer_Timer_start__E)
                  8f00d8a0    00000140     ipc.lib : Ipc.obj (.text:HeapMemMP_openByAddr)
                  8f00d9e0    00000140     boot.ae674 : autoinit.oe674 (.text:_auto_init_elf)
                  8f00db20    00000140     ipc.lib : Ipc.obj (.text:ti_sdo_ipc_ListMP_Instance_finalize__F)
                  8f00dc60    00000140             : Ipc.obj (.text:ti_sdo_ipc_SharedRegion_start__F)
                  8f00dda0    00000140             : Ipc.obj (.text:ti_sdo_ipc_family_ti81xx_InterruptDsp_intShmStub__I)
                  8f00dee0    00000140             : Ipc.obj (.text:ti_sdo_ipc_notifyDrivers_NotifyDriverShm_disableEvent__E)
                  8f00e020    00000140             : Ipc.obj (.text:ti_sdo_ipc_transports_TransportShm_openByAddr__F)
                  8f00e160    00000140             : Ipc.obj (.text:ti_sdo_ipc_transports_TransportShm_put__E)
                  8f00e2a0    00000140     sysbios.lib : BIOS.obj (.text:ti_sysbios_family_c64p_Hwi_Module_startup__F)
                  8f00e3e0    00000140                 : BIOS.obj (.text:ti_sysbios_knl_Task_Module_startup__F)
                  8f00e520    00000140                 : BIOS.obj (.text:ti_sysbios_knl_Task_sleep__E)
                  8f00e660    00000120     ipc.lib : Ipc.obj (.text:HeapMemMP_sharedMemReq)
                  8f00e780    00000120             : Ipc.obj (.text:MessageQ_put)
                  8f00e8a0    00000120     sysbios.lib : BIOS.obj (.text:initDevice$46)
                  8f00e9c0    00000120     ipc.lib : Ipc.obj (.text:ti_sdo_ipc_MessageQ_Module_startup__F)
                  8f00eae0    00000120     Dsp_pe674.oe674 (.text:ti_sdo_ipc_Notify_Object__create__S)
                  8f00ec00    00000120     Dsp_pe674.oe674 (.text:ti_sdo_ipc_gates_GatePeterson_Object__create__S)
                  8f00ed20    00000120     Dsp_pe674.oe674 (.text:ti_sdo_ipc_nsremote_NameServerRemoteNotify_Object__create__S)
                  8f00ee40    00000120     Dsp_pe674.oe674 (.text:ti_sdo_ipc_transports_TransportShm_Object__create__S)
                  8f00ef60    00000120     sysbios.lib : BIOS.obj (.text:ti_sysbios_family_c64p_Cache_Module_startup__F)
                  8f00f080    00000120     Dsp_pe674.oe674 (.text:ti_sysbios_family_c64p_Hwi_Object__create__S)
                  8f00f1a0    00000120     sysbios.lib : BIOS.obj (.text:ti_sysbios_knl_Clock_workFunc__E)
                  8f00f2c0    00000120     Dsp_pe674.oe674 (.text:ti_sysbios_knl_Swi_Object__create__S)
                  8f00f3e0    00000120     Dsp_pe674.oe674 (.text:ti_sysbios_knl_Task_Object__create__S)
                  8f00f500    00000120     sysbios.lib : BIOS.obj (.text:ti_sysbios_timers_dmtimer_Timer_Module_startup__F)
                  8f00f620    00000120     ti.targets.rts6000.ae674 : LoggerBuf.oe674 (.text:xdc_runtime_LoggerBuf_setFilterLevel__F)
                  8f00f740    00000120                              : Text.oe674 (.text:xdc_runtime_Text_putLab__F)
                  8f00f860    00000100     ipc.lib : Ipc.obj (.text:ListMP_sharedMemReq)
                  8f00f960    00000100             : Ipc.obj (.text:Notify_registerEventSingle)
                  8f00fa60    00000100             : Ipc.obj (.text:Notify_sendEvent)
                  8f00fb60    00000100             : Ipc.obj (.text:Notify_unregisterEventSingle)
                  8f00fc60    00000100     Dsp_pe674.oe674 (.text:ti_sdo_ipc_GateMP_Object__create__S)
                  8f00fd60    00000100     ipc.lib : Ipc.obj (.text:ti_sdo_ipc_GateMP_start__F)
                  8f00fe60    00000100     Dsp_pe674.oe674 (.text:ti_sdo_ipc_ListMP_Object__create__S)
                  8f00ff60    00000100     ipc.lib : Ipc.obj (.text:ti_sdo_ipc_Notify_Instance_finalize__F)
                  8f010060    00000100             : Ipc.obj (.text:ti_sdo_ipc_SharedRegion_attach__F)
                  8f010160    00000100             : Ipc.obj (.text:ti_sdo_ipc_SharedRegion_clearReservedMemory__F)
                  8f010260    00000100     Dsp_pe674.oe674 (.text:ti_sdo_ipc_heaps_HeapMemMP_Object__create__S)
                  8f010360    00000100     Dsp_pe674.oe674 (.text:ti_sdo_ipc_notifyDrivers_NotifyDriverShm_Object__create__S)
                  8f010460    00000100     ipc.lib : Ipc.obj (.text:ti_sdo_ipc_nsremote_NameServerRemoteNotify_Instance_finalize__F)
                  8f010560    00000100             : Ipc.obj (.text:ti_sdo_ipc_transports_TransportShmSetup_attach__E)
                  8f010660    00000100             : Ipc.obj (.text:ti_sdo_ipc_transports_TransportShm_sharedMemReq__F)
                  8f010760    00000100             : Ipc.obj (.text:ti_sdo_utils_NameServer_findLocal__I)
                  8f010860    00000100     sysbios.lib : BIOS.obj (.text:ti_sysbios_gates_GateMutexPri_leave__E)
                  8f010960    00000100                 : BIOS.obj (.text:ti_sysbios_knl_Clock_startI__E)
                  8f010a60    00000100                 : BIOS.obj (.text:ti_sysbios_knl_Swi_restoreHwi__E)
                  8f010b60    00000100     ti.targets.rts6000.ae674 : Core-mem.oe674 (.text:xdc_runtime_Core_deleteObject__I)
                  8f010c60    00000100     Dsp_pe674.oe674 (.text:xdc_runtime_LoggerBuf_Object__create__S)
                  8f010d60    00000100     ti.targets.rts6000.ae674 : LoggerBuf.oe674 (.text:xdc_runtime_LoggerBuf_getFilterLevel__F)
                  8f010e60    00000100     Dsp_pe674.oe674 (.text:xdc_runtime_Registry_findByNamePattern__E)
                  8f010f60    00000100     ti.targets.rts6000.ae674 : Startup.oe674 (.text:xdc_runtime_Startup_exec__F)
                  8f011060    00000100                              : Text.oe674 (.text:xdc_runtime_Text_putMod__F)
                  8f011160    00000100                              : Text.oe674 (.text:xdc_runtime_Text_visitRope2__I)
                  8f011260    00000100     Dsp_pe674.oe674 (.text:xdc_runtime_knl_GateThread_Object__create__S)
                  8f011360    000000e0     ipc.lib : Ipc.obj (.text:NameServer_getLocal)
                  8f011440    000000e0     rts6740_elf.lib : exit.obj (.text:exit)
                  8f011520    000000e0                     : memset.obj (.text:memset)
                  8f011600    000000e0     ipc.lib : Ipc.obj (.text:ti_sdo_ipc_Ipc_getMasterAddr__I)
                  8f0116e0    000000e0             : Ipc.obj (.text:ti_sdo_ipc_Ipc_getSlaveAddr__I)
                  8f0117c0    000000e0             : Ipc.obj (.text:ti_sdo_ipc_Notify_detach__F)
                  8f0118a0    000000e0             : Ipc.obj (.text:ti_sdo_ipc_SharedRegion_reserveMemory__F)
                  8f011980    000000e0             : Ipc.obj (.text:ti_sdo_ipc_family_ti81xx_NotifySetup_sharedMemReq__E)
                  8f011a60    000000e0             : Ipc.obj (.text:ti_sdo_ipc_gates_GateHWSpinlock_enter__E)
                  8f011b40    000000e0             : Ipc.obj (.text:ti_sdo_utils_NameServer_Module_startup__F)
                  8f011c20    000000e0     sysbios.lib : BIOS.obj (.text:ti_sysbios_family_c64p_Hwi_Instance_finalize__F)
                  8f011d00    000000e0                 : BIOS.obj (.text:ti_sysbios_family_c64p_Hwi_Instance_init__F)
                  8f011de0    000000e0                 : BIOS.obj (.text:ti_sysbios_knl_Task_unblockI__E)
                  8f011ec0    000000e0                 : BIOS.obj (.text:ti_sysbios_timers_dmtimer_Timer_setNextTick__E)
                  8f011fa0    000000e0                 : BIOS.obj (.text:ti_sysbios_timers_dmtimer_Timer_startup__E)
                  8f012080    000000e0     ti.targets.rts6000.ae674 : Error.oe674 (.text:xdc_runtime_Error_print__F)
                  8f012160    000000e0                              : Memory.oe674 (.text:xdc_runtime_Memory_alloc__F)
                  8f012240    000000e0     Dsp_pe674.oe674 (.text:xdc_runtime_Registry_addModule__E)
                  8f012320    000000e0     Dsp_pe674.oe674 (.text:xdc_runtime_Registry_findById__E)
                  8f012400    000000c0     rts6740_elf.lib : trgdrv.obj (.text:HOSTwrite)
                  8f0124c0    000000c0     ipc.lib : Ipc.obj (.text:HeapMemMP_create)
                  8f012580    000000c0             : Ipc.obj (.text:ListMP_create)
                  8f012640    000000c0             : Ipc.obj (.text:MultiProc_getId)
                  8f012700    000000c0             : Ipc.obj (.text:SharedRegion_getId)
                  8f0127c0    000000c0     rts6740_elf.lib : dtor_list.obj (.text:__cxa_finalize)
                  8f012880    000000c0                     : divu.obj (.text:__divu)
                  8f012940    000000c0     ipc.lib : Ipc.obj (.text:ti_sdo_ipc_GateMP_attach__F)
                  8f012a00    000000c0             : Ipc.obj (.text:ti_sdo_ipc_family_ti81xx_InterruptDsp_intSend__E)
                  8f012ac0    000000c0             : Ipc.obj (.text:ti_sdo_ipc_nsremote_NameServerRemoteNotify_attach__E)
                  8f012b80    000000c0             : Ipc.obj (.text:ti_sdo_utils_NameServer_postInit__I)
                  8f012c40    000000c0     sysbios.lib : BIOS.obj (.text:ti_sysbios_BIOS_errorRaiseHook__I)
                  8f012d00    000000c0                 : BIOS.obj (.text:ti_sysbios_heaps_HeapMem_getStats__E)
                  8f012dc0    000000c0                 : BIOS.obj (.text:ti_sysbios_knl_Semaphore_post__E)
                  8f012e80    000000c0                 : BIOS.obj (.text:ti_sysbios_knl_Swi_run__I)
                  8f012f40    000000c0                 : BIOS.obj (.text:ti_sysbios_timers_dmtimer_Timer_getExpiredCounts__E)
                  8f013000    000000c0                 : BIOS.obj (.text:ti_sysbios_timers_dmtimer_Timer_stop__E)
                  8f0130c0    000000c0     ti.targets.rts6000.ae674 : LoggerBuf.oe674 (.text:xdc_runtime_LoggerBuf_Instance_init__F)
                  8f013180    000000c0                              : System.oe674 (.text:xdc_runtime_System_formatNum__I)
                  8f013240    000000c0                              : Text.oe674 (.text:xdc_runtime_Text_matchVisFxn__I)
                  8f013300    000000a0     ipc.lib : Ipc.obj (.text:SharedRegion_getPtr)
                  8f0133a0    000000a0             : Ipc.obj (.text:SharedRegion_getSRPtr)
                  8f013440    000000a0     rts6740_elf.lib : remu.obj (.text:__remu)
                  8f0134e0    000000a0     boot.ae674 : boot.oe674 (.text:_c_int00)
                  8f013580    000000a0     sysbios.lib : c64p_Hwi_asm.obj (.text:_ti_sysbios_family_c64p_Hwi_plug__E)
                  8f013620    000000a0     Dsp_pe674.oe674 (.text:malloc)
                  8f0136c0    000000a0     rts6740_elf.lib : memcpy64.obj (.text:memcpy)
                  8f013760    000000a0     ipc.lib : Ipc.obj (.text:ti_sdo_ipc_GateMP_getRegion0ReservedSize__F)
                  8f013800    000000a0             : Ipc.obj (.text:ti_sdo_ipc_ListMP_elemClear__I)
                  8f0138a0    000000a0             : Ipc.obj (.text:ti_sdo_ipc_family_ti81xx_InterruptDsp_intClear__E)
                  8f013940    000000a0             : Ipc.obj (.text:ti_sdo_ipc_family_ti81xx_InterruptDsp_intDisable__E)
                  8f0139e0    000000a0             : Ipc.obj (.text:ti_sdo_ipc_family_ti81xx_InterruptDsp_intEnable__E)
                  8f013a80    000000a0     Dsp_pe674.oe674 (.text:ti_sdo_ipc_gates_GateHWSpinlock_Object__create__S)
                  8f013b20    000000a0     Dsp_pe674.oe674 (.text:ti_sdo_ipc_gates_GateMPSupportNull_Object__create__S)
                  8f013bc0    000000a0     ipc.lib : Ipc.obj (.text:ti_sdo_ipc_gates_GatePeterson_leave__E)
                  8f013c60    000000a0             : Ipc.obj (.text:ti_sdo_ipc_gates_GatePeterson_postInit__I)
                  8f013d00    000000a0             : Ipc.obj (.text:ti_sdo_ipc_gates_GatePeterson_sharedMemReq__E)
                  8f013da0    000000a0             : Ipc.obj (.text:ti_sdo_ipc_transports_TransportShmSetup_detach__E)
                  8f013e40    000000a0     sysbios.lib : BIOS.obj (.text:ti_sysbios_heaps_HeapMem_init__I)
                  8f013ee0    000000a0                 : BIOS.obj (.text:ti_sysbios_knl_Clock_Instance_init__F)
                  8f013f80    000000a0     Dsp_pe674.oe674 (.text:ti_sysbios_knl_Clock_Object__create__S)
                  8f014020    000000a0     Dsp_pe674.oe674 (.text:ti_sysbios_knl_Clock_doTick__I)
                  8f0140c0    000000a0     Dsp_pe674.oe674 (.text:ti_sysbios_knl_Semaphore_Object__create__S)
                  8f014160    000000a0     sysbios.lib : BIOS.obj (.text:ti_sysbios_knl_Swi_Instance_init__F)
                  8f014200    000000a0                 : BIOS.obj (.text:ti_sysbios_knl_Swi_post__E)
                  8f0142a0    000000a0     ti.targets.rts6000.ae674 : Assert.oe674 (.text:xdc_runtime_Assert_raise__I)
                  8f014340    000000a0                              : LoggerBuf.oe674 (.text:xdc_runtime_LoggerBuf_Module_startup__F)
                  8f0143e0    000000a0                              : Registry.oe674 (.text:xdc_runtime_Registry_addModule__F)
                  8f014480    000000a0                              : Registry.oe674 (.text:xdc_runtime_Registry_findByName__F)
                  8f014520    000000a0                              : SysMin.oe674 (.text:xdc_runtime_SysMin_abort__F)
                  8f0145c0    000000a0                              : SysMin.oe674 (.text:xdc_runtime_SysMin_flush__F)
                  8f014660    000000a0                              : SysMin.oe674 (.text:xdc_runtime_SysMin_putch__F)
                  8f014700    00000080     ipc.lib : Ipc.obj (.text:GateMP_close)
                  8f014780    00000080             : Ipc.obj (.text:HeapMemMP_restore)
                  8f014800    00000080             : Ipc.obj (.text:Ipc_stop)
                  8f014880    00000080     rts6740_elf.lib : dtor_list.obj (.text:_Z11__TI_atexitPFYvPvES_S_)
                  8f014900    00000080                     : llshift.obj (.text:__c6xabi_llshl)
                  8f014980    00000080     sysbios.lib : c62_TaskSupport_asm.obj (.text:_ti_sysbios_family_c62_TaskSupport_swap__E)
                  8f014a00    00000080     rts6740_elf.lib : trgmsg.obj (.text:readmsg)
                  8f014a80    00000080     ipc.lib : Ipc.obj (.text:ti_sdo_ipc_Notify_Module_startup__F)
                  8f014b00    00000080             : Ipc.obj (.text:ti_sdo_ipc_notifyDrivers_NotifyDriverShm_Instance_finalize__F)
                  8f014b80    00000080             : Ipc.obj (.text:ti_sdo_ipc_notifyDrivers_NotifyDriverShm_sharedMemReq__F)
                  8f014c00    00000080             : Ipc.obj (.text:ti_sdo_ipc_nsremote_NameServerRemoteNotify_detach__E)
                  8f014c80    00000080             : Ipc.obj (.text:ti_sdo_ipc_transports_TransportShm_swiFxn__I)
                  8f014d00    00000080     Dsp_pe674.oe674 (.text:ti_sdo_utils_List_Object__create__S)
                  8f014d80    00000080     Dsp_pe674.oe674 (.text:ti_sysbios_BIOS_exitFunc__I)
                  8f014e00    00000080     sysbios.lib : BIOS.obj (.text:ti_sysbios_family_c62_TaskSupport_start__E)
                  8f014e80    00000080                 : BIOS.obj (.text:ti_sysbios_family_c64p_Hwi_eventMap__E)
                  8f014f00    00000080     Dsp_pe674.oe674 (.text:ti_sysbios_gates_GateAll_Object__create__S)
                  8f014f80    00000080     Dsp_pe674.oe674 (.text:ti_sysbios_gates_GateHwi_Object__create__S)
                  8f015000    00000080     Dsp_pe674.oe674 (.text:ti_sysbios_gates_GateMutexPri_Object__create__S)
                  8f015080    00000080     Dsp_pe674.oe674 (.text:ti_sysbios_gates_GateMutex_Object__create__S)
                  8f015100    00000080     sysbios.lib : BIOS.obj (.text:ti_sysbios_gates_GateMutex_enter__E)
                  8f015180    00000080     Dsp_pe674.oe674 (.text:ti_sysbios_gates_GateSwi_Object__create__S)
                  8f015200    00000080     sysbios.lib : BIOS.obj (.text:ti_sysbios_heaps_HeapMem_Instance_init__F)
                  8f015280    00000080     Dsp_pe674.oe674 (.text:ti_sysbios_heaps_HeapMem_Object__create__S)
                  8f015300    00000080     sysbios.lib : BIOS.obj (.text:ti_sysbios_knl_Clock_Module_startup__F)
                  8f015380    00000080                 : BIOS.obj (.text:ti_sysbios_knl_Clock_getTicks__E)
                  8f015400    00000080                 : BIOS.obj (.text:ti_sysbios_knl_Idle_loop__E)
                  8f015480    00000080     Dsp_pe674.oe674 (.text:ti_sysbios_knl_Queue_Object__create__S)
                  8f015500    00000080     sysbios.lib : BIOS.obj (.text:ti_sysbios_knl_Swi_restore__E)
                  8f015580    00000080                 : BIOS.obj (.text:ti_sysbios_knl_Swi_startup__E)
                  8f015600    00000080                 : BIOS.obj (.text:ti_sysbios_knl_Task_restore__E)
                  8f015680    00000080                 : BIOS.obj (.text:ti_sysbios_knl_Task_yield__E)
                  8f015700    00000080     Dsp_pe674.oe674 (.text:ti_sysbios_xdcruntime_GateThreadSupport_Object__create__S)
                  8f015780    00000080     ti.targets.rts6000.ae674 : Core-label.oe674 (.text:xdc_runtime_Core_assignLabel__I)
                  8f015800    00000080                              : Core-params.oe674 (.text:xdc_runtime_Core_assignParams__I)
                  8f015880    00000080                              : LoggerBuf.oe674 (.text:xdc_runtime_LoggerBuf_filterOutEvent__I)
                  8f015900    00000080                              : Registry.oe674 (.text:xdc_runtime_Registry_findByNamePattern__F)
                  8f015980    00000080                              : Registry.oe674 (.text:xdc_runtime_Registry_matchPattern__I)
                  8f015a00    00000080     Dsp_pe674.oe674 (.text:xdc_runtime_SysMin_output__I)
                  8f015a80    00000080     ti.targets.rts6000.ae674 : System.oe674 (.text:xdc_runtime_System_atexit__F)
                  8f015b00    00000080                              : System.oe674 (.text:xdc_runtime_System_rtsExit__I)
                  8f015b80    00000080                              : Text.oe674 (.text:xdc_runtime_Text_printVisFxn__I)
                  8f015c00    00000080                              : Text.oe674 (.text:xdc_runtime_Text_xprintf__I)
                  8f015c80    00000060     ipc.lib : Ipc.obj (.text:GateMP_Params_init)
                  8f015ce0    00000060             : Ipc.obj (.text:HeapMemMP_Params_init)
                  8f015d40    00000060             : Ipc.obj (.text:Notify_numIntLines)
                  8f015da0    00000060             : Ipc.obj (.text:Notify_sharedMemReq)
                  8f015e00    00000060     rts6740_elf.lib : imath64.obj (.text:_subcull)
                  8f015e60    00000060     sysbios.lib : BIOS.obj (.text:all$55)
                  8f015ec0    00000060                 : BIOS.obj (.text:marInit$55)
                  8f015f20    00000060                 : BIOS.obj (.text:rtsUnlock$0)
                  8f015f80    00000060     rts6740_elf.lib : strpbrk.obj (.text:strpbrk)
                  8f015fe0    00000060     Dsp_pe674.oe674 (.text:ti_sdo_ipc_GateMP_Object__delete__S)
                  8f016040    00000060     ipc.lib : Ipc.obj (.text:ti_sdo_ipc_GateMP_createLocal__F)
                  8f0160a0    00000060             : Ipc.obj (.text:ti_sdo_ipc_Ipc_getRegion0ReservedSize__I)
                  8f016100    00000060     Dsp_pe674.oe674 (.text:ti_sdo_ipc_ListMP_Object__delete__S)
                  8f016160    00000060     Dsp_pe674.oe674 (.text:ti_sdo_ipc_Notify_Object__delete__S)
                  8f0161c0    00000060     Dsp_pe674.oe674 (.text:ti_sdo_ipc_gates_GateHWSpinlock_Handle__label__S)
                  8f016220    00000060     Dsp_pe674.oe674 (.text:ti_sdo_ipc_gates_GateHWSpinlock_Object__delete__S)
                  8f016280    00000060     Dsp_pe674.oe674 (.text:ti_sdo_ipc_gates_GateMPSupportNull_Handle__label__S)
                  8f0162e0    00000060     Dsp_pe674.oe674 (.text:ti_sdo_ipc_gates_GateMPSupportNull_Object__delete__S)
                  8f016340    00000060     Dsp_pe674.oe674 (.text:ti_sdo_ipc_gates_GatePeterson_Handle__label__S)
                  8f0163a0    00000060     ipc.lib : Ipc.obj (.text:ti_sdo_ipc_gates_GatePeterson_Instance_finalize__F)
                  8f016400    00000060     Dsp_pe674.oe674 (.text:ti_sdo_ipc_gates_GatePeterson_Object__delete__S)
                  8f016460    00000060     Dsp_pe674.oe674 (.text:ti_sdo_ipc_heaps_HeapMemMP_Handle__label__S)
                  8f0164c0    00000060     Dsp_pe674.oe674 (.text:ti_sdo_ipc_heaps_HeapMemMP_Object__delete__S)
                  8f016520    00000060     Dsp_pe674.oe674 (.text:ti_sdo_ipc_notifyDrivers_NotifyDriverShm_Handle__label__S)
                  8f016580    00000060     Dsp_pe674.oe674 (.text:ti_sdo_ipc_notifyDrivers_NotifyDriverShm_Object__delete__S)
                  8f0165e0    00000060     ipc.lib : Ipc.obj (.text:ti_sdo_ipc_notifyDrivers_NotifyDriverShm_enableEvent__E)
                  8f016640    00000060             : Ipc.obj (.text:ti_sdo_ipc_notifyDrivers_NotifyDriverShm_setNotifyHandle__E)
                  8f0166a0    00000060     Dsp_pe674.oe674 (.text:ti_sdo_ipc_nsremote_NameServerRemoteNotify_Handle__label__S)
                  8f016700    00000060     Dsp_pe674.oe674 (.text:ti_sdo_ipc_nsremote_NameServerRemoteNotify_Object__delete__S)
                  8f016760    00000060     ipc.lib : Ipc.obj (.text:ti_sdo_ipc_transports_TransportShmSetup_sharedMemReq__E)
                  8f0167c0    00000060     Dsp_pe674.oe674 (.text:ti_sdo_ipc_transports_TransportShm_Handle__label__S)
                  8f016820    00000060     Dsp_pe674.oe674 (.text:ti_sdo_ipc_transports_TransportShm_Object__delete__S)
                  8f016880    00000060     sysbios.lib : BIOS.obj (.text:ti_sysbios_BIOS_registerRTSLock__I)
                  8f0168e0    00000060                 : BIOS.obj (.text:ti_sysbios_family_c64p_Cache_setMar__E)
                  8f016940    00000060                 : BIOS.obj (.text:ti_sysbios_family_c64p_Cache_wait__E)
                  8f0169a0    00000060                 : BIOS.obj (.text:ti_sysbios_family_c64p_Exception_Module_startup__F)
                  8f016a00    00000060     Dsp_pe674.oe674 (.text:ti_sysbios_family_c64p_Hwi_Object__delete__S)
                  8f016a60    00000060     Dsp_pe674.oe674 (.text:ti_sysbios_gates_GateAll_Handle__label__S)
                  8f016ac0    00000060     Dsp_pe674.oe674 (.text:ti_sysbios_gates_GateAll_Object__delete__S)
                  8f016b20    00000060     sysbios.lib : BIOS.obj (.text:ti_sysbios_gates_GateAll_enter__E)
                  8f016b80    00000060     Dsp_pe674.oe674 (.text:ti_sysbios_gates_GateHwi_Handle__label__S)
                  8f016be0    00000060     Dsp_pe674.oe674 (.text:ti_sysbios_gates_GateHwi_Object__delete__S)
                  8f016c40    00000060     Dsp_pe674.oe674 (.text:ti_sysbios_gates_GateMutexPri_Handle__label__S)
                  8f016ca0    00000060     Dsp_pe674.oe674 (.text:ti_sysbios_gates_GateMutexPri_Object__delete__S)
                  8f016d00    00000060     Dsp_pe674.oe674 (.text:ti_sysbios_gates_GateMutex_Handle__label__S)
                  8f016d60    00000060     sysbios.lib : BIOS.obj (.text:ti_sysbios_gates_GateMutex_Instance_init__F)
                  8f016dc0    00000060     Dsp_pe674.oe674 (.text:ti_sysbios_gates_GateMutex_Object__delete__S)
                  8f016e20    00000060     Dsp_pe674.oe674 (.text:ti_sysbios_gates_GateSwi_Handle__label__S)
                  8f016e80    00000060     Dsp_pe674.oe674 (.text:ti_sysbios_gates_GateSwi_Object__delete__S)
                  8f016ee0    00000060     sysbios.lib : BIOS.obj (.text:ti_sysbios_hal_Hwi_checkStack:ti_sysbios_hal_Hwi_checkStack)
                  8f016f40    00000060                 : BIOS.obj (.text:ti_sysbios_hal_Hwi_initStack:ti_sysbios_hal_Hwi_initStack)
                  8f016fa0    00000060     Dsp_pe674.oe674 (.text:ti_sysbios_heaps_HeapMem_Handle__label__S)
                  8f017000    00000060     Dsp_pe674.oe674 (.text:ti_sysbios_heaps_HeapMem_Object__delete__S)
                  8f017060    00000060     sysbios.lib : BIOS.obj (.text:ti_sysbios_knl_Semaphore_Instance_init__F)
                  8f0170c0    00000060                 : BIOS.obj (.text:ti_sysbios_knl_Semaphore_pendTimeout__I)
                  8f017120    00000060                 : BIOS.obj (.text:ti_sysbios_knl_Swi_Module_startup__F)
                  8f017180    00000060                 : BIOS.obj (.text:ti_sysbios_knl_Task_allBlockedFunction__I)
                  8f0171e0    00000060                 : BIOS.obj (.text:ti_sysbios_knl_Task_enter__I)
                  8f017240    00000060                 : BIOS.obj (.text:ti_sysbios_timers_dmtimer_Timer_getPeriod__E)
                  8f0172a0    00000060                 : BIOS.obj (.text:ti_sysbios_timers_dmtimer_Timer_stub__E)
                  8f017300    00000060     Dsp_pe674.oe674 (.text:ti_sysbios_xdcruntime_GateThreadSupport_Object__delete__S)
                  8f017360    00000060     ti.syslink.ipc.rtos.ae674 : Syslink.oe674 (.text:ti_syslink_ipc_rtos_Syslink_attach)
                  8f0173c0    00000060     rts6740_elf.lib : trgmsg.obj (.text:writemsg)
                  8f017420    00000060     Dsp_pe674.oe674 (.text:xdc_runtime_GateNull_Handle__label__S)
                  8f017480    00000060     Dsp_pe674.oe674 (.text:xdc_runtime_GateNull_Object__create__S)
                  8f0174e0    00000060     Dsp_pe674.oe674 (.text:xdc_runtime_GateNull_Object__delete__S)
                  8f017540    00000060     Dsp_pe674.oe674 (.text:xdc_runtime_LoggerBuf_Handle__label__S)
                  8f0175a0    00000060     Dsp_pe674.oe674 (.text:xdc_runtime_LoggerBuf_Object__delete__S)
                  8f017600    00000060     ti.targets.rts6000.ae674 : Memory.oe674 (.text:xdc_runtime_Memory_calloc__F)
                  8f017660    00000060                              : Memory.oe674 (.text:xdc_runtime_Memory_valloc__F)
                  8f0176c0    00000060                              : SysMin.oe674 (.text:xdc_runtime_SysMin_Module_startup__F)
                  8f017720    00000060                              : SysMin.oe674 (.text:xdc_runtime_SysMin_exit__F)
                  8f017780    00000060                              : System.oe674 (.text:xdc_runtime_System_aprintf_va__F)
                  8f0177e0    00000060                              : System.oe674 (.text:xdc_runtime_System_printf_va__F)
                  8f017840    00000060                              : Text.oe674 (.text:xdc_runtime_Text_cordText__F)
                  8f0178a0    00000060     Dsp_pe674.oe674 (.text:xdc_runtime_knl_GateThread_Handle__label__S)
                  8f017900    00000060     Dsp_pe674.oe674 (.text:xdc_runtime_knl_GateThread_Object__delete__S)
                  8f017960    00000040     ipc.lib : Ipc.obj (.text:Notify_intLineRegistered)
                  8f0179a0    00000040     rts6740_elf.lib : llshift.obj (.text:__c6xabi_llshru)
                  8f0179e0    00000040                     : strasg.obj (.text:__strasgi_64plus)
                  8f017a20    00000040                     : args_main.obj (.text:_args_main)
                  8f017a60    00000040     sysbios.lib : c62_TaskSupport_asm.obj (.text:_ti_sysbios_family_c62_TaskSupport_buildTaskStack)
                  8f017aa0    00000040                 : c64p_Hwi_asm_switch.obj (.text:_ti_sysbios_family_xxx_Hwi_switchToIsrStack)
                  8f017ae0    00000040     Dsp_pe674.oe674 (.text:free)
                  8f017b20    00000040     sysbios.lib : BIOS.obj (.text:rtsLock$0)
                  8f017b60    00000040     ipc.lib : Ipc.obj (.text:ti_sdo_ipc_MessageQ_registerTransport__F)
                  8f017ba0    00000040             : Ipc.obj (.text:ti_sdo_ipc_MessageQ_unregisterTransport__F)
                  8f017be0    00000040             : Ipc.obj (.text:ti_sdo_ipc_Notify_exec__F)
                  8f017c20    00000040             : Ipc.obj (.text:ti_sdo_ipc_SharedRegion_resetInternalFields__F)
                  8f017c60    00000040             : Ipc.obj (.text:ti_sdo_ipc_gates_GateHWSpinlock_leave__E)
                  8f017ca0    00000040             : Ipc.obj (.text:ti_sdo_ipc_nsremote_NameServerRemoteNotify_sharedMemReq__E)
                  8f017ce0    00000040             : Ipc.obj (.text:ti_sdo_utils_List_get__E)
                  8f017d20    00000040             : Ipc.obj (.text:ti_sdo_utils_List_putHead__E)
                  8f017d60    00000040             : Ipc.obj (.text:ti_sdo_utils_List_put__E)
                  8f017da0    00000040     Dsp_pe674.oe674 (.text:ti_sdo_utils_NameServer_Module__startupDone__F)
                  8f017de0    00000040     Dsp_pe674.oe674 (.text:ti_sdo_utils_NameServer_Object__get__S)
                  8f017e20    00000040     ipc.lib : Ipc.obj (.text:ti_sdo_utils_NameServer_registerRemoteDriver__E)
                  8f017e60    00000040             : Ipc.obj (.text:ti_sdo_utils_NameServer_unregisterRemoteDriver__E)
                  8f017ea0    00000040     Dsp_pe674.oe674 (.text:ti_sysbios_BIOS_startFunc__I)
                  8f017ee0    00000040     Dsp_pe674.oe674 (.text:ti_sysbios_family_c64p_Hwi_Module__startupDone__F)
                  8f017f20    00000040     sysbios.lib : BIOS.obj (.text:ti_sysbios_family_c64p_Hwi_disableInterrupt__E)
                  8f017f60    00000040                 : BIOS.obj (.text:ti_sysbios_family_c64p_Hwi_enableInterrupt__E)
                  8f017fa0    00000040     Dsp_pe674.oe674 (.text:ti_sysbios_family_c64p_ti81xx_TimerSupport_Module__startupDone__F)
                  8f017fe0    00000040     sysbios.lib : BIOS.obj (.text:ti_sysbios_gates_GateAll_leave__E)
                  8f018020    00000040                 : BIOS.obj (.text:ti_sysbios_gates_GateMutexPri_Instance_init__F)
                  8f018060    00000040     Dsp_pe674.oe674 (.text:ti_sysbios_gates_GateMutexPri_Object__destruct__S)
                  8f0180a0    00000040     sysbios.lib : BIOS.obj (.text:ti_sysbios_gates_GateMutex_leave__E)
                  8f0180e0    00000040     Dsp_pe674.oe674 (.text:ti_sysbios_hal_Timer_Module__startupDone__F)
                  8f018120    00000040     Dsp_pe674.oe674 (.text:ti_sysbios_heaps_HeapMem_Object__get__S)
                  8f018160    00000040     sysbios.lib : BIOS.obj (.text:ti_sysbios_knl_Clock_Instance_finalize__F)
                  8f0181a0    00000040     Dsp_pe674.oe674 (.text:ti_sysbios_knl_Clock_Object__destruct__S)
                  8f0181e0    00000040     Dsp_pe674.oe674 (.text:ti_sysbios_knl_Semaphore_Object__destruct__S)
                  8f018220    00000040     Dsp_pe674.oe674 (.text:ti_sysbios_knl_Swi_Object__destruct__S)
                  8f018260    00000040     Dsp_pe674.oe674 (.text:ti_sysbios_knl_Swi_Object__get__S)
                  8f0182a0    00000040     Dsp_pe674.oe674 (.text:ti_sysbios_knl_Task_Object__get__S)
                  8f0182e0    00000040     sysbios.lib : BIOS.obj (.text:ti_sysbios_knl_Task_sleepTimeout__I)
                  8f018320    00000040     Dsp_pe674.oe674 (.text:ti_sysbios_timers_dmtimer_Timer_Module__startupDone__F)
                  8f018360    00000040     sysbios.lib : BIOS.obj (.text:ti_sysbios_xdcruntime_GateThreadSupport_Instance_init__F)
                  8f0183a0    00000040     ti.targets.rts6000.ae674 : Error.oe674 (.text:xdc_runtime_Error_check__F)
                  8f0183e0    00000040                              : Error.oe674 (.text:xdc_runtime_Error_init__F)
                  8f018420    00000040                              : LoggerBuf.oe674 (.text:xdc_runtime_LoggerBuf_Instance_finalize__F)
                  8f018460    00000040     Dsp_pe674.oe674 (.text:xdc_runtime_LoggerBuf_Object__get__S)
                  8f0184a0    00000040     ti.targets.rts6000.ae674 : LoggerBuf.oe674 (.text:xdc_runtime_LoggerBuf_write0__F)
                  8f0184e0    00000040     Dsp_pe674.oe674 (.text:xdc_runtime_LoggerBuf_write8__E)
                  8f018520    00000040     ti.targets.rts6000.ae674 : Memory.oe674 (.text:xdc_runtime_Memory_free__F)
                  8f018560    00000040                              : Registry.oe674 (.text:xdc_runtime_Registry_findById__F)
                  8f0185a0    00000040                              : System.oe674 (.text:xdc_runtime_System_abort__F)
                  8f0185e0    00000040     Dsp_pe674.oe674 (.text:xdc_runtime_System_aprintf__E)
                  8f018620    00000040     Dsp_pe674.oe674 (.text:xdc_runtime_System_printf__E)
                  8f018660    00000040     ti.targets.rts6000.ae674 : Text.oe674 (.text:xdc_runtime_Text_matchRope__F)
                  8f0186a0    00000040                              : Text.oe674 (.text:xdc_runtime_Text_ropeText__F)
                  8f0186e0    00000040                              : GateThread.oe674 (.text:xdc_runtime_knl_GateThread_Instance_finalize__F)
                  8f018720    00000040                              : GateThread.oe674 (.text:xdc_runtime_knl_GateThread_Instance_init__F)
                  8f018760    00000020     ipc.lib : Ipc.obj (.text:GateMP_enter)
                  8f018780    00000020             : Ipc.obj (.text:GateMP_leave)
                  8f0187a0    00000020             : Ipc.obj (.text:ListMP_close)
                  8f0187c0    00000020             : Ipc.obj (.text:ListMP_delete)
                  8f0187e0    00000020             : Ipc.obj (.text:NameServer_addUInt32)
                  8f018800    00000020             : Ipc.obj (.text:NameServer_getLocalUInt32)
                  8f018820    00000020             : Ipc.obj (.text:NameServer_removeEntry)
                  8f018840    00000020     rts6740_elf.lib : dtor_list.obj (.text:__cxa_atexit)
                  8f018860    00000020                     : dtor_list.obj (.text:__cxa_ia64_exit)
                  8f018880    00000020     ti.targets.rts6000.ae674 : xdc_noinit.oe674 (.text:__xdc__init)
                  8f0188a0    00000020     rts6740_elf.lib : _lock.obj (.text:_nop)
                  8f0188c0    00000020                     : _lock.obj (.text:_register_lock)
                  8f0188e0    00000020                     : _lock.obj (.text:_register_unlock)
                  8f018900    00000020     sysbios.lib : c62_TaskSupport_asm.obj (.text:_ti_sysbios_family_c62_TaskSupport_glue)
                  8f018920    00000020                 : c64p_Hwi_asm_switch.obj (.text:_ti_sysbios_family_xxx_Hwi_switchToTaskStack)
                  8f018940    00000020     rts6740_elf.lib : exit.obj (.text:abort)
                  8f018960    00000020                     : dtor_list.obj (.text:atexit)
                  8f018980    00000020     sysbios.lib : BIOS.obj (.text:nullFunc$0)
                  8f0189a0    00000020     Dsp_pe674.oe674 (.text:ti_sdo_ipc_GateMP_Params__init__S)
                  8f0189c0    00000020     Dsp_pe674.oe674 (.text:ti_sdo_ipc_GateMP_RemoteCustom1Proxy_Object__create__S)
                  8f0189e0    00000020     Dsp_pe674.oe674 (.text:ti_sdo_ipc_GateMP_RemoteCustom1Proxy_Object__delete__S)
                  8f018a00    00000020     Dsp_pe674.oe674 (.text:ti_sdo_ipc_GateMP_RemoteCustom1Proxy_Params__init__S)
                  8f018a20    00000020     Dsp_pe674.oe674 (.text:ti_sdo_ipc_GateMP_RemoteCustom1Proxy_Proxy__abstract__S)
                  8f018a40    00000020     Dsp_pe674.oe674 (.text:ti_sdo_ipc_GateMP_RemoteCustom1Proxy_Proxy__delegate__S)
                  8f018a60    00000020     Dsp_pe674.oe674 (.text:ti_sdo_ipc_GateMP_RemoteCustom1Proxy_getReservedMask__E)
                  8f018a80    00000020     Dsp_pe674.oe674 (.text:ti_sdo_ipc_GateMP_RemoteCustom1Proxy_sharedMemReq__E)
                  8f018aa0    00000020     Dsp_pe674.oe674 (.text:ti_sdo_ipc_GateMP_RemoteCustom2Proxy_Object__create__S)
                  8f018ac0    00000020     Dsp_pe674.oe674 (.text:ti_sdo_ipc_GateMP_RemoteCustom2Proxy_Object__delete__S)
                  8f018ae0    00000020     Dsp_pe674.oe674 (.text:ti_sdo_ipc_GateMP_RemoteCustom2Proxy_Params__init__S)
                  8f018b00    00000020     Dsp_pe674.oe674 (.text:ti_sdo_ipc_GateMP_RemoteCustom2Proxy_Proxy__abstract__S)
                  8f018b20    00000020     Dsp_pe674.oe674 (.text:ti_sdo_ipc_GateMP_RemoteCustom2Proxy_Proxy__delegate__S)
                  8f018b40    00000020     Dsp_pe674.oe674 (.text:ti_sdo_ipc_GateMP_RemoteCustom2Proxy_getReservedMask__E)
                  8f018b60    00000020     Dsp_pe674.oe674 (.text:ti_sdo_ipc_GateMP_RemoteCustom2Proxy_sharedMemReq__E)
                  8f018b80    00000020     Dsp_pe674.oe674 (.text:ti_sdo_ipc_GateMP_RemoteSystemProxy_Object__create__S)
                  8f018ba0    00000020     Dsp_pe674.oe674 (.text:ti_sdo_ipc_GateMP_RemoteSystemProxy_Object__delete__S)
                  8f018bc0    00000020     Dsp_pe674.oe674 (.text:ti_sdo_ipc_GateMP_RemoteSystemProxy_Params__init__S)
                  8f018be0    00000020     Dsp_pe674.oe674 (.text:ti_sdo_ipc_GateMP_RemoteSystemProxy_Proxy__abstract__S)
                  8f018c00    00000020     Dsp_pe674.oe674 (.text:ti_sdo_ipc_GateMP_RemoteSystemProxy_Proxy__delegate__S)
                  8f018c20    00000020     Dsp_pe674.oe674 (.text:ti_sdo_ipc_GateMP_RemoteSystemProxy_getReservedMask__E)
                  8f018c40    00000020     Dsp_pe674.oe674 (.text:ti_sdo_ipc_GateMP_RemoteSystemProxy_sharedMemReq__E)
                  8f018c60    00000020     Dsp_pe674.oe674 (.text:ti_sdo_ipc_GateMP_attach__E)
                  8f018c80    00000020     Dsp_pe674.oe674 (.text:ti_sdo_ipc_GateMP_getRegion0ReservedSize__E)
                  8f018ca0    00000020     Dsp_pe674.oe674 (.text:ti_sdo_ipc_GateMP_getSharedAddr__E)
                  8f018cc0    00000020     ipc.lib : Ipc.obj (.text:ti_sdo_ipc_GateMP_getSharedAddr__F)
                  8f018ce0    00000020     Dsp_pe674.oe674 (.text:ti_sdo_ipc_GateMP_start__E)
                  8f018d00    00000020     Dsp_pe674.oe674 (.text:ti_sdo_ipc_ListMP_Params__init__S)
                  8f018d20    00000020     Dsp_pe674.oe674 (.text:ti_sdo_ipc_MessageQ_Module_startup__E)
                  8f018d40    00000020     Dsp_pe674.oe674 (.text:ti_sdo_ipc_MessageQ_Object__get__S)
                  8f018d60    00000020     Dsp_pe674.oe674 (.text:ti_sdo_ipc_MessageQ_SetupTransportProxy_attach__E)
                  8f018d80    00000020     Dsp_pe674.oe674 (.text:ti_sdo_ipc_MessageQ_SetupTransportProxy_detach__E)
                  8f018da0    00000020     Dsp_pe674.oe674 (.text:ti_sdo_ipc_MessageQ_SetupTransportProxy_isRegistered__E)
                  8f018dc0    00000020     Dsp_pe674.oe674 (.text:ti_sdo_ipc_MessageQ_SetupTransportProxy_sharedMemReq__E)
                  8f018de0    00000020     Dsp_pe674.oe674 (.text:ti_sdo_ipc_MessageQ_registerTransport__E)
                  8f018e00    00000020     Dsp_pe674.oe674 (.text:ti_sdo_ipc_MessageQ_unregisterTransport__E)
                  8f018e20    00000020     Dsp_pe674.oe674 (.text:ti_sdo_ipc_Notify_Module_GateProxy_enter__E)
                  8f018e40    00000020     Dsp_pe674.oe674 (.text:ti_sdo_ipc_Notify_Module_GateProxy_leave__E)
                  8f018e60    00000020     Dsp_pe674.oe674 (.text:ti_sdo_ipc_Notify_Module_startup__E)
                  8f018e80    00000020     Dsp_pe674.oe674 (.text:ti_sdo_ipc_Notify_SetupProxy_attach__E)
                  8f018ea0    00000020     Dsp_pe674.oe674 (.text:ti_sdo_ipc_Notify_SetupProxy_numIntLines__E)
                  8f018ec0    00000020     Dsp_pe674.oe674 (.text:ti_sdo_ipc_Notify_SetupProxy_sharedMemReq__E)
                  8f018ee0    00000020     Dsp_pe674.oe674 (.text:ti_sdo_ipc_Notify_detach__E)
                  8f018f00    00000020     Dsp_pe674.oe674 (.text:ti_sdo_ipc_Notify_exec__E)
                  8f018f20    00000020     Dsp_pe674.oe674 (.text:ti_sdo_ipc_SharedRegion_attach__E)
                  8f018f40    00000020     Dsp_pe674.oe674 (.text:ti_sdo_ipc_SharedRegion_clearReservedMemory__E)
                  8f018f60    00000020     Dsp_pe674.oe674 (.text:ti_sdo_ipc_SharedRegion_reserveMemory__E)
                  8f018f80    00000020     Dsp_pe674.oe674 (.text:ti_sdo_ipc_SharedRegion_resetInternalFields__E)
                  8f018fa0    00000020     Dsp_pe674.oe674 (.text:ti_sdo_ipc_SharedRegion_start__E)
                  8f018fc0    00000020     ipc.lib : Ipc.obj (.text:ti_sdo_ipc_family_ti81xx_NotifySetup_numIntLines__E)
                  8f018fe0    00000020             : Ipc.obj (.text:ti_sdo_ipc_gates_GateHWSpinlock_Instance_init__F)
                  8f019000    00000020     Dsp_pe674.oe674 (.text:ti_sdo_ipc_gates_GateHWSpinlock_Module_startup__E)
                  8f019020    00000020     Dsp_pe674.oe674 (.text:ti_sdo_ipc_gates_GateHWSpinlock_Params__init__S)
                  8f019040    00000020     ipc.lib : Ipc.obj (.text:ti_sdo_ipc_gates_GateHWSpinlock_getReservedMask__E)
                  8f019060    00000020     Dsp_pe674.oe674 (.text:ti_sdo_ipc_gates_GateHWSpinlock_query__E)
                  8f019080    00000020     ipc.lib : Ipc.obj (.text:ti_sdo_ipc_gates_GateHWSpinlock_query__F)
                  8f0190a0    00000020             : Ipc.obj (.text:ti_sdo_ipc_gates_GateHWSpinlock_sharedMemReq__E)
                  8f0190c0    00000020             : Ipc.obj (.text:ti_sdo_ipc_gates_GateMPSupportNull_Instance_init__F)
                  8f0190e0    00000020     Dsp_pe674.oe674 (.text:ti_sdo_ipc_gates_GateMPSupportNull_Params__init__S)
                  8f019100    00000020     ipc.lib : Ipc.obj (.text:ti_sdo_ipc_gates_GateMPSupportNull_enter__E)
                  8f019120    00000020             : Ipc.obj (.text:ti_sdo_ipc_gates_GateMPSupportNull_getReservedMask__E)
                  8f019140    00000020             : Ipc.obj (.text:ti_sdo_ipc_gates_GateMPSupportNull_leave__E)
                  8f019160    00000020     Dsp_pe674.oe674 (.text:ti_sdo_ipc_gates_GateMPSupportNull_query__E)
                  8f019180    00000020     ipc.lib : Ipc.obj (.text:ti_sdo_ipc_gates_GateMPSupportNull_query__F)
                  8f0191a0    00000020             : Ipc.obj (.text:ti_sdo_ipc_gates_GateMPSupportNull_sharedMemReq__E)
                  8f0191c0    00000020     Dsp_pe674.oe674 (.text:ti_sdo_ipc_gates_GatePeterson_Params__init__S)
                  8f0191e0    00000020     ipc.lib : Ipc.obj (.text:ti_sdo_ipc_gates_GatePeterson_getReservedMask__E)
                  8f019200    00000020     Dsp_pe674.oe674 (.text:ti_sdo_ipc_gates_GatePeterson_query__E)
                  8f019220    00000020     ipc.lib : Ipc.obj (.text:ti_sdo_ipc_gates_GatePeterson_query__F)
                  8f019240    00000020     Dsp_pe674.oe674 (.text:ti_sdo_ipc_heaps_HeapMemMP_Params__init__S)
                  8f019260    00000020     Dsp_pe674.oe674 (.text:ti_sdo_ipc_heaps_HeapMemMP_isBlocking__E)
                  8f019280    00000020     ipc.lib : Ipc.obj (.text:ti_sdo_ipc_heaps_HeapMemMP_isBlocking__F)
                  8f0192a0    00000020     Dsp_pe674.oe674 (.text:ti_sdo_ipc_notifyDrivers_NotifyDriverShm_InterruptProxy_intClear__E)
                  8f0192c0    00000020     Dsp_pe674.oe674 (.text:ti_sdo_ipc_notifyDrivers_NotifyDriverShm_InterruptProxy_intDisable__E)
                  8f0192e0    00000020     Dsp_pe674.oe674 (.text:ti_sdo_ipc_notifyDrivers_NotifyDriverShm_InterruptProxy_intEnable__E)
                  8f019300    00000020     Dsp_pe674.oe674 (.text:ti_sdo_ipc_notifyDrivers_NotifyDriverShm_InterruptProxy_intRegister__E)
                  8f019320    00000020     Dsp_pe674.oe674 (.text:ti_sdo_ipc_notifyDrivers_NotifyDriverShm_InterruptProxy_intSend__E)
                  8f019340    00000020     Dsp_pe674.oe674 (.text:ti_sdo_ipc_notifyDrivers_NotifyDriverShm_InterruptProxy_intUnregister__E)
                  8f019360    00000020     Dsp_pe674.oe674 (.text:ti_sdo_ipc_notifyDrivers_NotifyDriverShm_Params__init__S)
                  8f019380    00000020     ipc.lib : Ipc.obj (.text:ti_sdo_ipc_notifyDrivers_NotifyDriverShm_disable__E)
                  8f0193a0    00000020             : Ipc.obj (.text:ti_sdo_ipc_notifyDrivers_NotifyDriverShm_enable__E)
                  8f0193c0    00000020     Dsp_pe674.oe674 (.text:ti_sdo_ipc_notifyDrivers_NotifyDriverShm_sharedMemReq__E)
                  8f0193e0    00000020     Dsp_pe674.oe674 (.text:ti_sdo_ipc_nsremote_NameServerRemoteNotify_Object__first__S)
                  8f019400    00000020     Dsp_pe674.oe674 (.text:ti_sdo_ipc_nsremote_NameServerRemoteNotify_Object__next__S)
                  8f019420    00000020     Dsp_pe674.oe674 (.text:ti_sdo_ipc_nsremote_NameServerRemoteNotify_Params__init__S)
                  8f019440    00000020     ipc.lib : Ipc.obj (.text:ti_sdo_ipc_nsremote_NameServerRemoteNotify_cbFxn__I)
                  8f019460    00000020     Dsp_pe674.oe674 (.text:ti_sdo_ipc_nsremote_NameServerRemoteNotify_get__E)
                  8f019480    00000020     ipc.lib : Ipc.obj (.text:ti_sdo_ipc_transports_TransportShmSetup_isRegistered__E)
                  8f0194a0    00000020     Dsp_pe674.oe674 (.text:ti_sdo_ipc_transports_TransportShm_Params__init__S)
                  8f0194c0    00000020     Dsp_pe674.oe674 (.text:ti_sdo_ipc_transports_TransportShm_close__E)
                  8f0194e0    00000020     ipc.lib : Ipc.obj (.text:ti_sdo_ipc_transports_TransportShm_close__F)
                  8f019500    00000020             : Ipc.obj (.text:ti_sdo_ipc_transports_TransportShm_control__E)
                  8f019520    00000020             : Ipc.obj (.text:ti_sdo_ipc_transports_TransportShm_delete$16)
                  8f019540    00000020             : Ipc.obj (.text:ti_sdo_ipc_transports_TransportShm_getStatus__E)
                  8f019560    00000020             : Ipc.obj (.text:ti_sdo_ipc_transports_TransportShm_notifyFxn__I)
                  8f019580    00000020     Dsp_pe674.oe674 (.text:ti_sdo_ipc_transports_TransportShm_openByAddr__E)
                  8f0195a0    00000020     Dsp_pe674.oe674 (.text:ti_sdo_ipc_transports_TransportShm_setErrFxn__E)
                  8f0195c0    00000020     ipc.lib : Ipc.obj (.text:ti_sdo_ipc_transports_TransportShm_setErrFxn__F)
                  8f0195e0    00000020     Dsp_pe674.oe674 (.text:ti_sdo_ipc_transports_TransportShm_sharedMemReq__E)
                  8f019600    00000020     ipc.lib : Ipc.obj (.text:ti_sdo_utils_List_Instance_init__F)
                  8f019620    00000020     Dsp_pe674.oe674 (.text:ti_sdo_utils_List_Object__destruct__S)
                  8f019640    00000020     Dsp_pe674.oe674 (.text:ti_sdo_utils_List_Object__get__S)
                  8f019660    00000020     Dsp_pe674.oe674 (.text:ti_sdo_utils_MultiProc_getClusterId__E)
                  8f019680    00000020     ipc.lib : Ipc.obj (.text:ti_sdo_utils_MultiProc_getClusterId__F)
                  8f0196a0    00000020     Dsp_pe674.oe674 (.text:ti_sdo_utils_NameServer_Module__startupDone__S)
                  8f0196c0    00000020     Dsp_pe674.oe674 (.text:ti_sdo_utils_NameServer_Module_startup__E)
                  8f0196e0    00000020     Dsp_pe674.oe674 (.text:ti_sdo_utils_NameServer_Object__first__S)
                  8f019700    00000020     Dsp_pe674.oe674 (.text:ti_sdo_utils_NameServer_Object__next__S)
                  8f019720    00000020     Dsp_pe674.oe674 (.text:ti_sdo_utils_NameServer_SetupProxy_attach__E)
                  8f019740    00000020     Dsp_pe674.oe674 (.text:ti_sdo_utils_NameServer_SetupProxy_detach__E)
                  8f019760    00000020     Dsp_pe674.oe674 (.text:ti_sdo_utils_NameServer_SetupProxy_sharedMemReq__E)
                  8f019780    00000020     Dsp_pe674.oe674 (.text:ti_sysbios_BIOS_RtsGateProxy_enter__E)
                  8f0197a0    00000020     Dsp_pe674.oe674 (.text:ti_sysbios_BIOS_RtsGateProxy_leave__E)
                  8f0197c0    00000020     sysbios.lib : BIOS.obj (.text:ti_sysbios_BIOS_getCpuFreq__E)
                  8f0197e0    00000020                 : BIOS.obj (.text:ti_sysbios_BIOS_getThreadType__E)
                  8f019800    00000020                 : BIOS.obj (.text:ti_sysbios_BIOS_setThreadType__E)
                  8f019820    00000020                 : BIOS.obj (.text:ti_sysbios_BIOS_start__E)
                  8f019840    00000020     Dsp_pe674.oe674 (.text:ti_sysbios_family_c62_TaskSupport_Module__startupDone__S)
                  8f019860    00000020     sysbios.lib : BIOS.obj (.text:ti_sysbios_family_c62_TaskSupport_checkStack__E)
                  8f019880    00000020                 : BIOS.obj (.text:ti_sysbios_family_c62_TaskSupport_getStackAlignment__E)
                  8f0198a0    00000020     Dsp_pe674.oe674 (.text:ti_sysbios_family_c64p_Cache_Module_startup__E)
                  8f0198c0    00000020     sysbios.lib : BIOS.obj (.text:ti_sysbios_family_c64p_Cache_invL1pAll__E)
                  8f0198e0    00000020                 : BIOS.obj (.text:ti_sysbios_family_c64p_Cache_inv__E)
                  8f019900    00000020                 : BIOS.obj (.text:ti_sysbios_family_c64p_Cache_wbInv__E)
                  8f019920    00000020     Dsp_pe674.oe674 (.text:ti_sysbios_family_c64p_Exception_Module_startup__E)
                  8f019940    00000020     Dsp_pe674.oe674 (.text:ti_sysbios_family_c64p_Hwi_Module__startupDone__S)
                  8f019960    00000020     Dsp_pe674.oe674 (.text:ti_sysbios_family_c64p_Hwi_Module_startup__E)
                  8f019980    00000020     sysbios.lib : BIOS.obj (.text:ti_sysbios_family_c64p_Hwi_clearInterrupt__E)
                  8f0199a0    00000020                 : BIOS.obj (.text:ti_sysbios_family_c64p_Hwi_getHandle__E)
                  8f0199c0    00000020                 : BIOS.obj (.text:ti_sysbios_family_c64p_Hwi_startup__E)
                  8f0199e0    00000020                 : BIOS.obj (.text:ti_sysbios_family_c64p_Hwi_switchFromBootStack__E)
                  8f019a00    00000020                 : BIOS.obj (.text:ti_sysbios_family_c64p_Hwi_unPluggedInterrupt__I)
                  8f019a20    00000020     Dsp_pe674.oe674 (.text:ti_sysbios_family_c64p_TimestampProvider_Module_startup__E)
                  8f019a40    00000020     sysbios.lib : BIOS.obj (.text:ti_sysbios_family_c64p_TimestampProvider_Module_startup__F)
                  8f019a60    00000020                 : BIOS.obj (.text:ti_sysbios_family_c64p_TimestampProvider_get32__E)
                  8f019a80    00000020                 : BIOS.obj (.text:ti_sysbios_family_c64p_TimestampProvider_get64__E)
                  8f019aa0    00000020                 : BIOS.obj (.text:ti_sysbios_family_c64p_TimestampProvider_getFreq__E)
                  8f019ac0    00000020     Dsp_pe674.oe674 (.text:ti_sysbios_family_c64p_ti81xx_TimerSupport_Module__startupDone__S)
                  8f019ae0    00000020     Dsp_pe674.oe674 (.text:ti_sysbios_family_c64p_ti81xx_TimerSupport_Module_startup__E)
                  8f019b00    00000020     sysbios.lib : BIOS.obj (.text:ti_sysbios_family_c64p_ti81xx_TimerSupport_Module_startup__F)
                  8f019b20    00000020                 : BIOS.obj (.text:ti_sysbios_family_c64p_ti81xx_TimerSupport_enable__E)
                  8f019b40    00000020                 : BIOS.obj (.text:ti_sysbios_gates_GateAll_Instance_init__F)
                  8f019b60    00000020     Dsp_pe674.oe674 (.text:ti_sysbios_gates_GateAll_query__E)
                  8f019b80    00000020     sysbios.lib : BIOS.obj (.text:ti_sysbios_gates_GateAll_query__F)
                  8f019ba0    00000020                 : BIOS.obj (.text:ti_sysbios_gates_GateHwi_Instance_init__F)
                  8f019bc0    00000020                 : BIOS.obj (.text:ti_sysbios_gates_GateHwi_enter__E)
                  8f019be0    00000020                 : BIOS.obj (.text:ti_sysbios_gates_GateHwi_leave__E)
                  8f019c00    00000020     Dsp_pe674.oe674 (.text:ti_sysbios_gates_GateHwi_query__E)
                  8f019c20    00000020     sysbios.lib : BIOS.obj (.text:ti_sysbios_gates_GateHwi_query__F)
                  8f019c40    00000020                 : BIOS.obj (.text:ti_sysbios_gates_GateMutexPri_Instance_finalize__F)
                  8f019c60    00000020     Dsp_pe674.oe674 (.text:ti_sysbios_gates_GateMutexPri_query__E)
                  8f019c80    00000020     sysbios.lib : BIOS.obj (.text:ti_sysbios_gates_GateMutexPri_query__F)
                  8f019ca0    00000020                 : BIOS.obj (.text:ti_sysbios_gates_GateMutex_Instance_finalize__F)
                  8f019cc0    00000020     Dsp_pe674.oe674 (.text:ti_sysbios_gates_GateMutex_query__E)
                  8f019ce0    00000020     sysbios.lib : BIOS.obj (.text:ti_sysbios_gates_GateMutex_query__F)
                  8f019d00    00000020                 : BIOS.obj (.text:ti_sysbios_gates_GateSwi_Instance_init__F)
                  8f019d20    00000020                 : BIOS.obj (.text:ti_sysbios_gates_GateSwi_enter__E)
                  8f019d40    00000020                 : BIOS.obj (.text:ti_sysbios_gates_GateSwi_leave__E)
                  8f019d60    00000020     Dsp_pe674.oe674 (.text:ti_sysbios_gates_GateSwi_query__E)
                  8f019d80    00000020     sysbios.lib : BIOS.obj (.text:ti_sysbios_gates_GateSwi_query__F)
                  8f019da0    00000020     Dsp_pe674.oe674 (.text:ti_sysbios_hal_Cache_CacheProxy_inv__E)
                  8f019dc0    00000020     Dsp_pe674.oe674 (.text:ti_sysbios_hal_Cache_CacheProxy_wbInv__E)
                  8f019de0    00000020     sysbios.lib : BIOS.obj (.text:ti_sysbios_hal_Cache_inv__E)
                  8f019e00    00000020                 : BIOS.obj (.text:ti_sysbios_hal_Cache_wbInv__E)
                  8f019e20    00000020     Dsp_pe674.oe674 (.text:ti_sysbios_hal_Hwi_HwiProxy_Module__startupDone__S)
                  8f019e40    00000020     Dsp_pe674.oe674 (.text:ti_sysbios_hal_Hwi_HwiProxy_clearInterrupt__E)
                  8f019e60    00000020     Dsp_pe674.oe674 (.text:ti_sysbios_hal_Hwi_HwiProxy_disableInterrupt__E)
                  8f019e80    00000020     Dsp_pe674.oe674 (.text:ti_sysbios_hal_Hwi_HwiProxy_enableInterrupt__E)
                  8f019ea0    00000020     Dsp_pe674.oe674 (.text:ti_sysbios_hal_Hwi_HwiProxy_startup__E)
                  8f019ec0    00000020     Dsp_pe674.oe674 (.text:ti_sysbios_hal_Hwi_HwiProxy_switchFromBootStack__E)
                  8f019ee0    00000020     Dsp_pe674.oe674 (.text:ti_sysbios_hal_Hwi_Module_startup__E)
                  8f019f00    00000020     sysbios.lib : BIOS.obj (.text:ti_sysbios_hal_Hwi_Module_startup__F)
                  8f019f20    00000020                 : BIOS.obj (.text:ti_sysbios_hal_Hwi_startup__E)
                  8f019f40    00000020     Dsp_pe674.oe674 (.text:ti_sysbios_hal_Timer_Module__startupDone__S)
                  8f019f60    00000020     Dsp_pe674.oe674 (.text:ti_sysbios_hal_Timer_Module_startup__E)
                  8f019f80    00000020     sysbios.lib : BIOS.obj (.text:ti_sysbios_hal_Timer_Module_startup__F)
                  8f019fa0    00000020     Dsp_pe674.oe674 (.text:ti_sysbios_hal_Timer_TimerProxy_Module__startupDone__S)
                  8f019fc0    00000020     Dsp_pe674.oe674 (.text:ti_sysbios_hal_Timer_TimerProxy_getExpiredCounts__E)
                  8f019fe0    00000020     Dsp_pe674.oe674 (.text:ti_sysbios_hal_Timer_TimerProxy_getPeriod__E)
                  8f01a000    00000020     Dsp_pe674.oe674 (.text:ti_sysbios_hal_Timer_TimerProxy_setNextTick__E)
                  8f01a020    00000020     Dsp_pe674.oe674 (.text:ti_sysbios_hal_Timer_TimerProxy_startup__E)
                  8f01a040    00000020     sysbios.lib : BIOS.obj (.text:ti_sysbios_hal_Timer_startup__E)
                  8f01a060    00000020     Dsp_pe674.oe674 (.text:ti_sysbios_heaps_HeapMem_Module_GateProxy_enter__E)
                  8f01a080    00000020     Dsp_pe674.oe674 (.text:ti_sysbios_heaps_HeapMem_Module_GateProxy_leave__E)
                  8f01a0a0    00000020     Dsp_pe674.oe674 (.text:ti_sysbios_heaps_HeapMem_Module_GateProxy_query__E)
                  8f01a0c0    00000020     sysbios.lib : BIOS.obj (.text:ti_sysbios_heaps_HeapMem_isBlocking__E)
                  8f01a0e0    00000020     Dsp_pe674.oe674 (.text:ti_sysbios_knl_Clock_Module_startup__E)
                  8f01a100    00000020     Dsp_pe674.oe674 (.text:ti_sysbios_knl_Clock_Params__init__S)
                  8f01a120    00000020     sysbios.lib : BIOS.obj (.text:ti_sysbios_knl_Clock_logTick__E)
                  8f01a140    00000020                 : BIOS.obj (.text:ti_sysbios_knl_Queue_Instance_init__F)
                  8f01a160    00000020     Dsp_pe674.oe674 (.text:ti_sysbios_knl_Queue_Object__destruct__S)
                  8f01a180    00000020     Dsp_pe674.oe674 (.text:ti_sysbios_knl_Queue_Object__get__S)
                  8f01a1a0    00000020     sysbios.lib : BIOS.obj (.text:ti_sysbios_knl_Queue_empty__E)
                  8f01a1c0    00000020                 : BIOS.obj (.text:ti_sysbios_knl_Semaphore_Instance_finalize__F)
                  8f01a1e0    00000020     Dsp_pe674.oe674 (.text:ti_sysbios_knl_Semaphore_Params__init__S)
                  8f01a200    00000020     sysbios.lib : BIOS.obj (.text:ti_sysbios_knl_Swi_Instance_finalize__F)
                  8f01a220    00000020     Dsp_pe674.oe674 (.text:ti_sysbios_knl_Swi_Module_startup__E)
                  8f01a240    00000020     Dsp_pe674.oe674 (.text:ti_sysbios_knl_Swi_Params__init__S)
                  8f01a260    00000020     sysbios.lib : BIOS.obj (.text:ti_sysbios_knl_Swi_disable__E)
                  8f01a280    00000020     Dsp_pe674.oe674 (.text:ti_sysbios_knl_Task_Module_startup__E)
                  8f01a2a0    00000020     Dsp_pe674.oe674 (.text:ti_sysbios_knl_Task_Object__first__S)
                  8f01a2c0    00000020     Dsp_pe674.oe674 (.text:ti_sysbios_knl_Task_Object__next__S)
                  8f01a2e0    00000020     Dsp_pe674.oe674 (.text:ti_sysbios_knl_Task_Params__init__S)
                  8f01a300    00000020     Dsp_pe674.oe674 (.text:ti_sysbios_knl_Task_SupportProxy_Module__startupDone__S)
                  8f01a320    00000020     Dsp_pe674.oe674 (.text:ti_sysbios_knl_Task_SupportProxy_checkStack__E)
                  8f01a340    00000020     Dsp_pe674.oe674 (.text:ti_sysbios_knl_Task_SupportProxy_getStackAlignment__E)
                  8f01a360    00000020     Dsp_pe674.oe674 (.text:ti_sysbios_knl_Task_SupportProxy_start__E)
                  8f01a380    00000020     Dsp_pe674.oe674 (.text:ti_sysbios_knl_Task_SupportProxy_swap__E)
                  8f01a3a0    00000020     sysbios.lib : BIOS.obj (.text:ti_sysbios_knl_Task_disable__E)
                  8f01a3c0    00000020                 : BIOS.obj (.text:ti_sysbios_knl_Task_getPri__E)
                  8f01a3e0    00000020                 : BIOS.obj (.text:ti_sysbios_knl_Task_self__E)
                  8f01a400    00000020     Dsp_pe674.oe674 (.text:ti_sysbios_timers_dmtimer_Timer_Module__startupDone__S)
                  8f01a420    00000020     Dsp_pe674.oe674 (.text:ti_sysbios_timers_dmtimer_Timer_Module_startup__E)
                  8f01a440    00000020     Dsp_pe674.oe674 (.text:ti_sysbios_timers_dmtimer_Timer_TimerSupportProxy_Module__startupDone__S)
                  8f01a460    00000020     Dsp_pe674.oe674 (.text:ti_sysbios_timers_dmtimer_Timer_TimerSupportProxy_enable__E)
                  8f01a480    00000020     sysbios.lib : BIOS.obj (.text:ti_sysbios_xdcruntime_GateThreadSupport_Instance_finalize__F)
                  8f01a4a0    00000020     Dsp_pe674.oe674 (.text:ti_sysbios_xdcruntime_GateThreadSupport_enter__E)
                  8f01a4c0    00000020     sysbios.lib : BIOS.obj (.text:ti_sysbios_xdcruntime_GateThreadSupport_enter__F)
                  8f01a4e0    00000020     Dsp_pe674.oe674 (.text:ti_sysbios_xdcruntime_GateThreadSupport_leave__E)
                  8f01a500    00000020     sysbios.lib : BIOS.obj (.text:ti_sysbios_xdcruntime_GateThreadSupport_leave__F)
                  8f01a520    00000020     Dsp_pe674.oe674 (.text:ti_sysbios_xdcruntime_GateThreadSupport_query__E)
                  8f01a540    00000020     sysbios.lib : BIOS.obj (.text:ti_sysbios_xdcruntime_GateThreadSupport_query__F)
                  8f01a560    00000020     Dsp_pe674.oe674 (.text:xdc_runtime_Diags_setMask__E)
                  8f01a580    00000020     Dsp_pe674.oe674 (.text:xdc_runtime_Error_check__E)
                  8f01a5a0    00000020     Dsp_pe674.oe674 (.text:xdc_runtime_Error_init__E)
                  8f01a5c0    00000020     Dsp_pe674.oe674 (.text:xdc_runtime_Error_print__E)
                  8f01a5e0    00000020     Dsp_pe674.oe674 (.text:xdc_runtime_Error_raiseX__E)
                  8f01a600    00000020     Dsp_pe674.oe674 (.text:xdc_runtime_GateNull_enter__E)
                  8f01a620    00000020     ti.targets.rts6000.ae674 : GateNull.oe674 (.text:xdc_runtime_GateNull_enter__F)
                  8f01a640    00000020     Dsp_pe674.oe674 (.text:xdc_runtime_GateNull_leave__E)
                  8f01a660    00000020     ti.targets.rts6000.ae674 : GateNull.oe674 (.text:xdc_runtime_GateNull_leave__F)
                  8f01a680    00000020     Dsp_pe674.oe674 (.text:xdc_runtime_GateNull_query__E)
                  8f01a6a0    00000020     ti.targets.rts6000.ae674 : GateNull.oe674 (.text:xdc_runtime_GateNull_query__F)
                  8f01a6c0    00000020     Dsp_pe674.oe674 (.text:xdc_runtime_Gate_enterSystem__E)
                  8f01a6e0    00000020     ti.targets.rts6000.ae674 : Gate.oe674 (.text:xdc_runtime_Gate_enterSystem__F)
                  8f01a700    00000020     Dsp_pe674.oe674 (.text:xdc_runtime_Gate_leaveSystem__E)
                  8f01a720    00000020     ti.targets.rts6000.ae674 : Gate.oe674 (.text:xdc_runtime_Gate_leaveSystem__F)
                  8f01a740    00000020     Dsp_pe674.oe674 (.text:xdc_runtime_IHeap_alloc)
                  8f01a760    00000020     Dsp_pe674.oe674 (.text:xdc_runtime_IHeap_free)
                  8f01a780    00000020     Dsp_pe674.oe674 (.text:xdc_runtime_LoggerBuf_Module_GateProxy_enter__E)
                  8f01a7a0    00000020     Dsp_pe674.oe674 (.text:xdc_runtime_LoggerBuf_Module_GateProxy_leave__E)
                  8f01a7c0    00000020     Dsp_pe674.oe674 (.text:xdc_runtime_LoggerBuf_Module_startup__E)
                  8f01a7e0    00000020     Dsp_pe674.oe674 (.text:xdc_runtime_LoggerBuf_TimestampProxy_get64__E)
                  8f01a800    00000020     Dsp_pe674.oe674 (.text:xdc_runtime_LoggerBuf_disable__E)
                  8f01a820    00000020     ti.targets.rts6000.ae674 : LoggerBuf.oe674 (.text:xdc_runtime_LoggerBuf_disable__F)
                  8f01a840    00000020     Dsp_pe674.oe674 (.text:xdc_runtime_LoggerBuf_enable__E)
                  8f01a860    00000020     ti.targets.rts6000.ae674 : LoggerBuf.oe674 (.text:xdc_runtime_LoggerBuf_enable__F)
                  8f01a880    00000020     Dsp_pe674.oe674 (.text:xdc_runtime_LoggerBuf_getFilterLevel__E)
                  8f01a8a0    00000020     Dsp_pe674.oe674 (.text:xdc_runtime_LoggerBuf_setFilterLevel__E)
                  8f01a8c0    00000020     Dsp_pe674.oe674 (.text:xdc_runtime_LoggerBuf_write0__E)
                  8f01a8e0    00000020     Dsp_pe674.oe674 (.text:xdc_runtime_LoggerBuf_write1__E)
                  8f01a900    00000020     ti.targets.rts6000.ae674 : LoggerBuf.oe674 (.text:xdc_runtime_LoggerBuf_write1__F)
                  8f01a920    00000020     Dsp_pe674.oe674 (.text:xdc_runtime_LoggerBuf_write2__E)
                  8f01a940    00000020     ti.targets.rts6000.ae674 : LoggerBuf.oe674 (.text:xdc_runtime_LoggerBuf_write2__F)
                  8f01a960    00000020     Dsp_pe674.oe674 (.text:xdc_runtime_LoggerBuf_write4__E)
                  8f01a980    00000020     Dsp_pe674.oe674 (.text:xdc_runtime_Memory_HeapProxy_alloc__E)
                  8f01a9a0    00000020     Dsp_pe674.oe674 (.text:xdc_runtime_Memory_HeapProxy_free__E)
                  8f01a9c0    00000020     Dsp_pe674.oe674 (.text:xdc_runtime_Memory_alloc__E)
                  8f01a9e0    00000020     Dsp_pe674.oe674 (.text:xdc_runtime_Memory_calloc__E)
                  8f01aa00    00000020     Dsp_pe674.oe674 (.text:xdc_runtime_Memory_free__E)
                  8f01aa20    00000020     Dsp_pe674.oe674 (.text:xdc_runtime_Memory_getMaxDefaultTypeAlign__E)
                  8f01aa40    00000020     ti.targets.rts6000.ae674 : Memory.oe674 (.text:xdc_runtime_Memory_getMaxDefaultTypeAlign__F)
                  8f01aa60    00000020     Dsp_pe674.oe674 (.text:xdc_runtime_Memory_valloc__E)
                  8f01aa80    00000020     Dsp_pe674.oe674 (.text:xdc_runtime_Startup_Module__startupDone__S)
                  8f01aaa0    00000020     Dsp_pe674.oe674 (.text:xdc_runtime_Startup_exec__E)
                  8f01aac0    00000020     Dsp_pe674.oe674 (.text:xdc_runtime_Startup_exec__I)
                  8f01aae0    00000020     Dsp_pe674.oe674 (.text:xdc_runtime_Startup_reset__I)
                  8f01ab00    00000020     Dsp_pe674.oe674 (.text:xdc_runtime_SysMin_Module_startup__E)
                  8f01ab20    00000020     Dsp_pe674.oe674 (.text:xdc_runtime_SysMin_abort__E)
                  8f01ab40    00000020     Dsp_pe674.oe674 (.text:xdc_runtime_SysMin_exit__E)
                  8f01ab60    00000020     Dsp_pe674.oe674 (.text:xdc_runtime_SysMin_putch__E)
                  8f01ab80    00000020     Dsp_pe674.oe674 (.text:xdc_runtime_SysMin_ready__E)
                  8f01aba0    00000020     ti.targets.rts6000.ae674 : SysMin.oe674 (.text:xdc_runtime_SysMin_ready__F)
                  8f01abc0    00000020     Dsp_pe674.oe674 (.text:xdc_runtime_System_Module_GateProxy_enter__E)
                  8f01abe0    00000020     Dsp_pe674.oe674 (.text:xdc_runtime_System_Module_GateProxy_leave__E)
                  8f01ac00    00000020     Dsp_pe674.oe674 (.text:xdc_runtime_System_Module_startup__E)
                  8f01ac20    00000020     ti.targets.rts6000.ae674 : System.oe674 (.text:xdc_runtime_System_Module_startup__F)
                  8f01ac40    00000020     Dsp_pe674.oe674 (.text:xdc_runtime_System_SupportProxy_abort__E)
                  8f01ac60    00000020     Dsp_pe674.oe674 (.text:xdc_runtime_System_SupportProxy_exit__E)
                  8f01ac80    00000020     Dsp_pe674.oe674 (.text:xdc_runtime_System_SupportProxy_putch__E)
                  8f01aca0    00000020     Dsp_pe674.oe674 (.text:xdc_runtime_System_SupportProxy_ready__E)
                  8f01acc0    00000020     Dsp_pe674.oe674 (.text:xdc_runtime_System_abort__E)
                  8f01ace0    00000020     Dsp_pe674.oe674 (.text:xdc_runtime_System_atexit__E)
                  8f01ad00    00000020     Dsp_pe674.oe674 (.text:xdc_runtime_System_exit__E)
                  8f01ad20    00000020     ti.targets.rts6000.ae674 : System.oe674 (.text:xdc_runtime_System_exit__F)
                  8f01ad40    00000020                              : System.oe674 (.text:xdc_runtime_System_lastFxn__I)
                  8f01ad60    00000020     Dsp_pe674.oe674 (.text:xdc_runtime_System_vsprintf__E)
                  8f01ad80    00000020     ti.targets.rts6000.ae674 : System.oe674 (.text:xdc_runtime_System_vsprintf__F)
                  8f01ada0    00000020     Dsp_pe674.oe674 (.text:xdc_runtime_Text_cordText__E)
                  8f01adc0    00000020     Dsp_pe674.oe674 (.text:xdc_runtime_Text_matchRope__E)
                  8f01ade0    00000020     Dsp_pe674.oe674 (.text:xdc_runtime_Text_putLab__E)
                  8f01ae00    00000020     Dsp_pe674.oe674 (.text:xdc_runtime_Text_putSite__E)
                  8f01ae20    00000020     Dsp_pe674.oe674 (.text:xdc_runtime_Text_ropeText__E)
                  8f01ae40    00000020     Dsp_pe674.oe674 (.text:xdc_runtime_Text_visitRope__I)
                  8f01ae60    00000020     Dsp_pe674.oe674 (.text:xdc_runtime_Timestamp_SupportProxy_get32__E)
                  8f01ae80    00000020     Dsp_pe674.oe674 (.text:xdc_runtime_Timestamp_SupportProxy_getFreq__E)
                  8f01aea0    00000020     Dsp_pe674.oe674 (.text:xdc_runtime_Timestamp_get32__E)
                  8f01aec0    00000020     ti.targets.rts6000.ae674 : Timestamp.oe674 (.text:xdc_runtime_Timestamp_get32__F)
                  8f01aee0    00000020     Dsp_pe674.oe674 (.text:xdc_runtime_Timestamp_getFreq__E)
                  8f01af00    00000020     ti.targets.rts6000.ae674 : Timestamp.oe674 (.text:xdc_runtime_Timestamp_getFreq__F)
[...]
8f0252b8   ti_sysbios_knl_Semaphore_Object__DESC__C
8f0252d8   ti_sysbios_knl_Swi_Object__DESC__C
8f0252f8   ti_sysbios_knl_Task_Object__DESC__C
8f025318   ti_sysbios_xdcruntime_GateThreadSupport_Object__DESC__C
8f025338   xdc_runtime_GateNull_Object__DESC__C
8f025358   xdc_runtime_LoggerBuf_Object__DESC__C
8f025378   xdc_runtime_knl_GateThread_Object__DESC__C
8f025398   ti_sdo_ipc_Notify_Object__PARAMS__C
8f0253b0   ti_sdo_utils_List_Object__PARAMS__C
8f0253c8   ti_sysbios_gates_GateAll_Object__PARAMS__C
8f0253e0   ti_sysbios_gates_GateHwi_Object__PARAMS__C
8f0253f8   ti_sysbios_gates_GateMutexPri_Object__PARAMS__C
8f025410   ti_sysbios_gates_GateMutex_Object__PARAMS__C
8f025428   ti_sysbios_gates_GateSwi_Object__PARAMS__C
8f025440   ti_sysbios_knl_Queue_Object__PARAMS__C
8f025458   ti_sysbios_knl_Task_hooks__A
8f025470   ti_sysbios_xdcruntime_GateThreadSupport_Object__PARAMS__C
8f025488   xdc_runtime_GateNull_Object__PARAMS__C
8f0254a0   xdc_runtime_knl_GateThread_Object__PARAMS__C
8f0254cc   ti_sdo_ipc_GateMP_E_gateUnavailable__C
8f0254d0   ti_sdo_utils_MultiProc_nameList__A
8f0254e0   ti_sdo_ipc_Ipc_userFxns__A
8f0254ec   ti_sysbios_family_c64p_Cache_initSize__C
8f025500   ti_sdo_ipc_gates_GateHWSpinlock_reservedMaskArr__A
8f025508   ti_sysbios_knl_Idle_funcList__C
8f025510   ti_sysbios_knl_Task_hooks__C
8f025518   xdc_runtime_Startup_firstFxns__A
8f025520   xdc_runtime_Startup_firstFxns__C
8f025528   xdc_runtime_Startup_lastFxns__C
8f025530   ti_sdo_ipc_GateMP_E_localGate__C
8f025534   ti_sdo_ipc_Ipc_E_internal__C
8f025538   ti_sdo_ipc_Ipc_E_nameFailed__C
8f02553c   ti_sdo_ipc_Ipc_E_versionMismatch__C
8f025540   ti_sdo_ipc_Ipc_numUserFxns__C
8f025544   ti_sdo_ipc_Ipc_procSync__C
8f025548   ti_sdo_ipc_Ipc_userFxns__C
8f02554c   ti_sdo_ipc_MessageQ_Instance_State_highList__O
8f025550   ti_sdo_ipc_MessageQ_Instance_State_normalList__O
8f025554   ti_sdo_ipc_MessageQ_Object__count__C
8f025558   ti_sdo_ipc_Notify_Module__gateObj__C
8f02555c   ti_sdo_ipc_Notify_Object__heap__C
8f025560   ti_sdo_ipc_Notify_numEvents__C
8f025564   ti_sdo_ipc_Notify_sendEventPollCount__C
8f025568   ti_sdo_ipc_SharedRegion_INVALIDSRPTR__C
8f02556c   ti_sdo_ipc_SharedRegion_cacheLineSize__C
8f025570   ti_sdo_ipc_SharedRegion_numOffsetBits__C
8f025574   ti_sdo_ipc_SharedRegion_offsetMask__C
8f025578   ti_sdo_ipc_family_ti81xx_InterruptDsp_hostProcId__C
8f02557c   ti_sdo_ipc_family_ti81xx_InterruptDsp_mailboxBaseAddr__C
8f025580   ti_sdo_ipc_family_ti81xx_InterruptDsp_videoProcId__C
8f025584   ti_sdo_ipc_family_ti81xx_InterruptDsp_vpssProcId__C
8f025588   ti_sdo_ipc_family_ti81xx_NotifySetup_dspIntVectId__C
8f02558c   ti_sdo_ipc_family_ti81xx_NotifySetup_dspProcId__C
8f025590   ti_sdo_ipc_family_ti81xx_NotifySetup_videoProcId__C
8f025594   ti_sdo_ipc_family_ti81xx_NotifySetup_vpssProcId__C
8f025598   ti_sdo_ipc_gates_GateHWSpinlock_baseAddr__C
8f02559c   ti_sdo_ipc_gates_GateHWSpinlock_numLocks__C
8f0255a0   ti_sdo_ipc_gates_GateHWSpinlock_reservedMaskArr__C
8f0255a4   ti_sdo_ipc_gates_GatePeterson_E_gateRemotelyOpened__C
8f0255a8   ti_sdo_ipc_heaps_HeapMemMP_E_memory__C
8f0255ac   ti_sdo_ipc_interfaces_IGateMPSupport_Interface__BASE__C
8f0255b0   ti_sdo_ipc_interfaces_IMessageQTransport_Interface__BASE__C
8f0255b4   ti_sdo_ipc_interfaces_INotifyDriver_Interface__BASE__C
8f0255b8   ti_sdo_ipc_notifyDrivers_NotifyDriverShm_Object__heap__C
8f0255bc   ti_sdo_ipc_nsremote_NameServerRemoteNotify_Instance_State_semMultiBlock__O
8f0255c0   ti_sdo_ipc_nsremote_NameServerRemoteNotify_Instance_State_semRemoteWait__O
8f0255c4   ti_sdo_ipc_nsremote_NameServerRemoteNotify_Instance_State_swiObj__O
8f0255c8   ti_sdo_ipc_nsremote_NameServerRemoteNotify_notifyEventId__C
8f0255cc   ti_sdo_ipc_nsremote_NameServerRemoteNotify_timeout__C
8f0255d0   ti_sdo_ipc_transports_TransportShmSetup_priority__C
8f0255d4   ti_sdo_ipc_transports_TransportShm_Instance_State_swiObj__O
8f0255d8   ti_sdo_utils_INameServerRemote_Interface__BASE__C
8f0255dc   ti_sdo_utils_MultiProc_nameList__C
8f0255e0   ti_sdo_utils_NameServer_E_entryExists__C
8f0255e4   ti_sdo_utils_NameServer_E_maxReached__C
8f0255e8   ti_sdo_utils_NameServer_Instance_State_freeList__O
8f0255ec   ti_sdo_utils_NameServer_Instance_State_nameList__O
8f0255f0   ti_sdo_utils_NameServer_Object__count__C
8f0255f4   ti_sysbios_BIOS_installedErrorHook__C
8f0255f8   ti_sysbios_family_c62_TaskSupport_stackAlignment__C
8f0255fc   ti_sysbios_family_c64p_Cache_EMIFA_BASE__C
8f025600   ti_sysbios_family_c64p_Cache_EMIFA_CFG__C
8f025604   ti_sysbios_family_c64p_Cache_EMIFA_LENGTH__C
8f025608   ti_sysbios_family_c64p_Cache_EMIFB_BASE__C
8f02560c   ti_sysbios_family_c64p_Cache_EMIFB_CFG__C
8f025610   ti_sysbios_family_c64p_Cache_EMIFB_LENGTH__C
8f025614   ti_sysbios_family_c64p_Cache_EMIFC_BASE__C
8f025618   ti_sysbios_family_c64p_Cache_EMIFC_CFG__C
8f02561c   ti_sysbios_family_c64p_Cache_EMIFC_LENGTH__C
8f025620   ti_sysbios_family_c64p_Cache_MAR0_31__C
8f025624   ti_sysbios_family_c64p_Cache_MAR128_159__C
8f025628   ti_sysbios_family_c64p_Cache_MAR160_191__C
8f02562c   ti_sysbios_family_c64p_Cache_MAR192_223__C
8f025630   ti_sysbios_family_c64p_Cache_MAR224_255__C
8f025634   ti_sysbios_family_c64p_Cache_MAR32_63__C
8f025638   ti_sysbios_family_c64p_Cache_MAR64_95__C
8f02563c   ti_sysbios_family_c64p_Cache_MAR96_127__C
8f025640   ti_sysbios_family_c64p_Exception_E_exceptionMin__C
8f025644   ti_sysbios_family_c64p_Exception_exceptionHook__C
8f025648   ti_sysbios_family_c64p_Exception_externalHook__C
8f02564c   ti_sysbios_family_c64p_Exception_internalHook__C
8f025650   ti_sysbios_family_c64p_Exception_nmiHook__C
8f025654   ti_sysbios_family_c64p_Hwi_E_alreadyDefined__C
8f025658   ti_sysbios_family_c64p_Hwi_E_handleNotFound__C
8f02565c   ti_sysbios_gates_GateMutexPri_Instance_State_pendQ__O
8f025660   ti_sysbios_gates_GateMutex_Instance_State_sem__O
8f025664   ti_sysbios_hal_Hwi_E_stackOverflow__C
8f025668   ti_sysbios_heaps_HeapMem_E_memory__C
8f02566c   ti_sysbios_heaps_HeapMem_Module__gateObj__C
8f025670   ti_sysbios_heaps_HeapMem_Object__count__C
8f025674   ti_sysbios_heaps_HeapMem_reqAlignMask__C
8f025678   ti_sysbios_heaps_HeapMem_reqAlign__C
8f02567c   ti_sysbios_knl_Clock_Module_State_clockQ__O
8f025680   ti_sysbios_knl_Clock_tickMode__C
8f025684   ti_sysbios_knl_Clock_tickSource__C
8f025688   ti_sysbios_knl_Idle_funcList__A
8f02568c   ti_sysbios_knl_Semaphore_Instance_State_pendQ__O
8f025690   ti_sysbios_knl_Swi_Object__count__C
8f025694   ti_sysbios_knl_Task_E_spOutOfBounds__C
8f025698   ti_sysbios_knl_Task_E_stackOverflow__C
8f02569c   ti_sysbios_knl_Task_Module_State_inactiveQ__O
8f0256a0   ti_sysbios_knl_Task_Module_State_terminatedQ__O
8f0256a4   ti_sysbios_knl_Task_Object__count__C
8f0256a8   ti_sysbios_knl_Task_Object__heap__C
8f0256ac   ti_sysbios_knl_Task_allBlockedFunc__C
8f0256b0   ti_sysbios_knl_Task_defaultStackHeap__C
8f0256b4   ti_sysbios_knl_Task_defaultStackSize__C
8f0256b8   ti_sysbios_knl_Task_numConstructedTasks__C
8f0256bc   ti_sysbios_timers_dmtimer_Timer_E_cannotSupport__C
8f0256c0   ti_sysbios_timers_dmtimer_Timer_E_freqMismatch__C
8f0256c4   ti_sysbios_timers_dmtimer_Timer_numTimerDevices__C
8f0256c8   ti_sysbios_xdcruntime_GateThreadSupport_Instance_State_gate__O
8f0256cc   xdc_runtime_Assert_E_assertFailed__C
8f0256d0   xdc_runtime_Core_A_initializedParams__C
8f0256d4   xdc_runtime_Core_Module__diagsEnabled__C
8f0256d8   xdc_runtime_Core_Module__diagsIncluded__C
8f0256dc   xdc_runtime_Core_Module__diagsMask__C
8f0256e0   xdc_runtime_Diags_dictBase__C
8f0256e4   xdc_runtime_Error_E_generic__C
8f0256e8   xdc_runtime_Error_E_memory__C
8f0256ec   xdc_runtime_Error_Module__diagsEnabled__C
8f0256f0   xdc_runtime_Error_Module__diagsIncluded__C
8f0256f4   xdc_runtime_Error_Module__diagsMask__C
8f0256f8   xdc_runtime_Error_Module__loggerFxn8__C
8f0256fc   xdc_runtime_Error_Module__loggerObj__C
8f025700   xdc_runtime_Error_policy__C
8f025704   xdc_runtime_Error_raiseHook__C
8f025708   xdc_runtime_IFilterLogger_Interface__BASE__C
8f02570c   xdc_runtime_IGateProvider_Interface__BASE__C
8f025710   xdc_runtime_IHeap_Interface__BASE__C
8f025714   xdc_runtime_ILogger_Interface__BASE__C
8f025718   xdc_runtime_IModule_Interface__BASE__C
8f02571c   xdc_runtime_Log_L_error__C
8f025720   xdc_runtime_LoggerBuf_E_badLevel__C
8f025724   xdc_runtime_LoggerBuf_Module__gateObj__C
8f025728   xdc_runtime_LoggerBuf_Object__count__C
8f02572c   xdc_runtime_LoggerBuf_statusLogger__C
8f025730   xdc_runtime_Main_Module__diagsEnabled__C
8f025734   xdc_runtime_Main_Module__diagsIncluded__C
8f025738   xdc_runtime_Main_Module__diagsMask__C
8f02573c   xdc_runtime_Main_Module__loggerFxn1__C
8f025740   xdc_runtime_Main_Module__loggerFxn2__C
8f025744   xdc_runtime_Main_Module__loggerFxn4__C
8f025748   xdc_runtime_Main_Module__loggerObj__C
8f02574c   xdc_runtime_Memory_defaultHeapInstance__C
8f025750   xdc_runtime_Registry_Module__diagsEnabled__C
8f025754   xdc_runtime_Registry_Module__diagsIncluded__C
8f025758   xdc_runtime_Registry_Module__diagsMask__C
8f02575c   xdc_runtime_Registry_Module__loggerFxn1__C
8f025760   xdc_runtime_Registry_Module__loggerFxn2__C
8f025764   xdc_runtime_Registry_Module__loggerObj__C
8f025768   xdc_runtime_Startup_execImpl__C
8f02576c   xdc_runtime_Startup_maxPasses__C
8f025770   xdc_runtime_Startup_lastFxns__A
8f025774   xdc_runtime_Startup_sfxnRts__C
8f025778   xdc_runtime_Startup_sfxnTab__C
8f02577c   xdc_runtime_SysMin_bufSize__C
8f025780   xdc_runtime_SysMin_outputFunc__C
8f025784   xdc_runtime_System_Module__gateObj__C
8f025788   xdc_runtime_System_extendFxn__C
8f02578c   xdc_runtime_System_maxAtexitHandlers__C
8f025790   xdc_runtime_Text_charTab__C
8f025794   xdc_runtime_Text_nameEmpty__C
8f025798   xdc_runtime_Text_nameStatic__C
8f02579c   xdc_runtime_Text_nameUnknown__C
8f0257a0   xdc_runtime_Text_nodeTab__C
8f0257a4   xdc_runtime_Text_visitRopeFxn__C
8f0257a8   ti_sdo_ipc_GateMP_Module__id__C
8f0257ac   ti_sdo_ipc_Ipc_generateSlaveDataForHost__C
8f0257b0   ti_sdo_ipc_ListMP_Module__id__C
8f0257b4   ti_sdo_ipc_Notify_numLines__C
8f0257b8   ti_sdo_ipc_SharedRegion_numEntries__C
8f0257bc   ti_sdo_ipc_SharedRegion_translate__C
8f0257c0   ti_sdo_ipc_gates_GatePeterson_Module__id__C
8f0257c4   ti_sdo_ipc_heaps_HeapMemMP_Module__id__C
8f0257c8   ti_sdo_ipc_nsremote_NameServerRemoteNotify_Module__id__C
8f0257cc   ti_sdo_ipc_transports_TransportShm_Module__id__C
8f0257d0   ti_sdo_ipc_transports_TransportShm_notifyEventId__C
8f0257d4   ti_sdo_utils_MultiProc_numProcessors__C
8f0257d8   ti_sdo_utils_MultiProc_numProcsInCluster__C
8f0257dc   ti_sdo_utils_NameServer_Module__id__C
8f0257e0   ti_sysbios_family_c64p_Exception_Module__id__C
8f0257e4   ti_sysbios_family_c64p_Hwi_Module__id__C
8f0257e8   ti_sysbios_hal_Hwi_Module__id__C
8f0257ec   ti_sysbios_heaps_HeapMem_Module__id__C
8f0257f0   ti_sysbios_knl_Task_Module__id__C
8f0257f4   ti_sysbios_knl_Task_deleteTerminatedTasks__C
8f0257f8   ti_sysbios_knl_Task_initStackFlag__C
8f0257fc   ti_sysbios_timers_dmtimer_Timer_Module__id__C
8f025800   ti_sysbios_timers_dmtimer_Timer_checkFrequency__C
8f025804   ti_sysbios_timers_dmtimer_Timer_startupNeeded__C
8f025808   xdc_runtime_Core_Module__id__C
8f02580c   xdc_runtime_Diags_setMaskEnabled__C
8f025810   xdc_runtime_Error_Module__loggerDefined__C
8f025814   xdc_runtime_Error_maxDepth__C
8f025818   xdc_runtime_LoggerBuf_Module__id__C
8f02581c   xdc_runtime_LoggerBuf_filterByLevel__C
8f025820   xdc_runtime_Main_Module__id__C
8f025824   xdc_runtime_Main_Module__loggerDefined__C
8f025828   xdc_runtime_Memory_Module__id__C
8f02582c   xdc_runtime_Registry_Module__loggerDefined__C
8f025830   xdc_runtime_SysMin_flushAtExit__C
8f025834   xdc_runtime_Text_charCnt__C
8f025838   xdc_runtime_Text_isLoaded__C
8f02583c   xdc_runtime_Text_registryModsLastId__C
8f025840   xdc_runtime_Text_unnamedModsLastId__C
8f025848   ti_sdo_ipc_GateMP_Module_State_0_remoteCustom1Gates__A
8f026048   ti_sdo_ipc_GateMP_Module__root__V
8f026054   ti_sdo_ipc_GateMP_Module__state__V
8f02609c   ti_sdo_ipc_Ipc_Module__root__V
8f0260a0   ti_sdo_ipc_Ipc_Module__state__V
8f0260ac   ti_sdo_ipc_ListMP_Module__root__V
8f0260b8   ti_sdo_ipc_ListMP_Module__state__V
8f0260bc   ti_sdo_ipc_MessageQ_Module__root__V
8f0260c8   ti_sdo_ipc_MessageQ_Module__state__V
8f0260e4   ti_sdo_ipc_Notify_Module__root__V
8f0260f0   ti_sdo_ipc_Notify_Module__state__V
8f0260f8   ti_sdo_ipc_SharedRegion_Module__root__V
8f0260fc   ti_sdo_ipc_SharedRegion_Module__state__V
8f026100   ti_sdo_ipc_family_ti81xx_InterruptDsp_Module__root__V
8f026104   ti_sdo_ipc_family_ti81xx_InterruptDsp_Module__state__V
8f026120   ti_sdo_ipc_family_ti81xx_NotifySetup_Module__root__V
8f026124   ti_sdo_ipc_gates_GateHWSpinlock_Module__root__V
8f026130   ti_sdo_ipc_gates_GateMPSupportNull_Module__root__V
8f02613c   ti_sdo_ipc_gates_GatePeterson_Module__root__V
8f026148   ti_sdo_ipc_heaps_HeapMemMP_Module__root__V
8f026154   ti_sdo_ipc_heaps_HeapMemMP_Module__state__V
8f026158   ti_sdo_ipc_notifyDrivers_NotifyDriverShm_Module__root__V
8f026164   ti_sdo_ipc_nsremote_NameServerRemoteNotify_Module__root__V
8f026170   ti_sdo_ipc_transports_TransportShm_Module__root__V
8f02617c   ti_sdo_ipc_transports_TransportShmSetup_Module__root__V
8f026180   ti_sdo_ipc_transports_TransportShmSetup_Module__state__V
8f026184   ti_sdo_utils_List_Module__root__V
8f026190   ti_sdo_utils_MultiProc_Module__root__V
8f026192   ti_sdo_utils_MultiProc_Module__state__V
8f026198   ti_sdo_utils_NameServer_Module__root__V
8f0261a4   ti_sdo_utils_NameServer_Module__state__V
8f0261ac   ti_sdo_utils_NameServerRemoteNull_Module__root__V
8f0261b8   ti_sysbios_BIOS_Module__root__V
8f0261bc   ti_sysbios_BIOS_Module__state__V
8f0261d8   ti_sysbios_family_c62_IntrinsicsSupport_Module__root__V
8f0261da   ti_sysbios_family_c62_TaskSupport_Module__root__V
8f0261dc   ti_sysbios_family_c64p_Cache_Module__root__V
8f0261e0   ti_sysbios_family_c64p_Cache_Module__state__V
8f0261e4   ti_sysbios_family_c64p_Exception_Module__root__V
8f0261e8   ti_sysbios_family_c64p_Exception_Module__state__V
8f026214   ti_sysbios_family_c64p_Hwi_Module__root__V
8f026220   ti_sysbios_family_c64p_Hwi_Module__state__V
8f026288   ti_sysbios_family_c64p_ti81xx_TimerSupport_Module__root__V
8f02628c   ti_sysbios_gates_GateAll_Module__root__V
8f026298   ti_sysbios_gates_GateHwi_Module__root__V
8f0262a4   ti_sysbios_gates_GateMutex_Module__root__V
8f0262b0   ti_sysbios_gates_GateMutexPri_Module__root__V
8f0262bc   ti_sysbios_gates_GateSwi_Module__root__V
8f0262c8   ti_sysbios_hal_Cache_Module__root__V
8f0262cc   ti_sysbios_hal_Hwi_Module__root__V
8f0262d8   ti_sysbios_hal_Timer_Module__root__V
8f0262e4   ti_sysbios_heaps_HeapMem_Module__root__V
8f0262f0   ti_sysbios_knl_Clock_Module__root__V
8f0262fc   ti_sysbios_knl_Clock_Module__state__V
8f026328   ti_sysbios_knl_Idle_Module__root__V
8f02632a   ti_sysbios_knl_Intrinsics_Module__root__V
8f02632c   ti_sysbios_knl_Queue_Module__root__V
8f026338   ti_sysbios_knl_Semaphore_Module__root__V
8f026344   ti_sysbios_knl_Swi_Module__root__V
8f026350   ti_sysbios_knl_Swi_Module__state__V
8f02636c   ti_sysbios_knl_Task_Module__root__V
8f026378   ti_sysbios_knl_Task_Module__state__V
8f0263ac   ti_sysbios_syncs_SyncSem_Module__root__V
8f0263b8   ti_sysbios_timers_dmtimer_Timer_Module__root__V
8f0263c4   ti_sysbios_timers_dmtimer_Timer_Module__state__V
8f0263dc   ti_sysbios_xdcruntime_GateThreadSupport_Module__root__V
8f0263e8   xdc_runtime_Defaults_Module__root__V
8f0263ea   xdc_runtime_Error_Module__root__V
8f0263ec   xdc_runtime_Error_Module__state__V
8f0263f0   xdc_runtime_GateNull_Module__root__V
8f0263f8   xdc_runtime_LoggerBuf_Module__root__V
8f026400   xdc_runtime_LoggerBuf_Module__state__V
8f026406   xdc_runtime_Main_Module__root__V
8f026408   xdc_runtime_Memory_Module__state__V
8f02640c   xdc_runtime_Registry_Module__root__V
8f026410   xdc_runtime_Registry_Module__state__V
8f026418   xdc_runtime_Startup_Module__state__V
8f026420   xdc_runtime_SysMin_Module__state__V
8f02642c   xdc_runtime_System_Module__state__V
8f026438   xdc_runtime_Text_Module__state__V
8f026440   xdc_runtime_knl_GateThread_Module__root__V
8f02644c   __xdc__init__addr
8f026450   xdc_runtime_Diags_dictElems
8f0265f0   ti_sdo_ipc_GateMP_Module_State_0_remoteSystemGates__A
8f0266f0   ti_sdo_utils_NameServer_Object__table__V
8f0267d0   ti_sdo_ipc_SharedRegion_Module_State_0_regions__A
8f026860   ti_sysbios_knl_Swi_Module_State_0_readyQ__A
8f0268e0   ti_sysbios_knl_Task_Module_State_0_readyQ__A
8f026960   ti_sysbios_timers_dmtimer_Timer_Object__table__V
8f0269b8   ti_sdo_ipc_Ipc_Module_State_0_procEntry__A
8f026a08   TSK_idle
8f026a08   ti_sysbios_knl_Task_Object__table__V
8f026a50   ti_sysbios_gates_GateMutex_Object__table__V
8f026a90   ti_sysbios_knl_Swi_Object__table__V
8f026ac0   ti_sysbios_timers_dmtimer_Timer_Module_State_0_device__A
8f026ae8   xdc_runtime_LoggerBuf_Object__table__V
8f026b10   ti_sdo_ipc_MessageQ_Module_State_0_heaps__A
8f026b30   ti_sdo_ipc_MessageQ_Module_State_0_transports__A
8f026b50   xdc_runtime_System_Module_State_0_atexitHandlers__A
8f026b70   ti_sysbios_family_c64p_Hwi_Object__table__V
8f026b88   ti_sysbios_gates_GateMutexPri_Object__table__V
8f026ba0   ti_sysbios_heaps_HeapMem_Object__table__V
8f026bb8   ti_sdo_ipc_Notify_Module_State_0_notifyHandles__A
8f026bc8   ti_sdo_ipc_transports_TransportShmSetup_Module_State_0_handles__A
8f026bd8   ti_sysbios_gates_GateAll_Object__table__V
8f026be8   _cleanup_ptr
8f026bec   _dtors_ptr
8f026bf0   __TI_enable_exit_profile_output
8f026bf8   ti_sysbios_gates_GateSwi_Object__table__V
8f026c08   ti_sysbios_timers_dmtimer_Timer_Module_State_0_handles__A
8f026c14   _lock
8f026c18   _unlock
8f026c20   ti_sysbios_hal_Hwi_Object__table__V
8f026c28   ti_sysbios_hal_Timer_Object__table__V
8f026c30   ti_sdo_ipc_GateMP_Module_State_0_remoteCustom2Gates__A
8f026c38   ti_sdo_ipc_Notify_Module_State_0_notifyHandles_0__A
8f026c40   ti_sdo_ipc_Notify_Module_State_0_notifyHandles_1__A
8f026c48   ti_sdo_ipc_Notify_Module_State_0_notifyHandles_2__A
8f026c50   ti_sdo_ipc_Notify_Module_State_0_notifyHandles_3__A
8f026c58   ti_sysbios_gates_GateHwi_Object__table__V
8f026c60   xdc_runtime_GateNull_Object__table__V
8f026c68   _stack
8f027c68   __CIOBUF_
8f027c68   __TI_STACK_END
8f027d88   __c_args__
8f027dfc   Syslink_terminateEventId
8f027dfc   __TI_STATIC_BASE
8f027e00   Syslink_terminateEventLineId
8f028000   ti_sysbios_family_c64p_Hwi0
8f028020   ti_sysbios_family_c64p_Hwi1
8f028040   ti_sysbios_family_c64p_Hwi2
8f028060   ti_sysbios_family_c64p_Hwi3
8f028080   ti_sysbios_family_c64p_Hwi4
8f0280a0   ti_sysbios_family_c64p_Hwi5
8f0280c0   ti_sysbios_family_c64p_Hwi6
8f0280e0   ti_sysbios_family_c64p_Hwi7
8f028100   ti_sysbios_family_c64p_Hwi8
8f028120   ti_sysbios_family_c64p_Hwi9
8f028140   ti_sysbios_family_c64p_Hwi10
8f028160   ti_sysbios_family_c64p_Hwi11
8f028180   ti_sysbios_family_c64p_Hwi12
8f0281a0   ti_sysbios_family_c64p_Hwi13
8f0281c0   ti_sysbios_family_c64p_Hwi14
8f0281e0   ti_sysbios_family_c64p_Hwi15
8f028400   _Ipc_ResetVector
8f028408   Ipc_sr0MemorySetup
ffffffff   __TI_pprof_out_hndl
ffffffff   __TI_prof_data_size
ffffffff   __TI_prof_data_start
ffffffff   __binit__
ffffffff   binit

[1907 symbols]


DYNAMIC SYMBOLS: SORTED ALPHABETICALLY BY Name 

address    name
--------   ----
UNDEFED    
8f026a08   TSK_idle
8f028400   _Ipc_ResetVector
8f027c68   __TI_STACK_END
00001000   __TI_STACK_SIZE
8f027dfc   __TI_STATIC_BASE
ffffffff   __TI_pprof_out_hndl
ffffffff   __TI_prof_data_size
ffffffff   __TI_prof_data_start
ffffffff   __binit__
8f027d88   __c_args__
00000064   _argsize
ffffffff   binit
00000001   xdc_runtime_Startup__EXECFXN__C
00000001   xdc_runtime_Startup__RESETFXN__C

[15 symbols]


IMPORTED and EXPORTED SYMBOLS: SORTED ALPHABETICALLY BY Name 

IMPORTED SYMBOLS

name                           size      Imported from
-----------------------------  --------  -------------

[0 symbols]


EXPORTED SYMBOLS

address    name
--------   ----
8f028400   _Ipc_ResetVector
