Archive member included because of file (symbol)

/home/anhduc/ti-ezsdk_dm816x-evm_5_05_02_00/component-sources/syslink_2_20_02_20/packages/ti/syslink/lib/syslink.a_debug(Notify.o)
                              bin/debug/obj/App.ov5T (Notify_registerEventSingle)
/home/anhduc/ti-ezsdk_dm816x-evm_5_05_02_00/component-sources/syslink_2_20_02_20/packages/ti/syslink/lib/syslink.a_debug(Ipc.o)
                              bin/debug/obj/main_host.ov5T (Ipc_control)
/home/anhduc/ti-ezsdk_dm816x-evm_5_05_02_00/component-sources/syslink_2_20_02_20/packages/ti/syslink/lib/syslink.a_debug(RingIO.o)
                              /home/anhduc/ti-ezsdk_dm816x-evm_5_05_02_00/component-sources/syslink_2_20_02_20/packages/ti/syslink/lib/syslink.a_debug(Ipc.o) (RingIO_getConfig)
/home/anhduc/ti-ezsdk_dm816x-evm_5_05_02_00/component-sources/syslink_2_20_02_20/packages/ti/syslink/lib/syslink.a_debug(RingIOShm.o)
                              /home/anhduc/ti-ezsdk_dm816x-evm_5_05_02_00/component-sources/syslink_2_20_02_20/packages/ti/syslink/lib/syslink.a_debug(Ipc.o) (RingIOShm_getConfig)
/home/anhduc/ti-ezsdk_dm816x-evm_5_05_02_00/component-sources/syslink_2_20_02_20/packages/ti/syslink/lib/syslink.a_debug(FrameQ.o)
                              /home/anhduc/ti-ezsdk_dm816x-evm_5_05_02_00/component-sources/syslink_2_20_02_20/packages/ti/syslink/lib/syslink.a_debug(Ipc.o) (FrameQ_getConfig)
/home/anhduc/ti-ezsdk_dm816x-evm_5_05_02_00/component-sources/syslink_2_20_02_20/packages/ti/syslink/lib/syslink.a_debug(FrameQBufMgr.o)
                              /home/anhduc/ti-ezsdk_dm816x-evm_5_05_02_00/component-sources/syslink_2_20_02_20/packages/ti/syslink/lib/syslink.a_debug(Ipc.o) (FrameQBufMgr_getConfig)
/home/anhduc/ti-ezsdk_dm816x-evm_5_05_02_00/component-sources/syslink_2_20_02_20/packages/ti/syslink/lib/syslink.a_debug(ClientNotifyMgr.o)
                              /home/anhduc/ti-ezsdk_dm816x-evm_5_05_02_00/component-sources/syslink_2_20_02_20/packages/ti/syslink/lib/syslink.a_debug(RingIO.o) (ClientNotifyMgr_sharedMemReq)
/home/anhduc/ti-ezsdk_dm816x-evm_5_05_02_00/component-sources/syslink_2_20_02_20/packages/ti/syslink/lib/syslink.a_debug(HeapMemMP.o)
                              /home/anhduc/ti-ezsdk_dm816x-evm_5_05_02_00/component-sources/syslink_2_20_02_20/packages/ti/syslink/lib/syslink.a_debug(Ipc.o) (HeapMemMP_getConfig)
/home/anhduc/ti-ezsdk_dm816x-evm_5_05_02_00/component-sources/syslink_2_20_02_20/packages/ti/syslink/lib/syslink.a_debug(HeapBufMP.o)
                              /home/anhduc/ti-ezsdk_dm816x-evm_5_05_02_00/component-sources/syslink_2_20_02_20/packages/ti/syslink/lib/syslink.a_debug(Ipc.o) (HeapBufMP_getConfig)
/home/anhduc/ti-ezsdk_dm816x-evm_5_05_02_00/component-sources/syslink_2_20_02_20/packages/ti/syslink/lib/syslink.a_debug(GateMP.o)
                              /home/anhduc/ti-ezsdk_dm816x-evm_5_05_02_00/component-sources/syslink_2_20_02_20/packages/ti/syslink/lib/syslink.a_debug(Ipc.o) (GateMP_getConfig)
/home/anhduc/ti-ezsdk_dm816x-evm_5_05_02_00/component-sources/syslink_2_20_02_20/packages/ti/syslink/lib/syslink.a_debug(NotifyDrvUsr.o)
                              /home/anhduc/ti-ezsdk_dm816x-evm_5_05_02_00/component-sources/syslink_2_20_02_20/packages/ti/syslink/lib/syslink.a_debug(Notify.o) (NotifyDrvUsr_open)
/home/anhduc/ti-ezsdk_dm816x-evm_5_05_02_00/component-sources/syslink_2_20_02_20/packages/ti/syslink/lib/syslink.a_debug(HeapBufMPDrv.o)
                              /home/anhduc/ti-ezsdk_dm816x-evm_5_05_02_00/component-sources/syslink_2_20_02_20/packages/ti/syslink/lib/syslink.a_debug(HeapBufMP.o) (HeapBufMPDrv_open)
/home/anhduc/ti-ezsdk_dm816x-evm_5_05_02_00/component-sources/syslink_2_20_02_20/packages/ti/syslink/lib/syslink.a_debug(IpcDrv.o)
                              /home/anhduc/ti-ezsdk_dm816x-evm_5_05_02_00/component-sources/syslink_2_20_02_20/packages/ti/syslink/lib/syslink.a_debug(Ipc.o) (IpcDrv_open)
/home/anhduc/ti-ezsdk_dm816x-evm_5_05_02_00/component-sources/syslink_2_20_02_20/packages/ti/syslink/lib/syslink.a_debug(FrameQDrv.o)
                              /home/anhduc/ti-ezsdk_dm816x-evm_5_05_02_00/component-sources/syslink_2_20_02_20/packages/ti/syslink/lib/syslink.a_debug(FrameQ.o) (FrameQDrv_open)
/home/anhduc/ti-ezsdk_dm816x-evm_5_05_02_00/component-sources/syslink_2_20_02_20/packages/ti/syslink/lib/syslink.a_debug(FrameQBufMgrDrv.o)
                              /home/anhduc/ti-ezsdk_dm816x-evm_5_05_02_00/component-sources/syslink_2_20_02_20/packages/ti/syslink/lib/syslink.a_debug(FrameQBufMgr.o) (FrameQBufMgrDrv_open)
/home/anhduc/ti-ezsdk_dm816x-evm_5_05_02_00/component-sources/syslink_2_20_02_20/packages/ti/syslink/lib/syslink.a_debug(ClientNotifyMgrDrv.o)
                              /home/anhduc/ti-ezsdk_dm816x-evm_5_05_02_00/component-sources/syslink_2_20_02_20/packages/ti/syslink/lib/syslink.a_debug(ClientNotifyMgr.o) (ClientNotifyMgrDrv_open)
[...]
Memory Configuration

Name             Origin             Length             Attributes
*default*        0x00000000         0xffffffff

Linker script and memory map

LOAD /home/anhduc/CodeSourcery/Sourcery_G++_Lite/bin/../arm-none-linux-gnueabi/libc/usr/lib/crt1.o
LOAD /home/anhduc/CodeSourcery/Sourcery_G++_Lite/bin/../arm-none-linux-gnueabi/libc/usr/lib/crti.o
LOAD /home/anhduc/CodeSourcery/Sourcery_G++_Lite/bin/../lib/gcc/arm-none-linux-gnueabi/4.3.3/crtbegin.o
LOAD bin/debug/obj/main_host.ov5T
LOAD bin/debug/obj/App.ov5T
LOAD /home/anhduc/ti-ezsdk_dm816x-evm_5_05_02_00/component-sources/syslink_2_20_02_20/packages/ti/syslink/lib/syslink.a_debug
LOAD /home/anhduc/CodeSourcery/Sourcery_G++_Lite/bin/../arm-none-linux-gnueabi/libc/usr/lib/libpthread.so
START GROUP
LOAD /home/anhduc/CodeSourcery/Sourcery_G++_Lite/bin/../arm-none-linux-gnueabi/libc/lib/libpthread.so.0
LOAD /home/anhduc/CodeSourcery/Sourcery_G++_Lite/bin/../arm-none-linux-gnueabi/libc/usr/lib/libpthread_nonshared.a
END GROUP
LOAD /home/anhduc/CodeSourcery/Sourcery_G++_Lite/bin/../arm-none-linux-gnueabi/libc/usr/lib/libc.so
START GROUP
LOAD /home/anhduc/CodeSourcery/Sourcery_G++_Lite/bin/../arm-none-linux-gnueabi/libc/lib/libc.so.6
LOAD /home/anhduc/CodeSourcery/Sourcery_G++_Lite/bin/../arm-none-linux-gnueabi/libc/usr/lib/libc_nonshared.a
LOAD /home/anhduc/CodeSourcery/Sourcery_G++_Lite/bin/../arm-none-linux-gnueabi/libc/lib/ld-linux.so.3
END GROUP
LOAD /home/anhduc/CodeSourcery/Sourcery_G++_Lite/bin/../arm-none-linux-gnueabi/libc/usr/lib/librt.so
LOAD /home/anhduc/CodeSourcery/Sourcery_G++_Lite/bin/../lib/gcc/arm-none-linux-gnueabi/4.3.3/libgcc.a
LOAD /home/anhduc/CodeSourcery/Sourcery_G++_Lite/bin/../arm-none-linux-gnueabi/libc/lib/libgcc_s.so
LOAD /home/anhduc/CodeSourcery/Sourcery_G++_Lite/bin/../arm-none-linux-gnueabi/libc/usr/lib/libc.so
START GROUP
LOAD /home/anhduc/CodeSourcery/Sourcery_G++_Lite/bin/../arm-none-linux-gnueabi/libc/lib/libc.so.6
LOAD /home/anhduc/CodeSourcery/Sourcery_G++_Lite/bin/../arm-none-linux-gnueabi/libc/usr/lib/libc_nonshared.a
LOAD /home/anhduc/CodeSourcery/Sourcery_G++_Lite/bin/../arm-none-linux-gnueabi/libc/lib/ld-linux.so.3
END GROUP
LOAD /home/anhduc/CodeSourcery/Sourcery_G++_Lite/bin/../lib/gcc/arm-none-linux-gnueabi/4.3.3/libgcc.a
LOAD /home/anhduc/CodeSourcery/Sourcery_G++_Lite/bin/../arm-none-linux-gnueabi/libc/lib/libgcc_s.so
LOAD /home/anhduc/CodeSourcery/Sourcery_G++_Lite/bin/../lib/gcc/arm-none-linux-gnueabi/4.3.3/crtend.o
LOAD /home/anhduc/CodeSourcery/Sourcery_G++_Lite/bin/../arm-none-linux-gnueabi/libc/usr/lib/crtn.o
                0x00008000                PROVIDE (__executable_start, 0x8000)
                0x00008134                . = (0x8000 + SIZEOF_HEADERS)

.interp         0x00008134       0x13
 *(.interp)
 .interp        0x00008134       0x13 /home/anhduc/CodeSourcery/Sourcery_G++_Lite/bin/../arm-none-linux-gnueabi/libc/usr/lib/crti.o

.note.ABI-tag   0x00008148       0x20
 .note.ABI-tag  0x00008148       0x20 /home/anhduc/CodeSourcery/Sourcery_G++_Lite/bin/../arm-none-linux-gnueabi/libc/usr/lib/crt1.o

.note.gnu.build-id
 *(.note.gnu.build-id)

.hash           0x00008168      0x14c
 *(.hash)
 .hash          0x00008168      0x14c /home/anhduc/CodeSourcery/Sourcery_G++_Lite/bin/../arm-none-linux-gnueabi/libc/usr/lib/crti.o

.gnu.hash
 *(.gnu.hash)

.dynsym         0x000082b4      0x2c0
 *(.dynsym)
 .dynsym        0x000082b4      0x2c0 /home/anhduc/CodeSourcery/Sourcery_G++_Lite/bin/../arm-none-linux-gnueabi/libc/usr/lib/crti.o

.dynstr         0x00008574      0x202
 *(.dynstr)
 .dynstr        0x00008574      0x202 /home/anhduc/CodeSourcery/Sourcery_G++_Lite/bin/../arm-none-linux-gnueabi/libc/usr/lib/crti.o

.gnu.version    0x00008776       0x58
 *(.gnu.version)
 .gnu.version   0x00008776       0x58 /home/anhduc/CodeSourcery/Sourcery_G++_Lite/bin/../arm-none-linux-gnueabi/libc/usr/lib/crti.o

.gnu.version_d  0x000087d0        0x0 load address 0x000087ce
 *(.gnu.version_d)
 .gnu.version_d
                0x00000000        0x0 /home/anhduc/CodeSourcery/Sourcery_G++_Lite/bin/../arm-none-linux-gnueabi/libc/usr/lib/crti.o

.gnu.version_r  0x000087d0       0x60
 *(.gnu.version_r)
 .gnu.version_r
                0x000087d0       0x60 /home/anhduc/CodeSourcery/Sourcery_G++_Lite/bin/../arm-none-linux-gnueabi/libc/usr/lib/crti.o

.rel.dyn        0x00008830       0x10
 *(.rel.init)
 *(.rel.text .rel.text.* .rel.gnu.linkonce.t.*)
 *(.rel.fini)
 *(.rel.rodata .rel.rodata.* .rel.gnu.linkonce.r.*)
 *(.rel.data.rel.ro* .rel.gnu.linkonce.d.rel.ro.*)
 *(.rel.data .rel.data.* .rel.gnu.linkonce.d.*)
 *(.rel.tdata .rel.tdata.* .rel.gnu.linkonce.td.*)
 *(.rel.tbss .rel.tbss.* .rel.gnu.linkonce.tb.*)
 *(.rel.ctors)
 *(.rel.dtors)
 *(.rel.got)
 .rel.got       0x00008830        0x8 /home/anhduc/CodeSourcery/Sourcery_G++_Lite/bin/../arm-none-linux-gnueabi/libc/usr/lib/crti.o
 *(.rel.bss .rel.bss.* .rel.gnu.linkonce.b.*)
 .rel.bss       0x00008838        0x8 /home/anhduc/CodeSourcery/Sourcery_G++_Lite/bin/../arm-none-linux-gnueabi/libc/usr/lib/crti.o

.rel.ifunc.dyn
 *(.rel.ifunc.*)

.rela.dyn
 *(.rela.init)
 *(.rela.text .rela.text.* .rela.gnu.linkonce.t.*)
 *(.rela.fini)
 *(.rela.rodata .rela.rodata.* .rela.gnu.linkonce.r.*)
 *(.rela.data .rela.data.* .rela.gnu.linkonce.d.*)
 *(.rela.tdata .rela.tdata.* .rela.gnu.linkonce.td.*)
 *(.rela.tbss .rela.tbss.* .rela.gnu.linkonce.tb.*)
 *(.rela.ctors)
 *(.rela.dtors)
 *(.rela.got)
 *(.rela.bss .rela.bss.* .rela.gnu.linkonce.b.*)

.rela.ifunc.dyn
 *(.rela.ifunc.*)

.rel.plt        0x00008840      0x138
 *(.rel.plt)
 .rel.plt       0x00008840      0x138 /home/anhduc/CodeSourcery/Sourcery_G++_Lite/bin/../arm-none-linux-gnueabi/libc/usr/lib/crti.o

.rela.plt
 *(.rela.plt)

.init           0x00008978        0xc
 *(.init)
 .init          0x00008978        0x8 /home/anhduc/CodeSourcery/Sourcery_G++_Lite/bin/../arm-none-linux-gnueabi/libc/usr/lib/crti.o
                0x00008978                _init
 .init          0x00008980        0x4 /home/anhduc/CodeSourcery/Sourcery_G++_Lite/bin/../arm-none-linux-gnueabi/libc/usr/lib/crtn.o

.plt            0x00008984      0x1e8
 *(.plt)
 .plt           0x00008984      0x1e8 /home/anhduc/CodeSourcery/Sourcery_G++_Lite/bin/../arm-none-linux-gnueabi/libc/usr/lib/crti.o
                0x00008998                open@@GLIBC_2.4
                0x000089a4                mmap@@GLIBC_2.4
                0x000089b0                abort@@GLIBC_2.4
                0x000089bc                pthread_exit@@GLIBC_2.4
                0x000089c8                __libc_start_main@@GLIBC_2.4
                0x000089e0                vsprintf@@GLIBC_2.4
                0x000089ec                getenv@@GLIBC_2.4
                0x000089f8                sem_init@@GLIBC_2.4
                0x00008a04                memset@@GLIBC_2.4
                0x00008a10                sem_destroy@@GLIBC_2.4
                0x00008a1c                perror@@GLIBC_2.4
                0x00008a28                free@@GLIBC_2.4
                0x00008a34                read@@GLIBC_2.4
                0x00008a40                pthread_mutex_unlock@@GLIBC_2.4
                0x00008a4c                ioctl@@GLIBC_2.4
                0x00008a58                pthread_mutex_lock@@GLIBC_2.4
                0x00008a64                pthread_create@@GLIBC_2.4
                0x00008a70                memcpy@@GLIBC_2.4
                0x00008a7c                sem_post@@GLIBC_2.4
                0x00008a88                pthread_sigmask@@GLIBC_2.4
                0x00008a94                printf@@GLIBC_2.4
                0x00008aa0                raise@@GLIBC_2.4
                0x00008aac                pthread_mutex_init@@GLIBC_2.4
                0x00008ab8                close@@GLIBC_2.4
                0x00008ac4                fwrite@@GLIBC_2.4
                0x00008ad0                malloc@@GLIBC_2.4
                0x00008adc                sigfillset@@GLIBC_2.4
                0x00008ae8                puts@@GLIBC_2.4
                0x00008af4                getpid@@GLIBC_2.4
                0x00008b00                fcntl@@GLIBC_2.4
                0x00008b0c                munmap@@GLIBC_2.4
                0x00008b18                nanosleep@@GLIBC_2.4
                0x00008b24                sem_wait@@GLIBC_2.4
                0x00008b30                exit@@GLIBC_2.4
                0x00008b3c                __errno_location@@GLIBC_2.4
                0x00008b48                pthread_self@@GLIBC_2.4
                0x00008b54                pthread_join@@GLIBC_2.4
                0x00008b60                getpagesize@@GLIBC_2.4

.text           0x00008b6c    0x3c4bc
 *(.text .stub .text.* .gnu.linkonce.t.*)
 .text          0x00008b6c       0x38 /home/anhduc/CodeSourcery/Sourcery_G++_Lite/bin/../arm-none-linux-gnueabi/libc/usr/lib/crt1.o
                0x00008b6c                _start
 .text          0x00008ba4       0x24 /home/anhduc/CodeSourcery/Sourcery_G++_Lite/bin/../arm-none-linux-gnueabi/libc/usr/lib/crti.o
 .text          0x00008bc8       0x4c /home/anhduc/CodeSourcery/Sourcery_G++_Lite/bin/../lib/gcc/arm-none-linux-gnueabi/4.3.3/crtbegin.o
 .text          0x00008c14      0x498 bin/debug/obj/main_host.ov5T
                0x00008c14                main
 .text          0x000090ac      0x1b4 bin/debug/obj/App.ov5T
                0x000090ac                App_exec
 .text          0x00009260     0x2af0 /home/anhduc/ti-ezsdk_dm816x-evm_5_05_02_00/component-sources/syslink_2_20_02_20/packages/ti/syslink/lib/syslink.a_debug(Notify.o)
                0x00009260                Notify_getConfig
                0x0000a030                Notify_registerEventSingle
                0x0000b4dc                Notify_restore
                0x0000af4c                Notify_sendEvent
                0x0000b6d0                Notify_disableEvent
                0x00009e00                Notify_intLineRegistered
                0x000099c8                Notify_sharedMemReq
                0x0000ab9c                Notify_unregisterEvent
                0x00009400                Notify_setup
                0x0000a82c                Notify_unregisterEventSingle
                0x00009b60                Notify_eventAvailable
                0x000095f0                Notify_destroy
                0x000098b8                Notify_detach
                0x00009724                Notify_attach
                0x0000a42c                Notify_registerEvent
                0x0000b2dc                Notify_disable
                0x0000ba10                Notify_enableEvent
 .text          0x0000bd50     0x1a5c /home/anhduc/ti-ezsdk_dm816x-evm_5_05_02_00/component-sources/syslink_2_20_02_20/packages/ti/syslink/lib/syslink.a_debug(Ipc.o)
                0x0000d404                Ipc_writeConfig
                0x0000d6f8                Ipc_runtimeId
                0x0000cfe0                Ipc_control
                0x0000c83c                Ipc_destroy
                0x0000bf88                Ipc_setup
                0x0000bd50                Ipc_getConfig
                0x0000d2e4                Ipc_readConfig
 .text          0x0000d7ac     0x3040 /home/anhduc/ti-ezsdk_dm816x-evm_5_05_02_00/component-sources/syslink_2_20_02_20/packages/ti/syslink/lib/syslink.a_debug(RingIO.o)
                0x0000f3bc                RingIO_unregisterNotifier
                0x0000dacc                RingIO_destroy
                0x0000ee50                RingIO_close
                0x0000d7ac                RingIO_getConfig
                0x000104b4                RingIO_flush
                0x000102bc                RingIO_setAttribute
                0x0000f6b8                RingIO_getValidSize
                0x000105d8                RingIO_sendNotify
                0x000106bc                RingIO_sharedMemReq
                0x0000e38c                RingIO_delete
                0x0000ea4c                RingIO_openByAddr
                0x0000fbe0                RingIO_getWaterMark
                0x0000dbf8                RingIO_Params_init
                0x0000f94c                RingIO_getEmptyAttrSize
                0x0000ff2c                RingIO_release
                0x0000fa28                RingIO_getAcquiredOffset
                0x0000f12c                RingIO_registerNotifier
                0x0000f57c                RingIO_setNotifyType
                0x0000e64c                RingIO_open
                0x00010190                RingIO_getvAttribute
                0x0000fd90                RingIO_acquire
                0x0000f794                RingIO_getEmptySize
                0x0000fcbc                RingIO_setWaterMark
                0x00010000                RingIO_cancel
                0x000100bc                RingIO_getAttribute
                0x0000dd84                RingIO_create
                0x0000f870                RingIO_getValidAttrSize
                0x0000d930                RingIO_setup
                0x000103a0                RingIO_setvAttribute
                0x0000fb04                RingIO_getAcquiredSize
 .text          0x000107ec      0x5d4 /home/anhduc/ti-ezsdk_dm816x-evm_5_05_02_00/component-sources/syslink_2_20_02_20/packages/ti/syslink/lib/syslink.a_debug(RingIOShm.o)
                0x00010970                RingIOShm_setup
                0x00010c34                RingIOShm_Params_init
                0x00010b0c                RingIOShm_destroy
                0x000107ec                RingIOShm_getConfig
 .text          0x00010dc0     0x5bf8 /home/anhduc/ti-ezsdk_dm816x-evm_5_05_02_00/component-sources/syslink_2_20_02_20/packages/ti/syslink/lib/syslink.a_debug(FrameQ.o)
                0x00013110                FrameQ_freev
                0x00014ee8                FrameQ_sendNotify
                0x00012ea8                FrameQ_free
                0x00012538                FrameQ_close
                0x00013f84                FrameQ_getv
                0x00014440                FrameQ_registerNotifier
                0x00011bb0                FrameQ_open
                0x00012ba8                FrameQ_allocv
                0x000148d0                FrameQ_unregisterNotifier
                0x0001141c                FrameQ_create
                0x0001290c                FrameQ_alloc
                0x00015bb4                FrameQ_ShMem_Params_init
                0x000157a4                FrameQ_getvNumFreeFrames
                0x00015a38                FrameQ_control
                0x00014c24                FrameQ_dup
                0x0001680c                FrameQ_ShMem_sharedMemReq
                0x00015364                FrameQ_getvNumFrames
                0x00015d4c                FrameQ_Params_init
                0x00013424                FrameQ_put
                0x00010dc0                FrameQ_getConfig
                0x000155cc                FrameQ_getNumFreeFrames
                0x00013c24                FrameQ_get
                0x00011204                FrameQ_destroy
                0x00015104                FrameQ_getNumFrames
                0x00010f5c                FrameQ_setup
                0x000117b8                FrameQ_delete
                0x000137c0                FrameQ_putv
 .text          0x000169b8     0x5f20 /home/anhduc/ti-ezsdk_dm816x-evm_5_05_02_00/component-sources/syslink_2_20_02_20/packages/ti/syslink/lib/syslink.a_debug(FrameQBufMgr.o)
                0x0001b788                FrameQBufMgr_getKnlHandle
                0x00018dc8                FrameQBufMgr_freev
                0x00019f24                FrameQBufMgr_add
                0x00018114                FrameQBufMgr_close
                0x0001a668                FrameQBufMgr_writeBackFrameBuf
                0x0001b5a0                FrameQBufMgr_getId
                0x0001b250                FrameQBufMgr_translateAddr
                0x000173c4                FrameQBufMgr_delete
                0x0001ba28                FrameQBufMgr_getvNumFreeFrames
                0x0001957c                FrameQBufMgr_dupv
                0x0001bd64                FrameQBufMgr_isSupportedBufInterface
                0x000185d4                FrameQBufMgr_allocv
                0x00016e08                FrameQBufMgr_destroy
                0x000169b8                FrameQBufMgr_getConfig
                0x00018aa8                FrameQBufMgr_free
                0x0001af3c                FrameQBufMgr_invalidate
                0x0001b644                FrameQBufMgr_getHandle
                0x0001b854                FrameQBufMgr_getNumFreeFrames
                0x0001ac18                FrameQBufMgr_writeBack
                0x0001bd24                FrameQBufMgr_isSupportedInterface
                0x0001bdc0                FrameQBufMgr_ShMem_Params_init
                0x0001703c                FrameQBufMgr_create
                0x0001a214                FrameQBufMgr_writeBackHeaderBuf
                0x0001bcbc                FrameQBufMgr_getBaseHeaderSize
                0x000191f8                FrameQBufMgr_dup
                0x000182e4                FrameQBufMgr_alloc
                0x0001996c                FrameQBufMgr_registerNotifier
                0x0001a940                FrameQBufMgr_invalidateFrameBuf
                0x00016b5c                FrameQBufMgr_setup
                0x0001a080                FrameQBufMgr_remove
                0x0001bf58                FrameQBufMgr_Params_init
                0x00019c90                FrameQBufMgr_unregisterNotifier
                0x0001a434                FrameQBufMgr_invalidateHeaderBuf
                0x000177f8                FrameQBufMgr_open
 .text          0x0001c8d8     0x519c /home/anhduc/ti-ezsdk_dm816x-evm_5_05_02_00/component-sources/syslink_2_20_02_20/packages/ti/syslink/lib/syslink.a_debug(ClientNotifyMgr.o)
                0x0001ffc8                ClientNotifyMgr_sendNotification
                0x00021534                ClientNotifyMgr_sendForceNotificationMulti
                0x0001ec1c                ClientNotifyMgr_close
                0x0001fcf8                ClientNotifyMgr_disableNotification
                0x0001c93c                ClientNotifyMgr_sharedMemReq
                0x0001db14                ClientNotifyMgr_create
                0x0001d7c8                ClientNotifyMgr_destroy
                0x0001cab4                ClientNotifyMgr_callBack
                0x0001d42c                ClientNotifyMgr_setup
                0x0001c8d8                ClientNotifyMgr_sharedMemModReq
                0x00020c40                ClientNotifyMgr_sendNotificationMulti
                0x0001f47c                ClientNotifyMgr_unregisterClient
                0x0001d288                ClientNotifyMgr_getConfig
                0x0001fa20                ClientNotifyMgr_enableNotification
                0x000207a0                ClientNotifyMgr_sendForceNotification
                0x0001d974                ClientNotifyMgr_Params_init
                0x0001e500                ClientNotifyMgr_delete
                0x0001ed44                ClientNotifyMgr_registerClient
                0x0001ea98                ClientNotifyMgr_open
 .text          0x00021a74     0x2440 /home/anhduc/ti-ezsdk_dm816x-evm_5_05_02_00/component-sources/syslink_2_20_02_20/packages/ti/syslink/lib/syslink.a_debug(HeapMemMP.o)
                0x00021a74                HeapMemMP_getConfig
                0x00023274                HeapMemMP_getStats
                0x00022040                HeapMemMP_create
                0x000234a0                HeapMemMP_getExtendedStats
                0x00023b7c                _HeapMemMP_create
                0x00023838                HeapMemMP_getKnlHandle
                0x00021c00                HeapMemMP_setup
                0x00021d88                HeapMemMP_destroy
                0x00021eb8                HeapMemMP_Params_init
                0x000239c0                HeapMemMP_getUsrHandle
                0x00022b8c                HeapMemMP_close
                0x000236b4                HeapMemMP_sharedMemReq
                0x00023d74                HeapMemMP_restore
                0x00022364                HeapMemMP_delete
                0x00023018                HeapMemMP_free
                0x00022e08                HeapMemMP_alloc
                0x000225e8                HeapMemMP_openByAddr
                0x000228b0                HeapMemMP_open
 .text          0x00023eb4     0x2268 /home/anhduc/ti-ezsdk_dm816x-evm_5_05_02_00/component-sources/syslink_2_20_02_20/packages/ti/syslink/lib/syslink.a_debug(HeapBufMP.o)
                0x00024490                HeapBufMP_create
                0x00024fc0                HeapBufMP_close
                0x00024a18                HeapBufMP_openByAddr
                0x00025c10                HeapBufMP_sharedMemReq
                0x000258e8                HeapBufMP_isBlocking
                0x000256b8                HeapBufMP_getStats
                0x000241d0                HeapBufMP_destroy
                0x00024040                HeapBufMP_setup
                0x00025f20                _HeapBufMP_create
                0x00025240                HeapBufMP_alloc
                0x00023eb4                HeapBufMP_getConfig
                0x00024304                HeapBufMP_Params_init
                0x0002479c                HeapBufMP_delete
                0x00025d98                HeapBufMP_getKnlHandle
                0x00025454                HeapBufMP_free
                0x00024ce8                HeapBufMP_open
                0x000259dc                HeapBufMP_getExtendedStats
 .text          0x0002611c     0x2224 /home/anhduc/ti-ezsdk_dm816x-evm_5_05_02_00/component-sources/syslink_2_20_02_20/packages/ti/syslink/lib/syslink.a_debug(GateMP.o)
                0x0002611c                GateMP_getConfig
                0x00027e9c                GateMP_getDefaultRemote
                0x000279d4                GateMP_enter
                0x00026a54                GateMP_Instance_finalize
                0x000262b4                GateMP_setup
                0x00026e1c                GateMP_delete
                0x000273a8                GateMP_openByAddr
                0x00026898                GateMP_Instance_init
                0x00027fa0                GateMP_getSharedAddr
                0x000276c8                GateMP_close
                0x000266ec                GateMP_Params_init
                0x0002709c                GateMP_open
                0x00028150                GateMP_getLocalProtect
                0x00026ab0                _GateMP_create
                0x00027d84                GateMP_sharedMemReq
                0x00027ba4                GateMP_leave
                0x000281a0                GateMP_getRemoteProtect
                0x00026be8                GateMP_create
                0x000281f0                GateMP_getKnlHandle
                0x0002652c                GateMP_destroy
                0x00028098                GateMP_setReserved
 .text          0x00028340      0x814 /home/anhduc/ti-ezsdk_dm816x-evm_5_05_02_00/component-sources/syslink_2_20_02_20/packages/ti/syslink/lib/syslink.a_debug(NotifyDrvUsr.o)
                0x000289d8                _NotifyDrvUsr_eventWorker
                0x000286bc                NotifyDrvUsr_close
                0x00028898                NotifyDrvUsr_ioctl
                0x00028340                NotifyDrvUsr_open
 .text          0x00028b54      0x484 /home/anhduc/ti-ezsdk_dm816x-evm_5_05_02_00/component-sources/syslink_2_20_02_20/packages/ti/syslink/lib/syslink.a_debug(HeapBufMPDrv.o)
                0x00028b54                HeapBufMPDrv_open
                0x00028ea0                HeapBufMPDrv_ioctl
                0x00028d84                HeapBufMPDrv_close
 .text          0x00028fd8      0x464 /home/anhduc/ti-ezsdk_dm816x-evm_5_05_02_00/component-sources/syslink_2_20_02_20/packages/ti/syslink/lib/syslink.a_debug(IpcDrv.o)
                0x00028fd8                IpcDrv_open
                0x00029304                IpcDrv_ioctl
                0x000291e8                IpcDrv_close
 .text          0x0002943c      0x3e8 /home/anhduc/ti-ezsdk_dm816x-evm_5_05_02_00/component-sources/syslink_2_20_02_20/packages/ti/syslink/lib/syslink.a_debug(FrameQDrv.o)
                0x000296ec                FrameQDrv_ioctl
                0x0002943c                FrameQDrv_open
                0x000295d0                FrameQDrv_close
 .text          0x00029824      0x3e8 /home/anhduc/ti-ezsdk_dm816x-evm_5_05_02_00/component-sources/syslink_2_20_02_20/packages/ti/syslink/lib/syslink.a_debug(FrameQBufMgrDrv.o)
                0x00029824                FrameQBufMgrDrv_open
                0x000299b8                FrameQBufMgrDrv_close
                0x00029ad4                FrameQBufMgrDrv_ioctl
 .text          0x00029c0c      0x3e8 /home/anhduc/ti-ezsdk_dm816x-evm_5_05_02_00/component-sources/syslink_2_20_02_20/packages/ti/syslink/lib/syslink.a_debug(ClientNotifyMgrDrv.o)
                0x00029c0c                ClientNotifyMgrDrv_open
                0x00029ebc                ClientNotifyMgrDrv_ioctl
                0x00029da0                ClientNotifyMgrDrv_close
 .text          0x00029ff4      0x3e8 /home/anhduc/ti-ezsdk_dm816x-evm_5_05_02_00/component-sources/syslink_2_20_02_20/packages/ti/syslink/lib/syslink.a_debug(RingIODrv.o)
                0x0002a188                RingIODrv_close
                0x0002a2a4                RingIODrv_ioctl
                0x00029ff4                RingIODrv_open
 .text          0x0002a3dc      0x3e8 /home/anhduc/ti-ezsdk_dm816x-evm_5_05_02_00/component-sources/syslink_2_20_02_20/packages/ti/syslink/lib/syslink.a_debug(RingIOShmDrv.o)
                0x0002a68c                RingIOShmDrv_ioctl
                0x0002a570                RingIOShmDrv_close
                0x0002a3dc                RingIOShmDrv_open
 .text          0x0002a7c4      0x3ec /home/anhduc/ti-ezsdk_dm816x-evm_5_05_02_00/component-sources/syslink_2_20_02_20/packages/ti/syslink/lib/syslink.a_debug(HeapMemMPDrv.o)
                0x0002a95c                HeapMemMPDrv_close
                0x0002aa78                HeapMemMPDrv_ioctl
                0x0002a7c4                HeapMemMPDrv_open
 .text          0x0002abb0      0x3ec /home/anhduc/ti-ezsdk_dm816x-evm_5_05_02_00/component-sources/syslink_2_20_02_20/packages/ti/syslink/lib/syslink.a_debug(GateMPDrv.o)
                0x0002abb0                GateMPDrv_open
                0x0002ad48                GateMPDrv_close
                0x0002ae64                GateMPDrv_ioctl
 .text          0x0002af9c       0x50 /home/anhduc/ti-ezsdk_dm816x-evm_5_05_02_00/component-sources/syslink_2_20_02_20/packages/ti/syslink/lib/syslink.a_debug(OsalProcess.o)
                0x0002afc4                OsalProcess_getTid
                0x0002af9c                OsalProcess_getPid
 .text          0x0002afec      0x5a8 /home/anhduc/ti-ezsdk_dm816x-evm_5_05_02_00/component-sources/syslink_2_20_02_20/packages/ti/syslink/lib/syslink.a_debug(GateMutex.o)
                0x0002b260                GateMutex_leave
                0x0002b430                GateMutex_delete
                0x0002b31c                GateMutex_create
                0x0002b18c                GateMutex_enter
                0x0002afec                GateMutex_Instance_init
                0x0002b0f4                GateMutex_Instance_finalize
 .text          0x0002b594      0xa34 /home/anhduc/ti-ezsdk_dm816x-evm_5_05_02_00/component-sources/syslink_2_20_02_20/packages/ti/syslink/lib/syslink.a_debug(Memory.o)
                0x0002bd20                Memory_getMaxDefaultTypeAlign
                0x0002ba98                Memory_getStats
                0x0002bf30                Memory_translate
                0x0002bd3c                Memory_valloc
                0x0002b7ac                Memory_calloc
                0x0002b594                Memory_alloc
                0x0002bbcc                Memory_query
                0x0002b938                Memory_free
 .text          0x0002bfc8     0x15e4 /home/anhduc/ti-ezsdk_dm816x-evm_5_05_02_00/component-sources/syslink_2_20_02_20/packages/ti/syslink/lib/syslink.a_debug(List.o)
                0x0002c720                List_get
                0x0002c320                List_construct
                0x0002c83c                List_put
                0x0002cc9c                List_insert
                0x0002bfc8                List_Params_init
                0x0002c414                List_destruct
                0x0002c090                List_create
                0x0002c1b0                List_delete
                0x0002ce74                List_remove
                0x0002d154                List_dequeue
                0x0002c5fc                List_empty
                0x0002c9b4                List_next
                0x0002d28c                List_enqueue
                0x0002c50c                List_elemClear
                0x0002d41c                List_enqueueHead
                0x0002caf4                List_prev
                0x0002cfec                List_putHead
 .text          0x0002d5ac      0x600 /home/anhduc/ti-ezsdk_dm816x-evm_5_05_02_00/component-sources/syslink_2_20_02_20/packages/ti/syslink/lib/syslink.a_debug(String.o)
                0x0002db10                String_hash
                0x0002d8b0                String_cpy
                0x0002d65c                String_cmp
                0x0002d78c                String_ncmp
                0x0002da7c                String_hexToStr
                0x0002d928                String_ncpy
                0x0002d5ac                String_cat
                0x0002da08                String_len
 .text          0x0002dbac      0x53c /home/anhduc/ti-ezsdk_dm816x-evm_5_05_02_00/component-sources/syslink_2_20_02_20/packages/ti/syslink/lib/syslink.a_debug(Trace.o)
                0x0002dbac                _GT_0trace
                0x0002de94                _GT_5trace
                0x0002e07c                _GT_setTrace
                0x0002dc2c                _GT_1trace
                0x0002dde8                _GT_4trace
                0x0002dd4c                _GT_3trace
                0x0002dcb8                _GT_2trace
                0x0002df50                _GT_6trace
                0x0002e01c                _GT_setFailureReason
 .text          0x0002e0e8     0x2de8 /home/anhduc/ti-ezsdk_dm816x-evm_5_05_02_00/component-sources/syslink_2_20_02_20/packages/ti/syslink/lib/syslink.a_debug(NameServer.o)
                0x0002e6b0                NameServer_create
                0x00030808                NameServer_match
                0x0002feb4                NameServer_getLocal
                0x0002f408                NameServer_addUInt32
                0x0002e960                NameServer_delete
                0x0002f0c4                NameServer_add
                0x0002e420                NameServer_destroy
                0x00030ad4                NameServer_getHandle
                0x0003054c                NameServer_getLocalUInt32
                0x0002e2a0                NameServer_setup
                0x0002e51c                NameServer_Params_init
                0x0002f834                NameServer_removeEntry
                0x0002eba0                NameServer_open
                0x0002fa70                NameServer_get
                0x0002ee5c                NameServer_close
                0x0002f5e4                NameServer_remove
                0x00030d00                NameServer_isRegistered
                0x00030278                NameServer_getUInt32
                0x0002e0e8                NameServer_getConfig
 .text          0x00030ed0      0xcd0 /home/anhduc/ti-ezsdk_dm816x-evm_5_05_02_00/component-sources/syslink_2_20_02_20/packages/ti/syslink/lib/syslink.a_debug(MultiProc.o)
                0x0003122c                MultiProc_destroy
                0x00031934                MultiProc_self
                0x000318c0                MultiProc_getNumProcessors
                0x00031088                MultiProc_setup
                0x00031328                MultiProc_setLocalId
                0x0003172c                MultiProc_getName
                0x0003152c                MultiProc_getId
                0x000319a8                MultiProc_getSlot
                0x00030ed0                MultiProc_getConfig
 .text          0x00031ba0      0x104 /home/anhduc/ti-ezsdk_dm816x-evm_5_05_02_00/component-sources/syslink_2_20_02_20/packages/ti/syslink/lib/syslink.a_debug(Gate.o)
                0x00031c04                Gate_leaveSystem
                0x00031ba0                Gate_enterSystem
 .text          0x00031ca4       0xbc /home/anhduc/ti-ezsdk_dm816x-evm_5_05_02_00/component-sources/syslink_2_20_02_20/packages/ti/syslink/lib/syslink.a_debug(SysLink.o)
                0x00031d10                SysLink_destroy
                0x00031ca4                SysLink_setup
 .text          0x00031d60      0x4c0 /home/anhduc/ti-ezsdk_dm816x-evm_5_05_02_00/component-sources/syslink_2_20_02_20/packages/ti/syslink/lib/syslink.a_debug(Cache.o)
                0x00032130                Cache_setMode
                0x00032078                Cache_wait
                0x00031d60                Cache_inv
                0x00031e68                Cache_wb
                0x00031f70                Cache_wbInv
 .text          0x00032220      0x484 /home/anhduc/ti-ezsdk_dm816x-evm_5_05_02_00/component-sources/syslink_2_20_02_20/packages/ti/syslink/lib/syslink.a_debug(NameServerDrv.o)
                0x00032220                NameServerDrv_open
                0x00032450                NameServerDrv_close
                0x0003256c                NameServerDrv_ioctl
 .text          0x000326a4      0x3b8 /home/anhduc/ti-ezsdk_dm816x-evm_5_05_02_00/component-sources/syslink_2_20_02_20/packages/ti/syslink/lib/syslink.a_debug(MultiProcDrv.o)
                0x00032954                MultiProcDrv_ioctl
                0x00032838                MultiProcDrv_close
                0x000326a4                MultiProcDrv_open
 .text          0x00032a5c      0x164 /home/anhduc/ti-ezsdk_dm816x-evm_5_05_02_00/component-sources/syslink_2_20_02_20/packages/ti/syslink/lib/syslink.a_debug(TraceDrv.o)
                0x00032a5c                TraceDrv_ioctl
 .text          0x00032bc0       0xf4 /home/anhduc/ti-ezsdk_dm816x-evm_5_05_02_00/component-sources/syslink_2_20_02_20/packages/ti/syslink/lib/syslink.a_debug(CacheDrv.o)
                0x00032bc0                CacheDrv_ioctl
 .text          0x00032cb4      0x194 /home/anhduc/ti-ezsdk_dm816x-evm_5_05_02_00/component-sources/syslink_2_20_02_20/packages/ti/syslink/lib/syslink.a_debug(Dev.o)
                0x00032cb4                Dev_pollOpen
 .text          0x00032e48     0x163c /home/anhduc/ti-ezsdk_dm816x-evm_5_05_02_00/component-sources/syslink_2_20_02_20/packages/ti/syslink/lib/syslink.a_debug(MemoryOS.o)
                0x000340ec                MemoryOS_set
                0x00033f54                MemoryOS_copy
                0x0003368c                MemoryOS_map
                0x00032e48                MemoryOS_setup
                0x00034278                MemoryOS_translate
                0x00033378                MemoryOS_alloc
                0x000330e8                MemoryOS_destroy
                0x00033bf8                MemoryOS_unmap
                0x0003348c                MemoryOS_calloc
                0x00033598                MemoryOS_free
 .text          0x00034484      0x6f0 /home/anhduc/ti-ezsdk_dm816x-evm_5_05_02_00/component-sources/syslink_2_20_02_20/packages/ti/syslink/lib/syslink.a_debug(OsalDrv.o)
                0x00034624                OsalDrv_close
                0x00034484                OsalDrv_open
                0x00034958                OsalDrv_unmap
                0x00034a38                OsalDrv_ioctl
                0x00034748                OsalDrv_map
 .text          0x00034b74      0x52c /home/anhduc/ti-ezsdk_dm816x-evm_5_05_02_00/component-sources/syslink_2_20_02_20/packages/ti/syslink/lib/syslink.a_debug(OsalMutex.o)
                0x00034cd8                OsalMutex_delete
                0x00034b74                OsalMutex_create
                0x00034e40                OsalMutex_enter
                0x00034f70                OsalMutex_leave
 .text          0x000350a0       0x50 /home/anhduc/ti-ezsdk_dm816x-evm_5_05_02_00/component-sources/syslink_2_20_02_20/packages/ti/syslink/lib/syslink.a_debug(OsalPrint.o)
                0x000350a0                Osal_printf
 .text          0x000350f0      0x6b4 /home/anhduc/ti-ezsdk_dm816x-evm_5_05_02_00/component-sources/syslink_2_20_02_20/packages/ti/syslink/lib/syslink.a_debug(OsalSemaphore.o)
                0x0003533c                OsalSemaphore_delete
                0x000350f0                OsalSemaphore_create
                0x00035634                OsalSemaphore_post
                0x000354bc                OsalSemaphore_pend
 .text          0x000357a4     0x4d5c /home/anhduc/ti-ezsdk_dm816x-evm_5_05_02_00/component-sources/syslink_2_20_02_20/packages/ti/syslink/lib/syslink.a_debug(ProcMgr.o)
                0x00038df4                ProcMgr_getSymbolAddress
                0x00035ae0                ProcMgr_destroy
                0x0003959c                ProcMgr_unmap
                0x00036278                ProcMgr_delete
                0x00037878                ProcMgr_load
                0x00037d0c                ProcMgr_getStartParams
                0x0003761c                ProcMgr_detach
                0x0003a164                ProcMgr_getSectionData
                0x000357a4                ProcMgr_getConfig
                0x00037e70                ProcMgr_start
                0x00039c94                ProcMgr_getMaxMemoryRegions
                0x00037fec                ProcMgr_stop
                0x0003653c                ProcMgr_open
                0x0003908c                ProcMgr_map
                0x00035cb4                ProcMgr_Params_init
                0x00037b90                ProcMgr_unload
                0x00037194                ProcMgr_attach
                0x000382bc                ProcMgr_read
                0x00038980                ProcMgr_translateAddr
                0x00035e38                ProcMgr_create
                0x00038150                ProcMgr_getState
                0x0003a3a0                ProcMgr_getLoadedFileId
                0x00037018                ProcMgr_getAttachParams
                0x00036be4                ProcMgr_close
                0x00038554                ProcMgr_write
                0x000387f0                ProcMgr_control
                0x00039d54                ProcMgr_getProcInfo
                0x00039f50                ProcMgr_getSectionInfo
                0x00035928                ProcMgr_setup
 .text          0x0003a500      0x504 /home/anhduc/ti-ezsdk_dm816x-evm_5_05_02_00/component-sources/syslink_2_20_02_20/packages/ti/syslink/lib/syslink.a_debug(ProcMgrDrvUsr.o)
                0x0003a500                ProcMgrDrvUsr_open
                0x0003a698                ProcMgrDrvUsr_close
                0x0003a7b4                ProcMgrDrvUsr_ioctl
 .text          0x0003aa04      0xa24 /home/anhduc/ti-ezsdk_dm816x-evm_5_05_02_00/component-sources/syslink_2_20_02_20/packages/ti/syslink/lib/syslink.a_debug(FrameQ_common.o)
                0x0003aac0                FrameQ_getNumFrameBuffers
                0x0003ae50                FrameQ_getFrameBufValidSize
                0x0003b294                FrameQ_setFrameBufDataStartOffset
                0x0003b100                FrameQ_setFrameBufValidSize
                0x0003abac                FrameQ_getFrameBuffer
                0x0003ad00                FrameQ_getFrameBufSize
                0x0003aa04                FrameQ_isSupportedInterface
                0x0003afa8                FrameQ_getFrameBufDataStartOffset
                0x0003aa44                FrameQ_getExtendedHeaderPtr
 .text          0x0003b428     0x3ad4 /home/anhduc/ti-ezsdk_dm816x-evm_5_05_02_00/component-sources/syslink_2_20_02_20/packages/ti/syslink/lib/syslink.a_debug(SharedRegion.o)
                0x0003c99c                SharedRegion_getPtr
                0x0003b5b0                SharedRegion_setup
                0x0003da84                SharedRegion_isCacheEnabled
                0x0003e718                SharedRegion_getRegionInfo
                0x0003dd00                SharedRegion_getNumRegions
                0x0003e26c                SharedRegion_getNumOffsetBits
                0x0003d65c                SharedRegion_getEntry
                0x0003e3b0                SharedRegion_checkOverlap
                0x0003cb88                SharedRegion_getSRPtr
                0x0003ceac                SharedRegion_clearEntry
                0x0003b428                SharedRegion_getConfig
                0x0003e60c                SharedRegion_clearReservedMemory
                0x0003c12c                SharedRegion_stop
                0x0003bc60                SharedRegion_destroy
                0x0003e914                _SharedRegion_setRegions
                0x0003d448                SharedRegion_getIdByName
                0x0003df18                SharedRegion_reserveMemory
                0x0003d1d8                SharedRegion_getHeap
                0x0003defc                SharedRegion_invalidSRPtr
                0x0003c00c                SharedRegion_start
                0x0003c24c                SharedRegion_attach
                0x0003c7e0                SharedRegion_getId
                0x0003c3b4                SharedRegion_detach
                0x0003d878                SharedRegion_getCacheLineSize
                0x0003c514                SharedRegion_setEntry
                0x0003dc94                SharedRegion_translateEnabled
                0x0003ecb4                _SharedRegion_clearRegions
                0x0003dd6c                SharedRegion_entryInit
 .text          0x0003eefc     0x295c /home/anhduc/ti-ezsdk_dm816x-evm_5_05_02_00/component-sources/syslink_2_20_02_20/packages/ti/syslink/lib/syslink.a_debug(ListMP.o)
                0x0003eefc                ListMP_getConfig
                0x0003f4d0                ListMP_create
                0x00041714                _ListMP_create
                0x00041510                ListMP_prev
                0x000410ac                ListMP_remove
                0x00040170                ListMP_close
                0x0003f080                ListMP_setup
                0x0003fc94                ListMP_open
                0x0003ff30                ListMP_openByAddr
                0x0003f844                ListMP_delete
                0x00041834                ListMP_getGate
                0x00040750                ListMP_getTail
                0x0003f20c                ListMP_destroy
                0x00040dd4                ListMP_insert
                0x0003f340                ListMP_Params_init
                0x0004058c                ListMP_getHead
                0x00040b78                ListMP_putTail
                0x00041308                ListMP_next
                0x0003fab4                ListMP_sharedMemReq
                0x0004091c                ListMP_putHead
                0x000403d0                ListMP_empty
 .text          0x00041858     0x26ec /home/anhduc/ti-ezsdk_dm816x-evm_5_05_02_00/component-sources/syslink_2_20_02_20/packages/ti/syslink/lib/syslink.a_debug(MessageQ.o)
                0x0004254c                MessageQ_close
                0x00043800                MessageQ_setReplyQueue
                0x00042e00                MessageQ_staticMsgInit
                0x00043984                MessageQ_getQueueId
                0x00043e50                MessageQ_detach
                0x00043a84                MessageQ_setMsgTrace
                0x0004352c                MessageQ_unregisterHeap
                0x00041858                MessageQ_getConfig
                0x00042958                MessageQ_get
                0x000430e0                MessageQ_free
                0x000419dc                MessageQ_setup
                0x000422cc                MessageQ_open
                0x000426fc                MessageQ_put
                0x00042f64                MessageQ_alloc
                0x00041dec                MessageQ_create
                0x00041c60                MessageQ_Params_init
                0x00043668                MessageQ_unblock
                0x00042c1c                MessageQ_count
                0x00041b68                MessageQ_destroy
                0x00042040                MessageQ_delete
                0x00043d24                MessageQ_attach
                0x000432c0                MessageQ_registerHeap
                0x00043bfc                MessageQ_sharedMemReq
 .text          0x00043f44      0x5d4 /home/anhduc/ti-ezsdk_dm816x-evm_5_05_02_00/component-sources/syslink_2_20_02_20/packages/ti/syslink/lib/syslink.a_debug(SharedRegionDrv.o)
                0x000441f8                SharedRegionDrv_ioctl
                0x000440dc                SharedRegionDrv_close
                0x00043f44                SharedRegionDrv_open
 .text          0x00044518      0x3ec /home/anhduc/ti-ezsdk_dm816x-evm_5_05_02_00/component-sources/syslink_2_20_02_20/packages/ti/syslink/lib/syslink.a_debug(ListMPDrv.o)
                0x000446b0                ListMPDrv_close
                0x000447cc                ListMPDrv_ioctl
                0x00044518                ListMPDrv_open
 .text          0x00044904      0x498 /home/anhduc/ti-ezsdk_dm816x-evm_5_05_02_00/component-sources/syslink_2_20_02_20/packages/ti/syslink/lib/syslink.a_debug(MessageQDrv.o)
                0x00044c64                MessageQDrv_ioctl
                0x00044904                MessageQDrv_open
                0x00044b48                MessageQDrv_close
 .text          0x00044d9c       0x70 /home/anhduc/CodeSourcery/Sourcery_G++_Lite/bin/../arm-none-linux-gnueabi/libc/usr/lib/libc_nonshared.a(elf-init.oS)
                0x00044d9c                __libc_csu_fini
                0x00044da0                __libc_csu_init
 .text          0x00044e0c      0x20c /home/anhduc/CodeSourcery/Sourcery_G++_Lite/bin/../lib/gcc/arm-none-linux-gnueabi/4.3.3/libgcc.a(_udivsi3.o)
                0x00044e0c                __udivsi3
                0x00044e0c                __aeabi_uidiv
                0x00044ff8                __aeabi_uidivmod
 .text          0x00045018       0x10 /home/anhduc/CodeSourcery/Sourcery_G++_Lite/bin/../lib/gcc/arm-none-linux-gnueabi/4.3.3/libgcc.a(_dvmd_lnx.o)
                0x00045018                __aeabi_idiv0
                0x00045018                __aeabi_ldiv0
 .text          0x00045028        0x0 /home/anhduc/CodeSourcery/Sourcery_G++_Lite/bin/../lib/gcc/arm-none-linux-gnueabi/4.3.3/crtend.o
 .text          0x00045028        0x0 /home/anhduc/CodeSourcery/Sourcery_G++_Lite/bin/../arm-none-linux-gnueabi/libc/usr/lib/crtn.o
 *(.gnu.warning)
 *(.glue_7t)
 .glue_7t       0x00000000        0x0 linker stubs
 *(.glue_7)
 .glue_7        0x00000000        0x0 linker stubs
 *(.vfp11_veneer)
 .vfp11_veneer  0x00000000        0x0 linker stubs
 *(.v4_bx)
 .v4_bx         0x00000000        0x0 linker stubs

.fini           0x00045028        0x8
 *(.fini)
 .fini          0x00045028        0x4 /home/anhduc/CodeSourcery/Sourcery_G++_Lite/bin/../arm-none-linux-gnueabi/libc/usr/lib/crti.o
                0x00045028                _fini
 .fini          0x0004502c        0x4 /home/anhduc/CodeSourcery/Sourcery_G++_Lite/bin/../arm-none-linux-gnueabi/libc/usr/lib/crtn.o
                0x00045030                PROVIDE (__etext, .)
                0x00045030                PROVIDE (_etext, .)
                0x00045030                PROVIDE (etext, .)

.rodata         0x00045030    0x16a2c
 *(.rodata .rodata.* .gnu.linkonce.r.*)
 .rodata.cst4   0x00045030        0x4 /home/anhduc/CodeSourcery/Sourcery_G++_Lite/bin/../arm-none-linux-gnueabi/libc/usr/lib/crt1.o
                0x00045030                _IO_stdin_used
 .rodata        0x00045034      0x1a8 bin/debug/obj/main_host.ov5T
 .rodata        0x000451dc       0x50 bin/debug/obj/App.ov5T
 .rodata        0x0004522c      0xc70 /home/anhduc/ti-ezsdk_dm816x-evm_5_05_02_00/component-sources/syslink_2_20_02_20/packages/ti/syslink/lib/syslink.a_debug(Notify.o)
 .rodata        0x00045e9c      0x8a0 /home/anhduc/ti-ezsdk_dm816x-evm_5_05_02_00/component-sources/syslink_2_20_02_20/packages/ti/syslink/lib/syslink.a_debug(Ipc.o)
 .rodata        0x0004673c     0x1208 /home/anhduc/ti-ezsdk_dm816x-evm_5_05_02_00/component-sources/syslink_2_20_02_20/packages/ti/syslink/lib/syslink.a_debug(RingIO.o)
 .rodata        0x00047944      0x384 /home/anhduc/ti-ezsdk_dm816x-evm_5_05_02_00/component-sources/syslink_2_20_02_20/packages/ti/syslink/lib/syslink.a_debug(RingIOShm.o)
 .rodata        0x00047cc8     0x1cd0 /home/anhduc/ti-ezsdk_dm816x-evm_5_05_02_00/component-sources/syslink_2_20_02_20/packages/ti/syslink/lib/syslink.a_debug(FrameQ.o)
 .rodata        0x00049998     0x207c /home/anhduc/ti-ezsdk_dm816x-evm_5_05_02_00/component-sources/syslink_2_20_02_20/packages/ti/syslink/lib/syslink.a_debug(FrameQBufMgr.o)
 .rodata        0x0004ba14     0x13e0 /home/anhduc/ti-ezsdk_dm816x-evm_5_05_02_00/component-sources/syslink_2_20_02_20/packages/ti/syslink/lib/syslink.a_debug(ClientNotifyMgr.o)
 .rodata        0x0004cdf4      0xd44 /home/anhduc/ti-ezsdk_dm816x-evm_5_05_02_00/component-sources/syslink_2_20_02_20/packages/ti/syslink/lib/syslink.a_debug(HeapMemMP.o)
 .rodata        0x0004db38      0xce4 /home/anhduc/ti-ezsdk_dm816x-evm_5_05_02_00/component-sources/syslink_2_20_02_20/packages/ti/syslink/lib/syslink.a_debug(HeapBufMP.o)
 .rodata        0x0004e81c      0xa18 /home/anhduc/ti-ezsdk_dm816x-evm_5_05_02_00/component-sources/syslink_2_20_02_20/packages/ti/syslink/lib/syslink.a_debug(GateMP.o)
 .rodata        0x0004f234      0x440 /home/anhduc/ti-ezsdk_dm816x-evm_5_05_02_00/component-sources/syslink_2_20_02_20/packages/ti/syslink/lib/syslink.a_debug(NotifyDrvUsr.o)
 .rodata        0x0004f674      0x2f0 /home/anhduc/ti-ezsdk_dm816x-evm_5_05_02_00/component-sources/syslink_2_20_02_20/packages/ti/syslink/lib/syslink.a_debug(HeapBufMPDrv.o)
 .rodata        0x0004f964      0x29c /home/anhduc/ti-ezsdk_dm816x-evm_5_05_02_00/component-sources/syslink_2_20_02_20/packages/ti/syslink/lib/syslink.a_debug(IpcDrv.o)
 .rodata        0x0004fc00      0x2a0 /home/anhduc/ti-ezsdk_dm816x-evm_5_05_02_00/component-sources/syslink_2_20_02_20/packages/ti/syslink/lib/syslink.a_debug(FrameQDrv.o)
 .rodata        0x0004fea0      0x308 /home/anhduc/ti-ezsdk_dm816x-evm_5_05_02_00/component-sources/syslink_2_20_02_20/packages/ti/syslink/lib/syslink.a_debug(FrameQBufMgrDrv.o)
 .rodata        0x000501a8      0x334 /home/anhduc/ti-ezsdk_dm816x-evm_5_05_02_00/component-sources/syslink_2_20_02_20/packages/ti/syslink/lib/syslink.a_debug(ClientNotifyMgrDrv.o)
 .rodata        0x000504dc      0x2a0 /home/anhduc/ti-ezsdk_dm816x-evm_5_05_02_00/component-sources/syslink_2_20_02_20/packages/ti/syslink/lib/syslink.a_debug(RingIODrv.o)
 .rodata        0x0005077c      0x2c8 /home/anhduc/ti-ezsdk_dm816x-evm_5_05_02_00/component-sources/syslink_2_20_02_20/packages/ti/syslink/lib/syslink.a_debug(RingIOShmDrv.o)
 .rodata        0x00050a44      0x2d4 /home/anhduc/ti-ezsdk_dm816x-evm_5_05_02_00/component-sources/syslink_2_20_02_20/packages/ti/syslink/lib/syslink.a_debug(HeapMemMPDrv.o)
 .rodata        0x00050d18      0x2a0 /home/anhduc/ti-ezsdk_dm816x-evm_5_05_02_00/component-sources/syslink_2_20_02_20/packages/ti/syslink/lib/syslink.a_debug(GateMPDrv.o)
 .rodata        0x00050fb8      0x260 /home/anhduc/ti-ezsdk_dm816x-evm_5_05_02_00/component-sources/syslink_2_20_02_20/packages/ti/syslink/lib/syslink.a_debug(GateMutex.o)
 .rodata        0x00051218      0x540 /home/anhduc/ti-ezsdk_dm816x-evm_5_05_02_00/component-sources/syslink_2_20_02_20/packages/ti/syslink/lib/syslink.a_debug(Memory.o)
 .rodata        0x00051758      0x884 /home/anhduc/ti-ezsdk_dm816x-evm_5_05_02_00/component-sources/syslink_2_20_02_20/packages/ti/syslink/lib/syslink.a_debug(List.o)
 .rodata        0x00051fdc      0x414 /home/anhduc/ti-ezsdk_dm816x-evm_5_05_02_00/component-sources/syslink_2_20_02_20/packages/ti/syslink/lib/syslink.a_debug(String.o)
 .rodata        0x000523f0       0x50 /home/anhduc/ti-ezsdk_dm816x-evm_5_05_02_00/component-sources/syslink_2_20_02_20/packages/ti/syslink/lib/syslink.a_debug(Trace.o)
 .rodata        0x00052440      0xe38 /home/anhduc/ti-ezsdk_dm816x-evm_5_05_02_00/component-sources/syslink_2_20_02_20/packages/ti/syslink/lib/syslink.a_debug(NameServer.o)
 .rodata        0x00053278      0x644 /home/anhduc/ti-ezsdk_dm816x-evm_5_05_02_00/component-sources/syslink_2_20_02_20/packages/ti/syslink/lib/syslink.a_debug(MultiProc.o)
 .rodata        0x000538bc       0xb8 /home/anhduc/ti-ezsdk_dm816x-evm_5_05_02_00/component-sources/syslink_2_20_02_20/packages/ti/syslink/lib/syslink.a_debug(Gate.o)
 .rodata        0x00053974       0x68 /home/anhduc/ti-ezsdk_dm816x-evm_5_05_02_00/component-sources/syslink_2_20_02_20/packages/ti/syslink/lib/syslink.a_debug(SysLink.o)
 .rodata        0x000539dc      0x280 /home/anhduc/ti-ezsdk_dm816x-evm_5_05_02_00/component-sources/syslink_2_20_02_20/packages/ti/syslink/lib/syslink.a_debug(Cache.o)
 .rodata        0x00053c5c      0x2fc /home/anhduc/ti-ezsdk_dm816x-evm_5_05_02_00/component-sources/syslink_2_20_02_20/packages/ti/syslink/lib/syslink.a_debug(NameServerDrv.o)
 .rodata        0x00053f58      0x28c /home/anhduc/ti-ezsdk_dm816x-evm_5_05_02_00/component-sources/syslink_2_20_02_20/packages/ti/syslink/lib/syslink.a_debug(MultiProcDrv.o)
 .rodata        0x000541e4      0x13c /home/anhduc/ti-ezsdk_dm816x-evm_5_05_02_00/component-sources/syslink_2_20_02_20/packages/ti/syslink/lib/syslink.a_debug(TraceDrv.o)
 .rodata        0x00054320      0x10c /home/anhduc/ti-ezsdk_dm816x-evm_5_05_02_00/component-sources/syslink_2_20_02_20/packages/ti/syslink/lib/syslink.a_debug(CacheDrv.o)
 .rodata        0x0005442c       0xd8 /home/anhduc/ti-ezsdk_dm816x-evm_5_05_02_00/component-sources/syslink_2_20_02_20/packages/ti/syslink/lib/syslink.a_debug(Dev.o)
 .rodata        0x00054504      0x944 /home/anhduc/ti-ezsdk_dm816x-evm_5_05_02_00/component-sources/syslink_2_20_02_20/packages/ti/syslink/lib/syslink.a_debug(MemoryOS.o)
 .rodata        0x00054e48      0x3b0 /home/anhduc/ti-ezsdk_dm816x-evm_5_05_02_00/component-sources/syslink_2_20_02_20/packages/ti/syslink/lib/syslink.a_debug(OsalDrv.o)
 .rodata        0x000551f8      0x360 /home/anhduc/ti-ezsdk_dm816x-evm_5_05_02_00/component-sources/syslink_2_20_02_20/packages/ti/syslink/lib/syslink.a_debug(OsalMutex.o)
 .rodata        0x00055558        0x4 /home/anhduc/ti-ezsdk_dm816x-evm_5_05_02_00/component-sources/syslink_2_20_02_20/packages/ti/syslink/lib/syslink.a_debug(OsalPrint.o)
 .rodata        0x0005555c      0x4a8 /home/anhduc/ti-ezsdk_dm816x-evm_5_05_02_00/component-sources/syslink_2_20_02_20/packages/ti/syslink/lib/syslink.a_debug(OsalSemaphore.o)
 .rodata        0x00055a04     0x1ea4 /home/anhduc/ti-ezsdk_dm816x-evm_5_05_02_00/component-sources/syslink_2_20_02_20/packages/ti/syslink/lib/syslink.a_debug(ProcMgr.o)
 .rodata        0x000578a8      0x390 /home/anhduc/ti-ezsdk_dm816x-evm_5_05_02_00/component-sources/syslink_2_20_02_20/packages/ti/syslink/lib/syslink.a_debug(ProcMgrDrvUsr.o)
 .rodata        0x00057c38      0x624 /home/anhduc/ti-ezsdk_dm816x-evm_5_05_02_00/component-sources/syslink_2_20_02_20/packages/ti/syslink/lib/syslink.a_debug(FrameQ_common.o)
 .rodata        0x0005825c     0x135c /home/anhduc/ti-ezsdk_dm816x-evm_5_05_02_00/component-sources/syslink_2_20_02_20/packages/ti/syslink/lib/syslink.a_debug(SharedRegion.o)
 .rodata        0x000595b8      0xc20 /home/anhduc/ti-ezsdk_dm816x-evm_5_05_02_00/component-sources/syslink_2_20_02_20/packages/ti/syslink/lib/syslink.a_debug(ListMP.o)
 .rodata        0x0005a1d8      0xfc8 /home/anhduc/ti-ezsdk_dm816x-evm_5_05_02_00/component-sources/syslink_2_20_02_20/packages/ti/syslink/lib/syslink.a_debug(MessageQ.o)
 .rodata        0x0005b1a0      0x338 /home/anhduc/ti-ezsdk_dm816x-evm_5_05_02_00/component-sources/syslink_2_20_02_20/packages/ti/syslink/lib/syslink.a_debug(SharedRegionDrv.o)
 .rodata        0x0005b4d8      0x2a0 /home/anhduc/ti-ezsdk_dm816x-evm_5_05_02_00/component-sources/syslink_2_20_02_20/packages/ti/syslink/lib/syslink.a_debug(ListMPDrv.o)
 .rodata        0x0005b778      0x2e4 /home/anhduc/ti-ezsdk_dm816x-evm_5_05_02_00/component-sources/syslink_2_20_02_20/packages/ti/syslink/lib/syslink.a_debug(MessageQDrv.o)

.rodata1
 *(.rodata1)

.ARM.extab      0x0005ba5c     0x16b0
 *(.ARM.extab* .gnu.linkonce.armextab.*)
 .ARM.extab     0x0005ba5c        0x0 /home/anhduc/CodeSourcery/Sourcery_G++_Lite/bin/../arm-none-linux-gnueabi/libc/usr/lib/crt1.o
 .ARM.extab     0x0005ba5c        0x0 /home/anhduc/CodeSourcery/Sourcery_G++_Lite/bin/../arm-none-linux-gnueabi/libc/usr/lib/crti.o
 .ARM.extab     0x0005ba5c        0x0 /home/anhduc/CodeSourcery/Sourcery_G++_Lite/bin/../lib/gcc/arm-none-linux-gnueabi/4.3.3/crtbegin.o
 .ARM.extab     0x0005ba5c       0x24 bin/debug/obj/main_host.ov5T
 .ARM.extab     0x0005ba80       0x18 bin/debug/obj/App.ov5T
 .ARM.extab     0x0005ba98       0xcc /home/anhduc/ti-ezsdk_dm816x-evm_5_05_02_00/component-sources/syslink_2_20_02_20/packages/ti/syslink/lib/syslink.a_debug(Notify.o)
 .ARM.extab     0x0005bb64       0x6c /home/anhduc/ti-ezsdk_dm816x-evm_5_05_02_00/component-sources/syslink_2_20_02_20/packages/ti/syslink/lib/syslink.a_debug(Ipc.o)
 .ARM.extab     0x0005bbd0      0x168 /home/anhduc/ti-ezsdk_dm816x-evm_5_05_02_00/component-sources/syslink_2_20_02_20/packages/ti/syslink/lib/syslink.a_debug(RingIO.o)
 .ARM.extab     0x0005bd38       0x30 /home/anhduc/ti-ezsdk_dm816x-evm_5_05_02_00/component-sources/syslink_2_20_02_20/packages/ti/syslink/lib/syslink.a_debug(RingIOShm.o)
 .ARM.extab     0x0005bd68      0x168 /home/anhduc/ti-ezsdk_dm816x-evm_5_05_02_00/component-sources/syslink_2_20_02_20/packages/ti/syslink/lib/syslink.a_debug(FrameQ.o)
 .ARM.extab     0x0005bed0      0x1a4 /home/anhduc/ti-ezsdk_dm816x-evm_5_05_02_00/component-sources/syslink_2_20_02_20/packages/ti/syslink/lib/syslink.a_debug(FrameQBufMgr.o)
 .ARM.extab     0x0005c074       0xe4 /home/anhduc/ti-ezsdk_dm816x-evm_5_05_02_00/component-sources/syslink_2_20_02_20/packages/ti/syslink/lib/syslink.a_debug(ClientNotifyMgr.o)
 .ARM.extab     0x0005c158       0xd8 /home/anhduc/ti-ezsdk_dm816x-evm_5_05_02_00/component-sources/syslink_2_20_02_20/packages/ti/syslink/lib/syslink.a_debug(HeapMemMP.o)
 .ARM.extab     0x0005c230       0xcc /home/anhduc/ti-ezsdk_dm816x-evm_5_05_02_00/component-sources/syslink_2_20_02_20/packages/ti/syslink/lib/syslink.a_debug(HeapBufMP.o)
 .ARM.extab     0x0005c2fc       0xfc /home/anhduc/ti-ezsdk_dm816x-evm_5_05_02_00/component-sources/syslink_2_20_02_20/packages/ti/syslink/lib/syslink.a_debug(GateMP.o)
 .ARM.extab     0x0005c3f8       0x30 /home/anhduc/ti-ezsdk_dm816x-evm_5_05_02_00/component-sources/syslink_2_20_02_20/packages/ti/syslink/lib/syslink.a_debug(NotifyDrvUsr.o)
 .ARM.extab     0x0005c428       0x24 /home/anhduc/ti-ezsdk_dm816x-evm_5_05_02_00/component-sources/syslink_2_20_02_20/packages/ti/syslink/lib/syslink.a_debug(HeapBufMPDrv.o)
 .ARM.extab     0x0005c44c       0x24 /home/anhduc/ti-ezsdk_dm816x-evm_5_05_02_00/component-sources/syslink_2_20_02_20/packages/ti/syslink/lib/syslink.a_debug(IpcDrv.o)
 .ARM.extab     0x0005c470       0x24 /home/anhduc/ti-ezsdk_dm816x-evm_5_05_02_00/component-sources/syslink_2_20_02_20/packages/ti/syslink/lib/syslink.a_debug(FrameQDrv.o)
 .ARM.extab     0x0005c494       0x24 /home/anhduc/ti-ezsdk_dm816x-evm_5_05_02_00/component-sources/syslink_2_20_02_20/packages/ti/syslink/lib/syslink.a_debug(FrameQBufMgrDrv.o)
 .ARM.extab     0x0005c4b8       0x24 /home/anhduc/ti-ezsdk_dm816x-evm_5_05_02_00/component-sources/syslink_2_20_02_20/packages/ti/syslink/lib/syslink.a_debug(ClientNotifyMgrDrv.o)
 .ARM.extab     0x0005c4dc       0x24 /home/anhduc/ti-ezsdk_dm816x-evm_5_05_02_00/component-sources/syslink_2_20_02_20/packages/ti/syslink/lib/syslink.a_debug(RingIODrv.o)
 .ARM.extab     0x0005c500       0x24 /home/anhduc/ti-ezsdk_dm816x-evm_5_05_02_00/component-sources/syslink_2_20_02_20/packages/ti/syslink/lib/syslink.a_debug(RingIOShmDrv.o)
 .ARM.extab     0x0005c524       0x24 /home/anhduc/ti-ezsdk_dm816x-evm_5_05_02_00/component-sources/syslink_2_20_02_20/packages/ti/syslink/lib/syslink.a_debug(HeapMemMPDrv.o)
 .ARM.extab     0x0005c548       0x24 /home/anhduc/ti-ezsdk_dm816x-evm_5_05_02_00/component-sources/syslink_2_20_02_20/packages/ti/syslink/lib/syslink.a_debug(GateMPDrv.o)
 .ARM.extab     0x0005c56c       0x18 /home/anhduc/ti-ezsdk_dm816x-evm_5_05_02_00/component-sources/syslink_2_20_02_20/packages/ti/syslink/lib/syslink.a_debug(OsalProcess.o)
 .ARM.extab     0x0005c584       0x48 /home/anhduc/ti-ezsdk_dm816x-evm_5_05_02_00/component-sources/syslink_2_20_02_20/packages/ti/syslink/lib/syslink.a_debug(GateMutex.o)
 .ARM.extab     0x0005c5cc       0x84 /home/anhduc/ti-ezsdk_dm816x-evm_5_05_02_00/component-sources/syslink_2_20_02_20/packages/ti/syslink/lib/syslink.a_debug(Memory.o)
 .ARM.extab     0x0005c650       0xcc /home/anhduc/ti-ezsdk_dm816x-evm_5_05_02_00/component-sources/syslink_2_20_02_20/packages/ti/syslink/lib/syslink.a_debug(List.o)
 .ARM.extab     0x0005c71c       0x18 /home/anhduc/ti-ezsdk_dm816x-evm_5_05_02_00/component-sources/syslink_2_20_02_20/packages/ti/syslink/lib/syslink.a_debug(String.o)
 .ARM.extab     0x0005c734       0x6c /home/anhduc/ti-ezsdk_dm816x-evm_5_05_02_00/component-sources/syslink_2_20_02_20/packages/ti/syslink/lib/syslink.a_debug(Trace.o)
 .ARM.extab     0x0005c7a0       0xe4 /home/anhduc/ti-ezsdk_dm816x-evm_5_05_02_00/component-sources/syslink_2_20_02_20/packages/ti/syslink/lib/syslink.a_debug(NameServer.o)
 .ARM.extab     0x0005c884       0x6c /home/anhduc/ti-ezsdk_dm816x-evm_5_05_02_00/component-sources/syslink_2_20_02_20/packages/ti/syslink/lib/syslink.a_debug(MultiProc.o)
 .ARM.extab     0x0005c8f0       0x30 /home/anhduc/ti-ezsdk_dm816x-evm_5_05_02_00/component-sources/syslink_2_20_02_20/packages/ti/syslink/lib/syslink.a_debug(Gate.o)
 .ARM.extab     0x0005c920       0x18 /home/anhduc/ti-ezsdk_dm816x-evm_5_05_02_00/component-sources/syslink_2_20_02_20/packages/ti/syslink/lib/syslink.a_debug(SysLink.o)
 .ARM.extab     0x0005c938       0x3c /home/anhduc/ti-ezsdk_dm816x-evm_5_05_02_00/component-sources/syslink_2_20_02_20/packages/ti/syslink/lib/syslink.a_debug(Cache.o)
 .ARM.extab     0x0005c974       0x24 /home/anhduc/ti-ezsdk_dm816x-evm_5_05_02_00/component-sources/syslink_2_20_02_20/packages/ti/syslink/lib/syslink.a_debug(NameServerDrv.o)
 .ARM.extab     0x0005c998       0x24 /home/anhduc/ti-ezsdk_dm816x-evm_5_05_02_00/component-sources/syslink_2_20_02_20/packages/ti/syslink/lib/syslink.a_debug(MultiProcDrv.o)
 .ARM.extab     0x0005c9bc        0xc /home/anhduc/ti-ezsdk_dm816x-evm_5_05_02_00/component-sources/syslink_2_20_02_20/packages/ti/syslink/lib/syslink.a_debug(TraceDrv.o)
 .ARM.extab     0x0005c9c8        0xc /home/anhduc/ti-ezsdk_dm816x-evm_5_05_02_00/component-sources/syslink_2_20_02_20/packages/ti/syslink/lib/syslink.a_debug(CacheDrv.o)
 .ARM.extab     0x0005c9d4        0xc /home/anhduc/ti-ezsdk_dm816x-evm_5_05_02_00/component-sources/syslink_2_20_02_20/packages/ti/syslink/lib/syslink.a_debug(Dev.o)
 .ARM.extab     0x0005c9e0       0xcc /home/anhduc/ti-ezsdk_dm816x-evm_5_05_02_00/component-sources/syslink_2_20_02_20/packages/ti/syslink/lib/syslink.a_debug(MemoryOS.o)
 .ARM.extab     0x0005caac       0x3c /home/anhduc/ti-ezsdk_dm816x-evm_5_05_02_00/component-sources/syslink_2_20_02_20/packages/ti/syslink/lib/syslink.a_debug(OsalDrv.o)
 .ARM.extab     0x0005cae8       0x30 /home/anhduc/ti-ezsdk_dm816x-evm_5_05_02_00/component-sources/syslink_2_20_02_20/packages/ti/syslink/lib/syslink.a_debug(OsalMutex.o)
 .ARM.extab     0x0005cb18        0xc /home/anhduc/ti-ezsdk_dm816x-evm_5_05_02_00/component-sources/syslink_2_20_02_20/packages/ti/syslink/lib/syslink.a_debug(OsalPrint.o)
 .ARM.extab     0x0005cb24       0x30 /home/anhduc/ti-ezsdk_dm816x-evm_5_05_02_00/component-sources/syslink_2_20_02_20/packages/ti/syslink/lib/syslink.a_debug(OsalSemaphore.o)
 .ARM.extab     0x0005cb54      0x15c /home/anhduc/ti-ezsdk_dm816x-evm_5_05_02_00/component-sources/syslink_2_20_02_20/packages/ti/syslink/lib/syslink.a_debug(ProcMgr.o)
 .ARM.extab     0x0005ccb0       0x24 /home/anhduc/ti-ezsdk_dm816x-evm_5_05_02_00/component-sources/syslink_2_20_02_20/packages/ti/syslink/lib/syslink.a_debug(ProcMgrDrvUsr.o)
 .ARM.extab     0x0005ccd4       0x60 /home/anhduc/ti-ezsdk_dm816x-evm_5_05_02_00/component-sources/syslink_2_20_02_20/packages/ti/syslink/lib/syslink.a_debug(FrameQ_common.o)
 .ARM.extab     0x0005cd34      0x15c /home/anhduc/ti-ezsdk_dm816x-evm_5_05_02_00/component-sources/syslink_2_20_02_20/packages/ti/syslink/lib/syslink.a_debug(SharedRegion.o)
 .ARM.extab     0x0005ce90       0xf0 /home/anhduc/ti-ezsdk_dm816x-evm_5_05_02_00/component-sources/syslink_2_20_02_20/packages/ti/syslink/lib/syslink.a_debug(ListMP.o)
 .ARM.extab     0x0005cf80      0x120 /home/anhduc/ti-ezsdk_dm816x-evm_5_05_02_00/component-sources/syslink_2_20_02_20/packages/ti/syslink/lib/syslink.a_debug(MessageQ.o)
 .ARM.extab     0x0005d0a0       0x24 /home/anhduc/ti-ezsdk_dm816x-evm_5_05_02_00/component-sources/syslink_2_20_02_20/packages/ti/syslink/lib/syslink.a_debug(SharedRegionDrv.o)
 .ARM.extab     0x0005d0c4       0x24 /home/anhduc/ti-ezsdk_dm816x-evm_5_05_02_00/component-sources/syslink_2_20_02_20/packages/ti/syslink/lib/syslink.a_debug(ListMPDrv.o)
 .ARM.extab     0x0005d0e8       0x24 /home/anhduc/ti-ezsdk_dm816x-evm_5_05_02_00/component-sources/syslink_2_20_02_20/packages/ti/syslink/lib/syslink.a_debug(MessageQDrv.o)
 .ARM.extab     0x0005d10c        0x0 /home/anhduc/CodeSourcery/Sourcery_G++_Lite/bin/../arm-none-linux-gnueabi/libc/usr/lib/libc_nonshared.a(elf-init.oS)
 .ARM.extab.init
                0x0005d10c        0x0 /home/anhduc/CodeSourcery/Sourcery_G++_Lite/bin/../arm-none-linux-gnueabi/libc/usr/lib/crtn.o
 .ARM.extab.fini
                0x0005d10c        0x0 /home/anhduc/CodeSourcery/Sourcery_G++_Lite/bin/../arm-none-linux-gnueabi/libc/usr/lib/crtn.o
                0x0005d10c                __exidx_start = .

.ARM.exidx      0x0005d10c      0xfa0
 *(.ARM.exidx* .gnu.linkonce.armexidx.*)
 .ARM.exidx     0x0005d11c        0x0 /home/anhduc/CodeSourcery/Sourcery_G++_Lite/bin/../arm-none-linux-gnueabi/libc/usr/lib/crt1.o
                                  0x8 (size before relaxing)
 .ARM.exidx     0x0005d11c        0x8 /home/anhduc/CodeSourcery/Sourcery_G++_Lite/bin/../arm-none-linux-gnueabi/libc/usr/lib/crti.o
 .ARM.exidx     0x0005d124        0x8 /home/anhduc/CodeSourcery/Sourcery_G++_Lite/bin/../lib/gcc/arm-none-linux-gnueabi/4.3.3/crtbegin.o
                                 0x10 (size before relaxing)
 .ARM.exidx     0x0005d12c       0x18 bin/debug/obj/main_host.ov5T
 .ARM.exidx     0x0005d144       0x10 bin/debug/obj/App.ov5T
 .ARM.exidx     0x0005d154       0x88 /home/anhduc/ti-ezsdk_dm816x-evm_5_05_02_00/component-sources/syslink_2_20_02_20/packages/ti/syslink/lib/syslink.a_debug(Notify.o)
 .ARM.exidx     0x0005d1dc       0x48 /home/anhduc/ti-ezsdk_dm816x-evm_5_05_02_00/component-sources/syslink_2_20_02_20/packages/ti/syslink/lib/syslink.a_debug(Ipc.o)
 .ARM.exidx     0x0005d224       0xf0 /home/anhduc/ti-ezsdk_dm816x-evm_5_05_02_00/component-sources/syslink_2_20_02_20/packages/ti/syslink/lib/syslink.a_debug(RingIO.o)
 .ARM.exidx     0x0005d314       0x20 /home/anhduc/ti-ezsdk_dm816x-evm_5_05_02_00/component-sources/syslink_2_20_02_20/packages/ti/syslink/lib/syslink.a_debug(RingIOShm.o)
 .ARM.exidx     0x0005d334       0xf0 /home/anhduc/ti-ezsdk_dm816x-evm_5_05_02_00/component-sources/syslink_2_20_02_20/packages/ti/syslink/lib/syslink.a_debug(FrameQ.o)
 .ARM.exidx     0x0005d424      0x120 /home/anhduc/ti-ezsdk_dm816x-evm_5_05_02_00/component-sources/syslink_2_20_02_20/packages/ti/syslink/lib/syslink.a_debug(FrameQBufMgr.o)
                                0x128 (size before relaxing)
 .ARM.exidx     0x0005d544       0x98 /home/anhduc/ti-ezsdk_dm816x-evm_5_05_02_00/component-sources/syslink_2_20_02_20/packages/ti/syslink/lib/syslink.a_debug(ClientNotifyMgr.o)
 .ARM.exidx     0x0005d5dc       0x90 /home/anhduc/ti-ezsdk_dm816x-evm_5_05_02_00/component-sources/syslink_2_20_02_20/packages/ti/syslink/lib/syslink.a_debug(HeapMemMP.o)
 .ARM.exidx     0x0005d66c       0x88 /home/anhduc/ti-ezsdk_dm816x-evm_5_05_02_00/component-sources/syslink_2_20_02_20/packages/ti/syslink/lib/syslink.a_debug(HeapBufMP.o)
 .ARM.exidx     0x0005d6f4       0xa8 /home/anhduc/ti-ezsdk_dm816x-evm_5_05_02_00/component-sources/syslink_2_20_02_20/packages/ti/syslink/lib/syslink.a_debug(GateMP.o)
 .ARM.exidx     0x0005d79c       0x20 /home/anhduc/ti-ezsdk_dm816x-evm_5_05_02_00/component-sources/syslink_2_20_02_20/packages/ti/syslink/lib/syslink.a_debug(NotifyDrvUsr.o)
 .ARM.exidx     0x0005d7bc       0x18 /home/anhduc/ti-ezsdk_dm816x-evm_5_05_02_00/component-sources/syslink_2_20_02_20/packages/ti/syslink/lib/syslink.a_debug(HeapBufMPDrv.o)
 .ARM.exidx     0x0005d7d4       0x18 /home/anhduc/ti-ezsdk_dm816x-evm_5_05_02_00/component-sources/syslink_2_20_02_20/packages/ti/syslink/lib/syslink.a_debug(IpcDrv.o)
 .ARM.exidx     0x0005d7ec       0x18 /home/anhduc/ti-ezsdk_dm816x-evm_5_05_02_00/component-sources/syslink_2_20_02_20/packages/ti/syslink/lib/syslink.a_debug(FrameQDrv.o)
 .ARM.exidx     0x0005d804       0x18 /home/anhduc/ti-ezsdk_dm816x-evm_5_05_02_00/component-sources/syslink_2_20_02_20/packages/ti/syslink/lib/syslink.a_debug(FrameQBufMgrDrv.o)
 .ARM.exidx     0x0005d81c       0x18 /home/anhduc/ti-ezsdk_dm816x-evm_5_05_02_00/component-sources/syslink_2_20_02_20/packages/ti/syslink/lib/syslink.a_debug(ClientNotifyMgrDrv.o)
 .ARM.exidx     0x0005d834       0x18 /home/anhduc/ti-ezsdk_dm816x-evm_5_05_02_00/component-sources/syslink_2_20_02_20/packages/ti/syslink/lib/syslink.a_debug(RingIODrv.o)
 .ARM.exidx     0x0005d84c       0x18 /home/anhduc/ti-ezsdk_dm816x-evm_5_05_02_00/component-sources/syslink_2_20_02_20/packages/ti/syslink/lib/syslink.a_debug(RingIOShmDrv.o)
 .ARM.exidx     0x0005d864       0x18 /home/anhduc/ti-ezsdk_dm816x-evm_5_05_02_00/component-sources/syslink_2_20_02_20/packages/ti/syslink/lib/syslink.a_debug(HeapMemMPDrv.o)
 .ARM.exidx     0x0005d87c       0x18 /home/anhduc/ti-ezsdk_dm816x-evm_5_05_02_00/component-sources/syslink_2_20_02_20/packages/ti/syslink/lib/syslink.a_debug(GateMPDrv.o)
 .ARM.exidx     0x0005d894       0x10 /home/anhduc/ti-ezsdk_dm816x-evm_5_05_02_00/component-sources/syslink_2_20_02_20/packages/ti/syslink/lib/syslink.a_debug(OsalProcess.o)
 .ARM.exidx     0x0005d8a4       0x30 /home/anhduc/ti-ezsdk_dm816x-evm_5_05_02_00/component-sources/syslink_2_20_02_20/packages/ti/syslink/lib/syslink.a_debug(GateMutex.o)
 .ARM.exidx     0x0005d8d4       0x60 /home/anhduc/ti-ezsdk_dm816x-evm_5_05_02_00/component-sources/syslink_2_20_02_20/packages/ti/syslink/lib/syslink.a_debug(Memory.o)
 .ARM.exidx     0x0005d934       0x88 /home/anhduc/ti-ezsdk_dm816x-evm_5_05_02_00/component-sources/syslink_2_20_02_20/packages/ti/syslink/lib/syslink.a_debug(List.o)
 .ARM.exidx     0x0005d9bc       0x20 /home/anhduc/ti-ezsdk_dm816x-evm_5_05_02_00/component-sources/syslink_2_20_02_20/packages/ti/syslink/lib/syslink.a_debug(String.o)
                                 0x40 (size before relaxing)
 .ARM.exidx     0x0005d9dc       0x48 /home/anhduc/ti-ezsdk_dm816x-evm_5_05_02_00/component-sources/syslink_2_20_02_20/packages/ti/syslink/lib/syslink.a_debug(Trace.o)
 .ARM.exidx     0x0005da24       0x98 /home/anhduc/ti-ezsdk_dm816x-evm_5_05_02_00/component-sources/syslink_2_20_02_20/packages/ti/syslink/lib/syslink.a_debug(NameServer.o)
 .ARM.exidx     0x0005dabc       0x48 /home/anhduc/ti-ezsdk_dm816x-evm_5_05_02_00/component-sources/syslink_2_20_02_20/packages/ti/syslink/lib/syslink.a_debug(MultiProc.o)
 .ARM.exidx     0x0005db04       0x20 /home/anhduc/ti-ezsdk_dm816x-evm_5_05_02_00/component-sources/syslink_2_20_02_20/packages/ti/syslink/lib/syslink.a_debug(Gate.o)
 .ARM.exidx     0x0005db24       0x10 /home/anhduc/ti-ezsdk_dm816x-evm_5_05_02_00/component-sources/syslink_2_20_02_20/packages/ti/syslink/lib/syslink.a_debug(SysLink.o)
 .ARM.exidx     0x0005db34       0x28 /home/anhduc/ti-ezsdk_dm816x-evm_5_05_02_00/component-sources/syslink_2_20_02_20/packages/ti/syslink/lib/syslink.a_debug(Cache.o)
 .ARM.exidx     0x0005db5c       0x18 /home/anhduc/ti-ezsdk_dm816x-evm_5_05_02_00/component-sources/syslink_2_20_02_20/packages/ti/syslink/lib/syslink.a_debug(NameServerDrv.o)
 .ARM.exidx     0x0005db74       0x18 /home/anhduc/ti-ezsdk_dm816x-evm_5_05_02_00/component-sources/syslink_2_20_02_20/packages/ti/syslink/lib/syslink.a_debug(MultiProcDrv.o)
 .ARM.exidx     0x0005db8c        0x8 /home/anhduc/ti-ezsdk_dm816x-evm_5_05_02_00/component-sources/syslink_2_20_02_20/packages/ti/syslink/lib/syslink.a_debug(TraceDrv.o)
 .ARM.exidx     0x0005db94        0x8 /home/anhduc/ti-ezsdk_dm816x-evm_5_05_02_00/component-sources/syslink_2_20_02_20/packages/ti/syslink/lib/syslink.a_debug(CacheDrv.o)
 .ARM.exidx     0x0005db9c        0x8 /home/anhduc/ti-ezsdk_dm816x-evm_5_05_02_00/component-sources/syslink_2_20_02_20/packages/ti/syslink/lib/syslink.a_debug(Dev.o)
 .ARM.exidx     0x0005dba4       0x88 /home/anhduc/ti-ezsdk_dm816x-evm_5_05_02_00/component-sources/syslink_2_20_02_20/packages/ti/syslink/lib/syslink.a_debug(MemoryOS.o)
 .ARM.exidx     0x0005dc2c       0x28 /home/anhduc/ti-ezsdk_dm816x-evm_5_05_02_00/component-sources/syslink_2_20_02_20/packages/ti/syslink/lib/syslink.a_debug(OsalDrv.o)
 .ARM.exidx     0x0005dc54       0x20 /home/anhduc/ti-ezsdk_dm816x-evm_5_05_02_00/component-sources/syslink_2_20_02_20/packages/ti/syslink/lib/syslink.a_debug(OsalMutex.o)
 .ARM.exidx     0x0005dc74        0x8 /home/anhduc/ti-ezsdk_dm816x-evm_5_05_02_00/component-sources/syslink_2_20_02_20/packages/ti/syslink/lib/syslink.a_debug(OsalPrint.o)
 .ARM.exidx     0x0005dc7c       0x20 /home/anhduc/ti-ezsdk_dm816x-evm_5_05_02_00/component-sources/syslink_2_20_02_20/packages/ti/syslink/lib/syslink.a_debug(OsalSemaphore.o)
 .ARM.exidx     0x0005dc9c       0xe8 /home/anhduc/ti-ezsdk_dm816x-evm_5_05_02_00/component-sources/syslink_2_20_02_20/packages/ti/syslink/lib/syslink.a_debug(ProcMgr.o)
 .ARM.exidx     0x0005dd84       0x18 /home/anhduc/ti-ezsdk_dm816x-evm_5_05_02_00/component-sources/syslink_2_20_02_20/packages/ti/syslink/lib/syslink.a_debug(ProcMgrDrvUsr.o)
 .ARM.exidx     0x0005dd9c       0x48 /home/anhduc/ti-ezsdk_dm816x-evm_5_05_02_00/component-sources/syslink_2_20_02_20/packages/ti/syslink/lib/syslink.a_debug(FrameQ_common.o)
 .ARM.exidx     0x0005dde4       0xf0 /home/anhduc/ti-ezsdk_dm816x-evm_5_05_02_00/component-sources/syslink_2_20_02_20/packages/ti/syslink/lib/syslink.a_debug(SharedRegion.o)
 .ARM.exidx     0x0005ded4       0xa8 /home/anhduc/ti-ezsdk_dm816x-evm_5_05_02_00/component-sources/syslink_2_20_02_20/packages/ti/syslink/lib/syslink.a_debug(ListMP.o)
 .ARM.exidx     0x0005df7c       0xc0 /home/anhduc/ti-ezsdk_dm816x-evm_5_05_02_00/component-sources/syslink_2_20_02_20/packages/ti/syslink/lib/syslink.a_debug(MessageQ.o)
 .ARM.exidx     0x0005e03c       0x18 /home/anhduc/ti-ezsdk_dm816x-evm_5_05_02_00/component-sources/syslink_2_20_02_20/packages/ti/syslink/lib/syslink.a_debug(SharedRegionDrv.o)
 .ARM.exidx     0x0005e054       0x18 /home/anhduc/ti-ezsdk_dm816x-evm_5_05_02_00/component-sources/syslink_2_20_02_20/packages/ti/syslink/lib/syslink.a_debug(ListMPDrv.o)
 .ARM.exidx     0x0005e06c       0x18 /home/anhduc/ti-ezsdk_dm816x-evm_5_05_02_00/component-sources/syslink_2_20_02_20/packages/ti/syslink/lib/syslink.a_debug(MessageQDrv.o)
 .ARM.exidx     0x0005e084       0x18 /home/anhduc/CodeSourcery/Sourcery_G++_Lite/bin/../arm-none-linux-gnueabi/libc/usr/lib/libc_nonshared.a(elf-init.oS)
                                 0x10 (size before relaxing)
 .ARM.exidx.init
                0x0005d10c       0x10 /home/anhduc/CodeSourcery/Sourcery_G++_Lite/bin/../arm-none-linux-gnueabi/libc/usr/lib/crtn.o
                                  0x8 (size before relaxing)
 .ARM.exidx.fini
                0x0005e09c       0x10 /home/anhduc/CodeSourcery/Sourcery_G++_Lite/bin/../arm-none-linux-gnueabi/libc/usr/lib/crtn.o
                                  0x8 (size before relaxing)
                0x0005e0ac                __exidx_end = .

.eh_frame_hdr
 *(.eh_frame_hdr)

.eh_frame       0x0005e0ac        0x4
 *(.eh_frame)
 .eh_frame      0x0005e0ac        0x4 /home/anhduc/CodeSourcery/Sourcery_G++_Lite/bin/../lib/gcc/arm-none-linux-gnueabi/4.3.3/crtend.o

.gcc_except_table
 *(.gcc_except_table .gcc_except_table.*)
                0x0005e0b0                . = (ALIGN (0x8000) - ((0x8000 - .) & 0x7fff))
                0x000660b0                . = (0x8000 DATA_SEGMENT_ALIGN 0x1000)

.eh_frame
 *(.eh_frame)

.gcc_except_table
 *(.gcc_except_table .gcc_except_table.*)

.tdata
 *(.tdata .tdata.* .gnu.linkonce.td.*)

.tbss
 *(.tbss .tbss.* .gnu.linkonce.tb.*)
 *(.tcommon)

.preinit_array  0x000660b0        0x0
                0x000660b0                PROVIDE (__preinit_array_start, .)
 *(.preinit_array)
                0x000660b0                PROVIDE (__preinit_array_end, .)

.init_array     0x000660b0        0x4
                0x000660b0                PROVIDE (__init_array_start, .)
 *(SORT(.init_array.*))
 *(.init_array)
 .init_array    0x000660b0        0x4 /home/anhduc/CodeSourcery/Sourcery_G++_Lite/bin/../lib/gcc/arm-none-linux-gnueabi/4.3.3/crtbegin.o
                0x000660b4                PROVIDE (__init_array_end, .)

.fini_array     0x000660b4        0x4
                0x000660b4                PROVIDE (__fini_array_start, .)
 *(.fini_array)
 .fini_array    0x000660b4        0x4 /home/anhduc/CodeSourcery/Sourcery_G++_Lite/bin/../lib/gcc/arm-none-linux-gnueabi/4.3.3/crtbegin.o
 *(SORT(.fini_array.*))
                0x000660b8                PROVIDE (__fini_array_end, .)

.ctors
 *crtbegin.o(.ctors)
 *crtbegin?.o(.ctors)
 *(EXCLUDE_FILE(*crtend?.o *crtend.o) .ctors)
 *(SORT(.ctors.*))
 *(.ctors)

.dtors
 *crtbegin.o(.dtors)
 *crtbegin?.o(.dtors)
 *(EXCLUDE_FILE(*crtend?.o *crtend.o) .dtors)
 *(SORT(.dtors.*))
 *(.dtors)

.jcr            0x000660b8        0x4
 *(.jcr)
 .jcr           0x000660b8        0x0 /home/anhduc/CodeSourcery/Sourcery_G++_Lite/bin/../lib/gcc/arm-none-linux-gnueabi/4.3.3/crtbegin.o
 .jcr           0x000660b8        0x4 /home/anhduc/CodeSourcery/Sourcery_G++_Lite/bin/../lib/gcc/arm-none-linux-gnueabi/4.3.3/crtend.o

.data.rel.ro
 *(.data.rel.ro.local* .gnu.linkonce.d.rel.ro.local.*)
 *(.data.rel.ro* .gnu.linkonce.d.rel.ro.*)

.dynamic        0x000660bc      0x100
 *(.dynamic)
 .dynamic       0x000660bc      0x100 /home/anhduc/CodeSourcery/Sourcery_G++_Lite/bin/../arm-none-linux-gnueabi/libc/usr/lib/crti.o
                0x000660bc                _DYNAMIC
                0x000661bc                . = (. DATA_SEGMENT_RELRO_END 0x0)

.got            0x000661bc       0xac
 *(.got.plt)
 .got.plt       0x000661bc       0xa8 /home/anhduc/CodeSourcery/Sourcery_G++_Lite/bin/../arm-none-linux-gnueabi/libc/usr/lib/crti.o
                0x000661bc                _GLOBAL_OFFSET_TABLE_
 *(.got)
 .got           0x00066264        0x4 /home/anhduc/CodeSourcery/Sourcery_G++_Lite/bin/../arm-none-linux-gnueabi/libc/usr/lib/crti.o

.data           0x00066268       0x48
                0x00066268                __data_start = .
 *(.data .data.* .gnu.linkonce.d.*)
 .data          0x00066268        0x4 /home/anhduc/CodeSourcery/Sourcery_G++_Lite/bin/../arm-none-linux-gnueabi/libc/usr/lib/crt1.o
                0x00066268                data_start
 .data          0x0006626c        0x0 /home/anhduc/CodeSourcery/Sourcery_G++_Lite/bin/../arm-none-linux-gnueabi/libc/usr/lib/crti.o
 .data          0x0006626c        0x4 /home/anhduc/CodeSourcery/Sourcery_G++_Lite/bin/../lib/gcc/arm-none-linux-gnueabi/4.3.3/crtbegin.o
                0x0006626c                __dso_handle
 .data          0x00066270        0x0 bin/debug/obj/main_host.ov5T
 .data          0x00066270        0x0 bin/debug/obj/App.ov5T
 .data          0x00066270        0x0 /home/anhduc/ti-ezsdk_dm816x-evm_5_05_02_00/component-sources/syslink_2_20_02_20/packages/ti/syslink/lib/syslink.a_debug(Notify.o)
 .data          0x00066270        0x0 /home/anhduc/ti-ezsdk_dm816x-evm_5_05_02_00/component-sources/syslink_2_20_02_20/packages/ti/syslink/lib/syslink.a_debug(Ipc.o)
 .data          0x00066270        0x0 /home/anhduc/ti-ezsdk_dm816x-evm_5_05_02_00/component-sources/syslink_2_20_02_20/packages/ti/syslink/lib/syslink.a_debug(RingIO.o)
 .data          0x00066270        0x0 /home/anhduc/ti-ezsdk_dm816x-evm_5_05_02_00/component-sources/syslink_2_20_02_20/packages/ti/syslink/lib/syslink.a_debug(RingIOShm.o)
 .data          0x00066270        0x4 /home/anhduc/ti-ezsdk_dm816x-evm_5_05_02_00/component-sources/syslink_2_20_02_20/packages/ti/syslink/lib/syslink.a_debug(FrameQ.o)
                0x00066270                FrameQ_module
 .data          0x00066274        0x4 /home/anhduc/ti-ezsdk_dm816x-evm_5_05_02_00/component-sources/syslink_2_20_02_20/packages/ti/syslink/lib/syslink.a_debug(FrameQBufMgr.o)
                0x00066274                FrameQBufMgr_module
 .data          0x00066278        0x4 /home/anhduc/ti-ezsdk_dm816x-evm_5_05_02_00/component-sources/syslink_2_20_02_20/packages/ti/syslink/lib/syslink.a_debug(ClientNotifyMgr.o)
                0x00066278                ClientNotifyMgr_module
 .data          0x0006627c        0x0 /home/anhduc/ti-ezsdk_dm816x-evm_5_05_02_00/component-sources/syslink_2_20_02_20/packages/ti/syslink/lib/syslink.a_debug(HeapMemMP.o)
 .data          0x0006627c        0x4 /home/anhduc/ti-ezsdk_dm816x-evm_5_05_02_00/component-sources/syslink_2_20_02_20/packages/ti/syslink/lib/syslink.a_debug(HeapBufMP.o)
                0x0006627c                HeapBufMP_module
 .data          0x00066280        0x4 /home/anhduc/ti-ezsdk_dm816x-evm_5_05_02_00/component-sources/syslink_2_20_02_20/packages/ti/syslink/lib/syslink.a_debug(GateMP.o)
 .data          0x00066284        0x4 /home/anhduc/ti-ezsdk_dm816x-evm_5_05_02_00/component-sources/syslink_2_20_02_20/packages/ti/syslink/lib/syslink.a_debug(NotifyDrvUsr.o)
 .data          0x00066288        0x0 /home/anhduc/ti-ezsdk_dm816x-evm_5_05_02_00/component-sources/syslink_2_20_02_20/packages/ti/syslink/lib/syslink.a_debug(HeapBufMPDrv.o)
 .data          0x00066288        0x0 /home/anhduc/ti-ezsdk_dm816x-evm_5_05_02_00/component-sources/syslink_2_20_02_20/packages/ti/syslink/lib/syslink.a_debug(IpcDrv.o)
 .data          0x00066288        0x0 /home/anhduc/ti-ezsdk_dm816x-evm_5_05_02_00/component-sources/syslink_2_20_02_20/packages/ti/syslink/lib/syslink.a_debug(FrameQDrv.o)
 .data          0x00066288        0x0 /home/anhduc/ti-ezsdk_dm816x-evm_5_05_02_00/component-sources/syslink_2_20_02_20/packages/ti/syslink/lib/syslink.a_debug(FrameQBufMgrDrv.o)
 .data          0x00066288        0x0 /home/anhduc/ti-ezsdk_dm816x-evm_5_05_02_00/component-sources/syslink_2_20_02_20/packages/ti/syslink/lib/syslink.a_debug(ClientNotifyMgrDrv.o)
 .data          0x00066288        0x0 /home/anhduc/ti-ezsdk_dm816x-evm_5_05_02_00/component-sources/syslink_2_20_02_20/packages/ti/syslink/lib/syslink.a_debug(RingIODrv.o)
 .data          0x00066288        0x0 /home/anhduc/ti-ezsdk_dm816x-evm_5_05_02_00/component-sources/syslink_2_20_02_20/packages/ti/syslink/lib/syslink.a_debug(RingIOShmDrv.o)
 .data          0x00066288        0x0 /home/anhduc/ti-ezsdk_dm816x-evm_5_05_02_00/component-sources/syslink_2_20_02_20/packages/ti/syslink/lib/syslink.a_debug(HeapMemMPDrv.o)
 .data          0x00066288        0x0 /home/anhduc/ti-ezsdk_dm816x-evm_5_05_02_00/component-sources/syslink_2_20_02_20/packages/ti/syslink/lib/syslink.a_debug(GateMPDrv.o)
 .data          0x00066288        0x0 /home/anhduc/ti-ezsdk_dm816x-evm_5_05_02_00/component-sources/syslink_2_20_02_20/packages/ti/syslink/lib/syslink.a_debug(OsalProcess.o)
 .data          0x00066288        0x0 /home/anhduc/ti-ezsdk_dm816x-evm_5_05_02_00/component-sources/syslink_2_20_02_20/packages/ti/syslink/lib/syslink.a_debug(GateMutex.o)
 .data          0x00066288        0x0 /home/anhduc/ti-ezsdk_dm816x-evm_5_05_02_00/component-sources/syslink_2_20_02_20/packages/ti/syslink/lib/syslink.a_debug(Memory.o)
 .data          0x00066288        0x0 /home/anhduc/ti-ezsdk_dm816x-evm_5_05_02_00/component-sources/syslink_2_20_02_20/packages/ti/syslink/lib/syslink.a_debug(List.o)
 .data          0x00066288        0x0 /home/anhduc/ti-ezsdk_dm816x-evm_5_05_02_00/component-sources/syslink_2_20_02_20/packages/ti/syslink/lib/syslink.a_debug(String.o)
 .data          0x00066288        0x0 /home/anhduc/ti-ezsdk_dm816x-evm_5_05_02_00/component-sources/syslink_2_20_02_20/packages/ti/syslink/lib/syslink.a_debug(Trace.o)
 .data          0x00066288        0x4 /home/anhduc/ti-ezsdk_dm816x-evm_5_05_02_00/component-sources/syslink_2_20_02_20/packages/ti/syslink/lib/syslink.a_debug(NameServer.o)
                0x00066288                NameServer_module
 .data          0x0006628c        0x4 /home/anhduc/ti-ezsdk_dm816x-evm_5_05_02_00/component-sources/syslink_2_20_02_20/packages/ti/syslink/lib/syslink.a_debug(MultiProc.o)
                0x0006628c                MultiProc_module
 .data          0x00066290        0xc /home/anhduc/ti-ezsdk_dm816x-evm_5_05_02_00/component-sources/syslink_2_20_02_20/packages/ti/syslink/lib/syslink.a_debug(Gate.o)
                0x00066298                Gate_systemHandle
                0x00066290                Gate_systemObject
 .data          0x0006629c        0x0 /home/anhduc/ti-ezsdk_dm816x-evm_5_05_02_00/component-sources/syslink_2_20_02_20/packages/ti/syslink/lib/syslink.a_debug(SysLink.o)
 .data          0x0006629c        0x0 /home/anhduc/ti-ezsdk_dm816x-evm_5_05_02_00/component-sources/syslink_2_20_02_20/packages/ti/syslink/lib/syslink.a_debug(Cache.o)
 .data          0x0006629c        0x0 /home/anhduc/ti-ezsdk_dm816x-evm_5_05_02_00/component-sources/syslink_2_20_02_20/packages/ti/syslink/lib/syslink.a_debug(NameServerDrv.o)
 .data          0x0006629c        0x0 /home/anhduc/ti-ezsdk_dm816x-evm_5_05_02_00/component-sources/syslink_2_20_02_20/packages/ti/syslink/lib/syslink.a_debug(MultiProcDrv.o)
 .data          0x0006629c        0x0 /home/anhduc/ti-ezsdk_dm816x-evm_5_05_02_00/component-sources/syslink_2_20_02_20/packages/ti/syslink/lib/syslink.a_debug(TraceDrv.o)
 .data          0x0006629c        0x0 /home/anhduc/ti-ezsdk_dm816x-evm_5_05_02_00/component-sources/syslink_2_20_02_20/packages/ti/syslink/lib/syslink.a_debug(CacheDrv.o)
 .data          0x0006629c        0x0 /home/anhduc/ti-ezsdk_dm816x-evm_5_05_02_00/component-sources/syslink_2_20_02_20/packages/ti/syslink/lib/syslink.a_debug(Dev.o)
 .data          0x0006629c        0x0 /home/anhduc/ti-ezsdk_dm816x-evm_5_05_02_00/component-sources/syslink_2_20_02_20/packages/ti/syslink/lib/syslink.a_debug(MemoryOS.o)
 .data          0x0006629c        0x4 /home/anhduc/ti-ezsdk_dm816x-evm_5_05_02_00/component-sources/syslink_2_20_02_20/packages/ti/syslink/lib/syslink.a_debug(OsalDrv.o)
 .data          0x000662a0        0x0 /home/anhduc/ti-ezsdk_dm816x-evm_5_05_02_00/component-sources/syslink_2_20_02_20/packages/ti/syslink/lib/syslink.a_debug(OsalMutex.o)
 .data          0x000662a0        0x0 /home/anhduc/ti-ezsdk_dm816x-evm_5_05_02_00/component-sources/syslink_2_20_02_20/packages/ti/syslink/lib/syslink.a_debug(OsalPrint.o)
 .data          0x000662a0        0x0 /home/anhduc/ti-ezsdk_dm816x-evm_5_05_02_00/component-sources/syslink_2_20_02_20/packages/ti/syslink/lib/syslink.a_debug(OsalSemaphore.o)
 .data          0x000662a0        0x0 /home/anhduc/ti-ezsdk_dm816x-evm_5_05_02_00/component-sources/syslink_2_20_02_20/packages/ti/syslink/lib/syslink.a_debug(ProcMgr.o)
 .data          0x000662a0        0x4 /home/anhduc/ti-ezsdk_dm816x-evm_5_05_02_00/component-sources/syslink_2_20_02_20/packages/ti/syslink/lib/syslink.a_debug(ProcMgrDrvUsr.o)
 .data          0x000662a4        0x0 /home/anhduc/ti-ezsdk_dm816x-evm_5_05_02_00/component-sources/syslink_2_20_02_20/packages/ti/syslink/lib/syslink.a_debug(FrameQ_common.o)
 .data          0x000662a4        0x4 /home/anhduc/ti-ezsdk_dm816x-evm_5_05_02_00/component-sources/syslink_2_20_02_20/packages/ti/syslink/lib/syslink.a_debug(SharedRegion.o)
                0x000662a4                SharedRegion_module
 .data          0x000662a8        0x4 /home/anhduc/ti-ezsdk_dm816x-evm_5_05_02_00/component-sources/syslink_2_20_02_20/packages/ti/syslink/lib/syslink.a_debug(ListMP.o)
                0x000662a8                ListMP_module
 .data          0x000662ac        0x4 /home/anhduc/ti-ezsdk_dm816x-evm_5_05_02_00/component-sources/syslink_2_20_02_20/packages/ti/syslink/lib/syslink.a_debug(MessageQ.o)
                0x000662ac                MessageQ_module
 .data          0x000662b0        0x0 /home/anhduc/ti-ezsdk_dm816x-evm_5_05_02_00/component-sources/syslink_2_20_02_20/packages/ti/syslink/lib/syslink.a_debug(SharedRegionDrv.o)
 .data          0x000662b0        0x0 /home/anhduc/ti-ezsdk_dm816x-evm_5_05_02_00/component-sources/syslink_2_20_02_20/packages/ti/syslink/lib/syslink.a_debug(ListMPDrv.o)
 .data          0x000662b0        0x0 /home/anhduc/ti-ezsdk_dm816x-evm_5_05_02_00/component-sources/syslink_2_20_02_20/packages/ti/syslink/lib/syslink.a_debug(MessageQDrv.o)
 .data          0x000662b0        0x0 /home/anhduc/CodeSourcery/Sourcery_G++_Lite/bin/../arm-none-linux-gnueabi/libc/usr/lib/libc_nonshared.a(elf-init.oS)
 .data          0x000662b0        0x0 /home/anhduc/CodeSourcery/Sourcery_G++_Lite/bin/../lib/gcc/arm-none-linux-gnueabi/4.3.3/libgcc.a(_udivsi3.o)
 .data          0x000662b0        0x0 /home/anhduc/CodeSourcery/Sourcery_G++_Lite/bin/../lib/gcc/arm-none-linux-gnueabi/4.3.3/libgcc.a(_dvmd_lnx.o)
 .data          0x000662b0        0x0 /home/anhduc/CodeSourcery/Sourcery_G++_Lite/bin/../lib/gcc/arm-none-linux-gnueabi/4.3.3/crtend.o
 .data          0x000662b0        0x0 /home/anhduc/CodeSourcery/Sourcery_G++_Lite/bin/../arm-none-linux-gnueabi/libc/usr/lib/crtn.o

.data1
 *(.data1)
                0x000662b0                _edata = .
                0x000662b0                PROVIDE (edata, .)
                0x000662b0                __bss_start = .
                0x000662b0                __bss_start__ = .

.bss            0x000662b0    0x2d5fc
 *(.dynbss)
 *fill*         0x000662b0        0x0 00
 .dynbss        0x000662b0        0x4 /home/anhduc/CodeSourcery/Sourcery_G++_Lite/bin/../arm-none-linux-gnueabi/libc/usr/lib/crti.o
                0x000662b0                stderr@@GLIBC_2.4
 *(.bss .bss.* .gnu.linkonce.b.*)
 .bss           0x000662b4        0x0 /home/anhduc/CodeSourcery/Sourcery_G++_Lite/bin/../arm-none-linux-gnueabi/libc/usr/lib/crt1.o
 .bss           0x000662b4        0x0 /home/anhduc/CodeSourcery/Sourcery_G++_Lite/bin/../arm-none-linux-gnueabi/libc/usr/lib/crti.o
 .bss           0x000662b4        0x1 /home/anhduc/CodeSourcery/Sourcery_G++_Lite/bin/../lib/gcc/arm-none-linux-gnueabi/4.3.3/crtbegin.o
 *fill*         0x000662b5        0x3 00
 .bss           0x000662b8        0x4 bin/debug/obj/main_host.ov5T
 .bss           0x000662bc        0x4 bin/debug/obj/App.ov5T
 .bss           0x000662c0       0x14 /home/anhduc/ti-ezsdk_dm816x-evm_5_05_02_00/component-sources/syslink_2_20_02_20/packages/ti/syslink/lib/syslink.a_debug(Notify.o)
                0x000662c0                Notify_state
 .bss           0x000662d4       0x5c /home/anhduc/ti-ezsdk_dm816x-evm_5_05_02_00/component-sources/syslink_2_20_02_20/packages/ti/syslink/lib/syslink.a_debug(Ipc.o)
                0x00066324                SysLinkCfg_sysMemMap
                0x000662d4                Ipc_state
                0x0006632c                SysLink_params
 .bss           0x00066330        0xc /home/anhduc/ti-ezsdk_dm816x-evm_5_05_02_00/component-sources/syslink_2_20_02_20/packages/ti/syslink/lib/syslink.a_debug(RingIO.o)
                0x00066330                RingIO_state
 .bss           0x0006633c        0x8 /home/anhduc/ti-ezsdk_dm816x-evm_5_05_02_00/component-sources/syslink_2_20_02_20/packages/ti/syslink/lib/syslink.a_debug(RingIOShm.o)
                0x0006633c                RingIOShm_state
 .bss           0x00066344       0x20 /home/anhduc/ti-ezsdk_dm816x-evm_5_05_02_00/component-sources/syslink_2_20_02_20/packages/ti/syslink/lib/syslink.a_debug(FrameQ.o)
                0x00066344                FrameQ_module_obj
 .bss           0x00066364       0x20 /home/anhduc/ti-ezsdk_dm816x-evm_5_05_02_00/component-sources/syslink_2_20_02_20/packages/ti/syslink/lib/syslink.a_debug(FrameQBufMgr.o)
                0x00066364                FrameQBufMgr_module_obj
 .bss           0x00066384    0x2d024 /home/anhduc/ti-ezsdk_dm816x-evm_5_05_02_00/component-sources/syslink_2_20_02_20/packages/ti/syslink/lib/syslink.a_debug(ClientNotifyMgr.o)
                0x00066384                ClientNotifyMgr_module_obj
 .bss           0x000933a8        0x4 /home/anhduc/ti-ezsdk_dm816x-evm_5_05_02_00/component-sources/syslink_2_20_02_20/packages/ti/syslink/lib/syslink.a_debug(HeapMemMP.o)
                0x000933a8                HeapMemMP_state
 .bss           0x000933ac        0x4 /home/anhduc/ti-ezsdk_dm816x-evm_5_05_02_00/component-sources/syslink_2_20_02_20/packages/ti/syslink/lib/syslink.a_debug(HeapBufMP.o)
                0x000933ac                HeapBufMP_state
 .bss           0x000933b0       0x1c /home/anhduc/ti-ezsdk_dm816x-evm_5_05_02_00/component-sources/syslink_2_20_02_20/packages/ti/syslink/lib/syslink.a_debug(GateMP.o)
 .bss           0x000933cc        0xc /home/anhduc/ti-ezsdk_dm816x-evm_5_05_02_00/component-sources/syslink_2_20_02_20/packages/ti/syslink/lib/syslink.a_debug(NotifyDrvUsr.o)
 .bss           0x000933d8        0x8 /home/anhduc/ti-ezsdk_dm816x-evm_5_05_02_00/component-sources/syslink_2_20_02_20/packages/ti/syslink/lib/syslink.a_debug(HeapBufMPDrv.o)
 .bss           0x000933e0        0x8 /home/anhduc/ti-ezsdk_dm816x-evm_5_05_02_00/component-sources/syslink_2_20_02_20/packages/ti/syslink/lib/syslink.a_debug(IpcDrv.o)
 .bss           0x000933e8        0x8 /home/anhduc/ti-ezsdk_dm816x-evm_5_05_02_00/component-sources/syslink_2_20_02_20/packages/ti/syslink/lib/syslink.a_debug(FrameQDrv.o)